---
source: xc3_shader/src/database.rs
---
var6 = MonochromeX(Texture(s0, vTex0.x, vTex0.y).x, Texture(s0, vTex0.x, vTex0.y).y, Texture(s0, vTex0.x, vTex0.y).z, U_Mate.gWrkFl4[1].z);
o0.x = var6;

var7 = MonochromeY(Texture(s0, vTex0.x, vTex0.y).x, Texture(s0, vTex0.x, vTex0.y).y, Texture(s0, vTex0.x, vTex0.y).z, U_Mate.gWrkFl4[1].z);
o0.y = var7;

var8 = MonochromeZ(Texture(s0, vTex0.x, vTex0.y).x, Texture(s0, vTex0.x, vTex0.y).y, Texture(s0, vTex0.x, vTex0.y).z, U_Mate.gWrkFl4[1].z);
o0.z = var8;

var11 = Mul(Texture(s3, vTex0.x, vTex0.y).x, U_Mate.gWrkFl4[0].x);
o0.w = var11;

o1.x = Texture(s2, vTex0.x, vTex0.y).y;

o1.y = Texture(s2, vTex0.x, vTex0.y).x;

o1.z = U_Mate.gWrkFl4[0].y;

o1.w = 0.008235293;

o2.x = Texture(s1, vTex0.x, vTex0.y).x;

o2.y = Texture(s1, vTex0.x, vTex0.y).y;

o2.z = 1.0;

var22 = Div(1.0, vPos.w);
var23 = Div(vPos.x, vPos.w);
var24 = Negate(var23);
var25 = Fma(vPos.x, var22, var24);
var27 = Mul(var25, 0.5);
var28 = Abs(var27);
var30 = Div(vPos.y, vPos.w);
var31 = Negate(var30);
var32 = Fma(vPos.y, var22, var31);
var33 = Mul(var32, 0.5);
var34 = Abs(var33);
var35 = Max(var28, var34);
var36 = Max(var35, 1.0);
var37 = Div(var27, var36);
var38 = Abs(var37);
var39 = InverseSqrt(var38);
var40 = Div(1.0, var39);
o3.x = var40;

var22 = Div(1.0, vPos.w);
var30 = Div(vPos.y, vPos.w);
var31 = Negate(var30);
var32 = Fma(vPos.y, var22, var31);
var33 = Mul(var32, 0.5);
var23 = Div(vPos.x, vPos.w);
var24 = Negate(var23);
var25 = Fma(vPos.x, var22, var24);
var27 = Mul(var25, 0.5);
var28 = Abs(var27);
var34 = Abs(var33);
var35 = Max(var28, var34);
var36 = Max(var35, 1.0);
var41 = Div(var33, var36);
var42 = Abs(var41);
var43 = InverseSqrt(var42);
var44 = Div(1.0, var43);
o3.y = var44;

o3.z = 0.0;

var22 = Div(1.0, vPos.w);
var23 = Div(vPos.x, vPos.w);
var24 = Negate(var23);
var25 = Fma(vPos.x, var22, var24);
var27 = Mul(var25, 0.5);
var28 = Abs(var27);
var30 = Div(vPos.y, vPos.w);
var31 = Negate(var30);
var32 = Fma(vPos.y, var22, var31);
var33 = Mul(var32, 0.5);
var34 = Abs(var33);
var35 = Max(var28, var34);
var36 = Max(var35, 1.0);
var37 = Div(var27, var36);
var46 = GreaterEqual(var37, 0.0);
var47 = Not(var46);
var48 = Select(var47, 0.0, 1.0);
var41 = Div(var33, var36);
var50 = GreaterEqual(var41, 0.0);
var51 = Not(var50);
var52 = Select(var51, 0.0, 1.0);
var54 = Mul(var52, 0.6666667);
var55 = Fma(var48, 0.33333334, var54);
var57 = Add(var55, 0.01);
o3.w = var57;

var60 = Mul(vPos.z, 8.0);
var61 = Floor(var60);
var62 = Sub(var60, var61);
o4.x = var62;

var60 = Mul(vPos.z, 8.0);
var61 = Floor(var60);
var64 = Mul(var61, 0.003921569);
var65 = Floor(var64);
var66 = Sub(var64, var65);
o4.y = var66;

var60 = Mul(vPos.z, 8.0);
var61 = Floor(var60);
var64 = Mul(var61, 0.003921569);
var65 = Floor(var64);
var67 = Mul(var65, 0.003921569);
o4.z = var67;

o4.w = 0.0;

normal_intensity = vNormal.w;

var69 = Mul(vPos.x, U_Mdl.gMdlParm.y);
var71 = Mul(var69, U_VolTexCalc.gVolTexCalcWork[0].x);
var72 = Mul(vPos.y, U_Mdl.gMdlParm.y);
var74 = Mul(var72, U_VolTexCalc.gVolTexCalcWork[0].y);
var75 = Mul(vPos.z, U_Mdl.gMdlParm.y);
var77 = Mul(var75, U_VolTexCalc.gVolTexCalcWork[0].z);
var80 = Sub(var69, U_VolTexCalc.gVolTexCalcWork[1].x);
var81 = Mul(var80, var80);
var83 = Sub(var72, U_VolTexCalc.gVolTexCalcWork[1].y);
var84 = Mix(var81, var72, var83);
var86 = Sub(var75, U_VolTexCalc.gVolTexCalcWork[1].z);
var87 = Mix(var84, var75, var86);
var88 = Sqrt(var87);
var90 = Min(var88, U_VolTexCalc.gVolTexCalcWork[4].z);
var91 = Div(var90, U_VolTexCalc.gVolTexCalcWork[4].z);
var93 = Negate(U_VolTexCalc.gVolTexCalcWork[4].w);
var95 = Add(U_VolTexCalc.gVolTexCalcWork[4].w, U_VolTexCalc.gVolTexCalcWork[1].w);
var97 = Fma(var95, U_VolTexCalc.gVolTexCalcWork[0].w, U_VolTexCalc.gVolTexCalcWork[0].w);
var98 = Fma(var91, var93, var97);
var99 = Sub(var98, U_VolTexCalc.gVolTexCalcWork[1].w);
var100 = Less(Texture(volTex0, var71, var74, var77).x, var99);
discard = var100;

var2 = Monochrome(Texture(s0, vTex0.x, vTex0.y).xyz, U_Mate.gWrkFl4[1].zzz).xyz;
o0.xyz = var2;
