---
source: xc3_shader/src/database.rs
---
var0 = vTex0.x;
var1 = vTex0.y;
var2 = Texture(s0, var0, var1).x;
var3 = U_Mate.gWrkFl4[0].z;
var4 = Mul(var0, var3);
var5 = U_Mate.gWrkFl4[0].w;
var6 = Mul(var1, var5);
var7 = Texture(s0, var4, var6).x;
var8 = U_Mate.gWrkFl4[2].x;
var9 = Mix(var2, var7, var8);
var10 = Mul(var9, var9);
var11 = Mul(var9, var10);
var12 = Mul(var9, var11);
var13 = 0.0;
var14 = 1.0;
var15 = Clamp(var12, var13, var14);
var16 = 2.0;
var17 = Mul(var9, var16);
var18 = U_Mate.gWrkCol.x;
var19 = Mul(var17, var18);
var20 = Negate(var19);
var21 = Fma(var15, var20, var19);
var22 = -2.0;
var23 = Fma(var9, var22, var16);
var24 = Negate(var18);
var25 = Fma(var23, var24, var23);
var26 = Negate(var25);
var27 = Fma(var15, var26, var15);
var28 = Add(var21, var27);
var29 = U_Mate.gWrkFl4[2].y;
var30 = Mix(var9, var28, var29);
var31 = U_Mate.gWrkFl4[1].x;
var32 = Mul(var0, var31);
var33 = U_Mate.gWrkFl4[1].y;
var34 = Mul(var1, var33);
var35 = Texture(s1, var32, var34).x;
var36 = Texture(s2, var0, var1).x;
var37 = Mix(var30, var35, var36);
var38 = Texture(s3, var0, var1).x;
var39 = Max(var37, var38);
var40 = Mix(var37, var39, var36);
var41 = vColor.x;
var42 = Mul(var40, var41);
o0.x = var42;

var0 = vTex0.x;
var1 = vTex0.y;
var43 = Texture(s0, var0, var1).y;
var3 = U_Mate.gWrkFl4[0].z;
var4 = Mul(var0, var3);
var5 = U_Mate.gWrkFl4[0].w;
var6 = Mul(var1, var5);
var44 = Texture(s0, var4, var6).y;
var8 = U_Mate.gWrkFl4[2].x;
var45 = Mix(var43, var44, var8);
var46 = Mul(var45, var45);
var47 = Mul(var45, var46);
var48 = Mul(var45, var47);
var13 = 0.0;
var14 = 1.0;
var49 = Clamp(var48, var13, var14);
var16 = 2.0;
var50 = Mul(var45, var16);
var51 = U_Mate.gWrkCol.y;
var52 = Mul(var50, var51);
var53 = Negate(var52);
var54 = Fma(var49, var53, var52);
var22 = -2.0;
var55 = Fma(var45, var22, var16);
var56 = Negate(var51);
var57 = Fma(var55, var56, var55);
var58 = Negate(var57);
var59 = Fma(var49, var58, var49);
var60 = Add(var54, var59);
var29 = U_Mate.gWrkFl4[2].y;
var61 = Mix(var45, var60, var29);
var31 = U_Mate.gWrkFl4[1].x;
var32 = Mul(var0, var31);
var33 = U_Mate.gWrkFl4[1].y;
var34 = Mul(var1, var33);
var62 = Texture(s1, var32, var34).y;
var36 = Texture(s2, var0, var1).x;
var63 = Mix(var61, var62, var36);
var64 = Texture(s3, var0, var1).y;
var65 = Max(var63, var64);
var66 = Mix(var63, var65, var36);
var67 = vColor.y;
var68 = Mul(var66, var67);
o0.y = var68;

var0 = vTex0.x;
var1 = vTex0.y;
var69 = Texture(s0, var0, var1).z;
var3 = U_Mate.gWrkFl4[0].z;
var4 = Mul(var0, var3);
var5 = U_Mate.gWrkFl4[0].w;
var6 = Mul(var1, var5);
var70 = Texture(s0, var4, var6).z;
var8 = U_Mate.gWrkFl4[2].x;
var71 = Mix(var69, var70, var8);
var72 = Mul(var71, var71);
var73 = Mul(var71, var72);
var74 = Mul(var71, var73);
var13 = 0.0;
var14 = 1.0;
var75 = Clamp(var74, var13, var14);
var16 = 2.0;
var76 = Mul(var71, var16);
var77 = U_Mate.gWrkCol.z;
var78 = Mul(var76, var77);
var79 = Negate(var78);
var80 = Fma(var75, var79, var78);
var22 = -2.0;
var81 = Fma(var71, var22, var16);
var82 = Negate(var77);
var83 = Fma(var81, var82, var81);
var84 = Negate(var83);
var85 = Fma(var75, var84, var75);
var86 = Add(var80, var85);
var29 = U_Mate.gWrkFl4[2].y;
var87 = Mix(var71, var86, var29);
var31 = U_Mate.gWrkFl4[1].x;
var32 = Mul(var0, var31);
var33 = U_Mate.gWrkFl4[1].y;
var34 = Mul(var1, var33);
var88 = Texture(s1, var32, var34).z;
var36 = Texture(s2, var0, var1).x;
var89 = Mix(var87, var88, var36);
var90 = Texture(s3, var0, var1).z;
var91 = Max(var89, var90);
var92 = Mix(var89, var91, var36);
var93 = vColor.z;
var94 = Mul(var92, var93);
o0.z = var94;

var13 = 0.0;
o0.w = var13;

var95 = U_Mate.gWrkFl4[3].y;
o1.x = var95;

var0 = vTex0.x;
var1 = vTex0.y;
var96 = Texture(s8, var0, var1).x;
var97 = U_Mate.gWrkFl4[0].x;
var36 = Texture(s2, var0, var1).x;
var98 = MulRatio(var96, var97, var36);
o1.y = var98;

var13 = 0.0;
o1.z = var13;

var99 = 0.0043137255;
o1.w = var99;

var0 = vTex0.x;
var1 = vTex0.y;
var100 = Texture(s4, var0, var1).x;
var101 = Texture(s4, var0, var1).y;
var3 = U_Mate.gWrkFl4[0].z;
var4 = Mul(var0, var3);
var5 = U_Mate.gWrkFl4[0].w;
var6 = Mul(var1, var5);
var102 = Texture(s4, var4, var6).x;
var103 = Texture(s4, var4, var6).y;
var104 = U_Mate.gWrkFl4[2].z;
var105 = AddNormalX(var100, var101, var102, var103, var104);
var106 = AddNormalY(var100, var101, var102, var103, var104);
var107 = U_Mate.gWrkFl4[1].z;
var108 = Mul(var0, var107);
var109 = U_Mate.gWrkFl4[1].w;
var110 = Mul(var1, var109);
var111 = Texture(s5, var108, var110).x;
var112 = Texture(s5, var108, var110).y;
var113 = U_Mate.gWrkFl4[2].w;
var114 = AddNormalX(var105, var106, var111, var112, var113);
var115 = AddNormalY(var105, var106, var111, var112, var113);
var116 = Texture(s6, var0, var1).x;
var117 = Texture(s6, var0, var1).y;
var118 = U_Mate.gWrkFl4[3].x;
var119 = AddNormalX(var114, var115, var116, var117, var118);
var120 = AddNormalY(var114, var115, var116, var117, var118);
var31 = U_Mate.gWrkFl4[1].x;
var32 = Mul(var0, var31);
var33 = U_Mate.gWrkFl4[1].y;
var34 = Mul(var1, var33);
var121 = Texture(s7, var32, var34).x;
var122 = Texture(s7, var32, var34).y;
var36 = Texture(s2, var0, var1).x;
var123 = AddNormalX(var119, var120, var121, var122, var36);
o2.x = var123;

var0 = vTex0.x;
var1 = vTex0.y;
var100 = Texture(s4, var0, var1).x;
var101 = Texture(s4, var0, var1).y;
var3 = U_Mate.gWrkFl4[0].z;
var4 = Mul(var0, var3);
var5 = U_Mate.gWrkFl4[0].w;
var6 = Mul(var1, var5);
var102 = Texture(s4, var4, var6).x;
var103 = Texture(s4, var4, var6).y;
var104 = U_Mate.gWrkFl4[2].z;
var105 = AddNormalX(var100, var101, var102, var103, var104);
var106 = AddNormalY(var100, var101, var102, var103, var104);
var107 = U_Mate.gWrkFl4[1].z;
var108 = Mul(var0, var107);
var109 = U_Mate.gWrkFl4[1].w;
var110 = Mul(var1, var109);
var111 = Texture(s5, var108, var110).x;
var112 = Texture(s5, var108, var110).y;
var113 = U_Mate.gWrkFl4[2].w;
var114 = AddNormalX(var105, var106, var111, var112, var113);
var115 = AddNormalY(var105, var106, var111, var112, var113);
var116 = Texture(s6, var0, var1).x;
var117 = Texture(s6, var0, var1).y;
var118 = U_Mate.gWrkFl4[3].x;
var119 = AddNormalX(var114, var115, var116, var117, var118);
var120 = AddNormalY(var114, var115, var116, var117, var118);
var31 = U_Mate.gWrkFl4[1].x;
var32 = Mul(var0, var31);
var33 = U_Mate.gWrkFl4[1].y;
var34 = Mul(var1, var33);
var121 = Texture(s7, var32, var34).x;
var122 = Texture(s7, var32, var34).y;
var36 = Texture(s2, var0, var1).x;
var124 = AddNormalY(var119, var120, var121, var122, var36);
o2.y = var124;

var93 = vColor.z;
var41 = vColor.x;
var67 = vColor.y;
var125 = Max(var41, var67);
var126 = Max(var93, var125);
var0 = vTex0.x;
var1 = vTex0.y;
var127 = Texture(s8, var0, var1).y;
var107 = U_Mate.gWrkFl4[1].z;
var108 = Mul(var0, var107);
var109 = U_Mate.gWrkFl4[1].w;
var110 = Mul(var1, var109);
var128 = Texture(s9, var108, var110).x;
var129 = Mul(var127, var128);
var130 = Mul(var126, var129);
o2.z = var130;

var14 = 1.0;
var131 = vPos.x;
var132 = vPos.w;
var133 = Div(var14, var132);
var134 = Div(var131, var132);
var135 = Negate(var134);
var136 = Fma(var131, var133, var135);
var137 = 0.5;
var138 = Mul(var136, var137);
var139 = Abs(var138);
var140 = vPos.y;
var141 = Div(var140, var132);
var142 = Negate(var141);
var143 = Fma(var140, var133, var142);
var144 = Mul(var143, var137);
var145 = Abs(var144);
var146 = Max(var139, var145);
var147 = Max(var146, var14);
var148 = Div(var138, var147);
var149 = Abs(var148);
var150 = InverseSqrt(var149);
var151 = Div(var14, var150);
o3.x = var151;

var14 = 1.0;
var140 = vPos.y;
var132 = vPos.w;
var133 = Div(var14, var132);
var141 = Div(var140, var132);
var142 = Negate(var141);
var143 = Fma(var140, var133, var142);
var137 = 0.5;
var144 = Mul(var143, var137);
var131 = vPos.x;
var134 = Div(var131, var132);
var135 = Negate(var134);
var136 = Fma(var131, var133, var135);
var138 = Mul(var136, var137);
var139 = Abs(var138);
var145 = Abs(var144);
var146 = Max(var139, var145);
var147 = Max(var146, var14);
var152 = Div(var144, var147);
var153 = Abs(var152);
var154 = InverseSqrt(var153);
var155 = Div(var14, var154);
o3.y = var155;

var13 = 0.0;
o3.z = var13;

var131 = vPos.x;
var14 = 1.0;
var132 = vPos.w;
var133 = Div(var14, var132);
var134 = Div(var131, var132);
var135 = Negate(var134);
var136 = Fma(var131, var133, var135);
var137 = 0.5;
var138 = Mul(var136, var137);
var139 = Abs(var138);
var140 = vPos.y;
var141 = Div(var140, var132);
var142 = Negate(var141);
var143 = Fma(var140, var133, var142);
var144 = Mul(var143, var137);
var145 = Abs(var144);
var146 = Max(var139, var145);
var147 = Max(var146, var14);
var148 = Div(var138, var147);
var13 = 0.0;
var156 = GreaterEqual(var148, var13);
var157 = Select(var156, var14, var13);
var158 = 0.33333334;
var152 = Div(var144, var147);
var159 = GreaterEqual(var152, var13);
var160 = Select(var159, var14, var13);
var161 = 0.6666667;
var162 = Mul(var160, var161);
var163 = Fma(var157, var158, var162);
var164 = 0.01;
var165 = Add(var163, var164);
o3.w = var165;

var166 = vPos.z;
var167 = 8.0;
var168 = Mul(var166, var167);
var169 = Floor(var168);
var170 = Sub(var168, var169);
o4.x = var170;

var166 = vPos.z;
var167 = 8.0;
var168 = Mul(var166, var167);
var169 = Floor(var168);
var171 = 0.003921569;
var172 = Mul(var169, var171);
var173 = Floor(var172);
var174 = Sub(var172, var173);
o4.y = var174;

var166 = vPos.z;
var167 = 8.0;
var168 = Mul(var166, var167);
var169 = Floor(var168);
var171 = 0.003921569;
var172 = Mul(var169, var171);
var173 = Floor(var172);
var175 = Mul(var173, var171);
o4.z = var175;

var13 = 0.0;
o4.w = var13;

var0 = vTex0.x;
var1 = vTex0.y;
var0 = Texture(s0, var0, var1).xyz;
var3 = U_Mate.gWrkFl4[0].z;
var4 = Mul(var0, var3);
var5 = U_Mate.gWrkFl4[0].w;
var6 = Mul(var1, var5);
var1 = Texture(s0, var4, var6).xyz;
var2 = U_Mate.gWrkFl4[2].xxx;
var3 = Mix(var0, var1, var2);
var4 = Mul(var3, var3);
var5 = Mul(var3, var4);
var6 = Mul(var3, var5);
var7 = [0.0, 0.0, 0.0];
var8 = [1.0, 1.0, 1.0];
var9 = Clamp(var6, var7, var8);
var10 = [2.0, 2.0, 2.0];
var11 = Mul(var3, var10);
var12 = U_Mate.gWrkCol.xyz;
var13 = Mul(var11, var12);
var14 = Negate(var13);
var15 = Fma(var9, var14, var13);
var16 = [-2.0, -2.0, -2.0];
var17 = Fma(var3, var16, var10);
var18 = Negate(var12);
var19 = Fma(var17, var18, var17);
var20 = Negate(var19);
var21 = Fma(var9, var20, var9);
var22 = Add(var15, var21);
var23 = U_Mate.gWrkFl4[2].yyy;
var24 = Mix(var3, var22, var23);
var31 = U_Mate.gWrkFl4[1].x;
var32 = Mul(var0, var31);
var33 = U_Mate.gWrkFl4[1].y;
var34 = Mul(var1, var33);
var25 = Texture(s1, var32, var34).xyz;
var26 = Texture(s2, var0, var1).xxx;
var27 = Mix(var24, var25, var26);
var28 = Texture(s3, var0, var1).xyz;
var29 = Max(var27, var28);
var30 = Mix(var27, var29, var26);
var31 = vColor.xyz;
var32 = Mul(var30, var31);
o0.xyz = var32;
