---
source: xc3_shader/src/database.rs
---
var4 = Mul(vColor.x, Texture(s0, vTex0.x, vTex0.y).x);
o0.x = var4;

var7 = Mul(vColor.y, Texture(s0, vTex0.x, vTex0.y).y);
o0.y = var7;

var10 = Mul(vColor.z, Texture(s0, vTex0.x, vTex0.y).z);
o0.z = var10;

var12 = IntBitsToFloat(0);
o0.w = var12;

var16 = Mix(Texture(s2, vTex0.x, vTex0.y).y, U_Mate.gWrkFl4[0].y, U_Mate.gWrkFl4[1].y);
o1.x = var16;

var20 = Mix(Texture(s2, vTex0.x, vTex0.y).x, U_Mate.gWrkFl4[0].x, U_Mate.gWrkFl4[1].x);
o1.y = var20;

o1.z = 0.0;

o1.w = 0.0043137255;

o2.x = Texture(s1, vTex0.x, vTex0.y).x;

o2.y = Texture(s1, vTex0.x, vTex0.y).y;

var28 = Mix(Texture(s2, vTex0.x, vTex0.y).z, U_Mate.gWrkFl4[0].z, U_Mate.gWrkFl4[1].z);
var29 = Max(vColor.x, vColor.y);
var30 = Max(vColor.z, var29);
var31 = Mul(var28, var30);
o2.z = var31;

var35 = Div(1.0, vPos.w);
var36 = Div(vPos.x, vPos.w);
var37 = Negate(var36);
var38 = Fma(vPos.x, var35, var37);
var40 = Mul(var38, 0.5);
var41 = Abs(var40);
var43 = Div(vPos.y, vPos.w);
var44 = Negate(var43);
var45 = Fma(vPos.y, var35, var44);
var46 = Mul(var45, 0.5);
var47 = Abs(var46);
var48 = Max(var41, var47);
var49 = Max(var48, 1.0);
var50 = Div(var40, var49);
var51 = Abs(var50);
var52 = InverseSqrt(var51);
var53 = Div(1.0, var52);
o3.x = var53;

var35 = Div(1.0, vPos.w);
var43 = Div(vPos.y, vPos.w);
var44 = Negate(var43);
var45 = Fma(vPos.y, var35, var44);
var46 = Mul(var45, 0.5);
var36 = Div(vPos.x, vPos.w);
var37 = Negate(var36);
var38 = Fma(vPos.x, var35, var37);
var40 = Mul(var38, 0.5);
var41 = Abs(var40);
var47 = Abs(var46);
var48 = Max(var41, var47);
var49 = Max(var48, 1.0);
var54 = Div(var46, var49);
var55 = Abs(var54);
var56 = InverseSqrt(var55);
var57 = Div(1.0, var56);
o3.y = var57;

o3.z = 0.0;

var35 = Div(1.0, vPos.w);
var36 = Div(vPos.x, vPos.w);
var37 = Negate(var36);
var38 = Fma(vPos.x, var35, var37);
var40 = Mul(var38, 0.5);
var41 = Abs(var40);
var43 = Div(vPos.y, vPos.w);
var44 = Negate(var43);
var45 = Fma(vPos.y, var35, var44);
var46 = Mul(var45, 0.5);
var47 = Abs(var46);
var48 = Max(var41, var47);
var49 = Max(var48, 1.0);
var50 = Div(var40, var49);
var58 = GreaterEqual(var50, 0.0);
var59 = Not(var58);
var60 = Select(var59, 0.0, 1.0);
var54 = Div(var46, var49);
var62 = GreaterEqual(var54, 0.0);
var63 = Not(var62);
var64 = Select(var63, 0.0, 1.0);
var66 = Mul(var64, 0.6666667);
var67 = Fma(var60, 0.33333334, var66);
var69 = Add(var67, 0.01);
o3.w = var69;

var72 = Mul(vPos.z, 8.0);
var73 = Floor(var72);
var74 = Sub(var72, var73);
o4.x = var74;

var72 = Mul(vPos.z, 8.0);
var73 = Floor(var72);
var76 = Mul(var73, 0.003921569);
var77 = Floor(var76);
var78 = Sub(var76, var77);
o4.y = var78;

var72 = Mul(vPos.z, 8.0);
var73 = Floor(var72);
var76 = Mul(var73, 0.003921569);
var77 = Floor(var76);
var79 = Mul(var77, 0.003921569);
o4.z = var79;

o4.w = 0.0;

var81 = Mul(vPos.x, U_Mdl.gMdlParm.y);
var83 = Mul(var81, U_VolTexCalc.gVolTexCalcWork[0].x);
var84 = Mul(vPos.y, U_Mdl.gMdlParm.y);
var86 = Mul(var84, U_VolTexCalc.gVolTexCalcWork[0].y);
var87 = Mul(vPos.z, U_Mdl.gMdlParm.y);
var89 = Mul(var87, U_VolTexCalc.gVolTexCalcWork[0].z);
var92 = Sub(var81, U_VolTexCalc.gVolTexCalcWork[1].x);
var93 = Mul(var92, var92);
var95 = Sub(var84, U_VolTexCalc.gVolTexCalcWork[1].y);
var96 = Mix(var93, var84, var95);
var98 = Sub(var87, U_VolTexCalc.gVolTexCalcWork[1].z);
var99 = Mix(var96, var87, var98);
var100 = Sqrt(var99);
var102 = Min(var100, U_VolTexCalc.gVolTexCalcWork[4].z);
var103 = Div(var102, U_VolTexCalc.gVolTexCalcWork[4].z);
var105 = Negate(U_VolTexCalc.gVolTexCalcWork[4].w);
var107 = Add(U_VolTexCalc.gVolTexCalcWork[4].w, U_VolTexCalc.gVolTexCalcWork[1].w);
var109 = Fma(var107, U_VolTexCalc.gVolTexCalcWork[0].w, U_VolTexCalc.gVolTexCalcWork[0].w);
var110 = Fma(var103, var105, var109);
var111 = Sub(var110, U_VolTexCalc.gVolTexCalcWork[1].w);
var112 = Less(Texture(volTex0, var83, var86, var89).x, var111);
discard = var112;

var2 = Mul(vColor.xyz, Texture(s0, vTex0.x, vTex0.y).xyz);
o0.xyz = var2;
