---
source: xc3_shader/src/database.rs
---
var0 = vColor.x;
var1 = vTex0.x;
var2 = vTex0.y;
var3 = Texture(s0, var1, var2).x;
var4 = Texture(s1, var1, var2).x;
var5 = U_Mate.gWrkFl4[1].z;
var6 = Mix(var3, var4, var5);
var7 = Mul(var0, var6);
o0.x = var7;

var8 = vColor.y;
var1 = vTex0.x;
var2 = vTex0.y;
var9 = Texture(s0, var1, var2).y;
var10 = Texture(s1, var1, var2).y;
var5 = U_Mate.gWrkFl4[1].z;
var11 = Mix(var9, var10, var5);
var12 = Mul(var8, var11);
o0.y = var12;

var13 = vColor.z;
var1 = vTex0.x;
var2 = vTex0.y;
var14 = Texture(s0, var1, var2).z;
var15 = Texture(s1, var1, var2).z;
var5 = U_Mate.gWrkFl4[1].z;
var16 = Mix(var14, var15, var5);
var17 = Mul(var13, var16);
o0.z = var17;

var18 = 0;
var19 = IntBitsToFloat(var18);
o0.w = var19;

var1 = vTex0.x;
var2 = vTex0.y;
var20 = Texture(s7, var1, var2).z;
var21 = U_Mate.gWrkFl4[2].x;
var22 = Mul(var20, var21);
o1.x = var22;

var23 = U_Mate.gWrkFl4[0].x;
var1 = vTex0.x;
var2 = vTex0.y;
var24 = Texture(s7, var1, var2).x;
var25 = U_Mate.gWrkFl4[1].w;
var26 = Mix(var23, var24, var25);
o1.y = var26;

var27 = U_Mate.gWrkFl4[2].y;
o1.z = var27;

var28 = 0.07098039;
o1.w = var28;

var1 = vTex0.x;
var2 = vTex0.y;
var29 = Texture(s2, var1, var2).x;
var30 = Texture(s2, var1, var2).y;
var31 = U_Mate.gWrkFl4[0].z;
var32 = Mul(var1, var31);
var33 = U_Mate.gWrkFl4[0].w;
var34 = Mul(var2, var33);
var35 = Texture(s3, var32, var34).x;
var36 = Texture(s3, var32, var34).y;
var37 = Texture(s4, var1, var2).x;
var38 = AddNormalX(var29, var30, var35, var36, var37);
var39 = AddNormalY(var29, var30, var35, var36, var37);
var40 = U_Mate.gWrkFl4[1].x;
var41 = Mul(var1, var40);
var42 = U_Mate.gWrkFl4[1].y;
var43 = Mul(var2, var42);
var44 = Texture(s5, var41, var43).x;
var45 = Texture(s5, var41, var43).y;
var46 = Texture(s6, var1, var2).x;
var47 = AddNormalX(var38, var39, var44, var45, var46);
o2.x = var47;

var1 = vTex0.x;
var2 = vTex0.y;
var29 = Texture(s2, var1, var2).x;
var30 = Texture(s2, var1, var2).y;
var31 = U_Mate.gWrkFl4[0].z;
var32 = Mul(var1, var31);
var33 = U_Mate.gWrkFl4[0].w;
var34 = Mul(var2, var33);
var35 = Texture(s3, var32, var34).x;
var36 = Texture(s3, var32, var34).y;
var37 = Texture(s4, var1, var2).x;
var38 = AddNormalX(var29, var30, var35, var36, var37);
var39 = AddNormalY(var29, var30, var35, var36, var37);
var40 = U_Mate.gWrkFl4[1].x;
var41 = Mul(var1, var40);
var42 = U_Mate.gWrkFl4[1].y;
var43 = Mul(var2, var42);
var44 = Texture(s5, var41, var43).x;
var45 = Texture(s5, var41, var43).y;
var46 = Texture(s6, var1, var2).x;
var48 = AddNormalY(var38, var39, var44, var45, var46);
o2.y = var48;

var1 = vTex0.x;
var2 = vTex0.y;
var49 = Texture(s7, var1, var2).y;
var13 = vColor.z;
var0 = vColor.x;
var8 = vColor.y;
var50 = Max(var0, var8);
var51 = Max(var13, var50);
var52 = Mul(var49, var51);
o2.z = var52;

var53 = 1.0;
var54 = vPos.x;
var55 = vPos.w;
var56 = Div(var53, var55);
var57 = Div(var54, var55);
var58 = Negate(var57);
var59 = Fma(var54, var56, var58);
var60 = 0.5;
var61 = Mul(var59, var60);
var62 = Abs(var61);
var63 = vPos.y;
var64 = Div(var63, var55);
var65 = Negate(var64);
var66 = Fma(var63, var56, var65);
var67 = Mul(var66, var60);
var68 = Abs(var67);
var69 = Max(var62, var68);
var70 = Max(var69, var53);
var71 = Div(var61, var70);
var72 = Abs(var71);
var73 = InverseSqrt(var72);
var74 = Div(var53, var73);
o3.x = var74;

var53 = 1.0;
var63 = vPos.y;
var55 = vPos.w;
var56 = Div(var53, var55);
var64 = Div(var63, var55);
var65 = Negate(var64);
var66 = Fma(var63, var56, var65);
var60 = 0.5;
var67 = Mul(var66, var60);
var54 = vPos.x;
var57 = Div(var54, var55);
var58 = Negate(var57);
var59 = Fma(var54, var56, var58);
var61 = Mul(var59, var60);
var62 = Abs(var61);
var68 = Abs(var67);
var69 = Max(var62, var68);
var70 = Max(var69, var53);
var75 = Div(var67, var70);
var76 = Abs(var75);
var77 = InverseSqrt(var76);
var78 = Div(var53, var77);
o3.y = var78;

var79 = 0.0;
o3.z = var79;

var54 = vPos.x;
var53 = 1.0;
var55 = vPos.w;
var56 = Div(var53, var55);
var57 = Div(var54, var55);
var58 = Negate(var57);
var59 = Fma(var54, var56, var58);
var60 = 0.5;
var61 = Mul(var59, var60);
var62 = Abs(var61);
var63 = vPos.y;
var64 = Div(var63, var55);
var65 = Negate(var64);
var66 = Fma(var63, var56, var65);
var67 = Mul(var66, var60);
var68 = Abs(var67);
var69 = Max(var62, var68);
var70 = Max(var69, var53);
var71 = Div(var61, var70);
var79 = 0.0;
var80 = GreaterEqual(var71, var79);
var81 = Not(var80);
var82 = Select(var81, var79, var53);
var83 = 0.33333334;
var75 = Div(var67, var70);
var84 = GreaterEqual(var75, var79);
var85 = Not(var84);
var86 = Select(var85, var79, var53);
var87 = 0.6666667;
var88 = Mul(var86, var87);
var89 = Fma(var82, var83, var88);
var90 = 0.01;
var91 = Add(var89, var90);
o3.w = var91;

var92 = vPos.z;
var93 = 8.0;
var94 = Mul(var92, var93);
var95 = Floor(var94);
var96 = Sub(var94, var95);
o4.x = var96;

var92 = vPos.z;
var93 = 8.0;
var94 = Mul(var92, var93);
var95 = Floor(var94);
var97 = 0.003921569;
var98 = Mul(var95, var97);
var99 = Floor(var98);
var100 = Sub(var98, var99);
o4.y = var100;

var92 = vPos.z;
var93 = 8.0;
var94 = Mul(var92, var93);
var95 = Floor(var94);
var97 = 0.003921569;
var98 = Mul(var95, var97);
var99 = Floor(var98);
var101 = Mul(var99, var97);
o4.z = var101;

var79 = 0.0;
o4.w = var79;

var1 = vTex0.x;
var2 = vTex0.y;
var102 = Texture(s8, var1, var2).x;
o5.x = var102;

var1 = vTex0.x;
var2 = vTex0.y;
var103 = Texture(s8, var1, var2).y;
o5.y = var103;

var1 = vTex0.x;
var2 = vTex0.y;
var104 = Texture(s8, var1, var2).z;
o5.z = var104;

var79 = 0.0;
o5.w = var79;

var54 = vPos.x;
var105 = U_Mdl.gMdlParm.y;
var106 = Mul(var54, var105);
var107 = U_VolTexCalc.gVolTexCalcWork[0].x;
var108 = Mul(var106, var107);
var63 = vPos.y;
var109 = Mul(var63, var105);
var110 = U_VolTexCalc.gVolTexCalcWork[0].y;
var111 = Mul(var109, var110);
var92 = vPos.z;
var112 = Mul(var92, var105);
var113 = U_VolTexCalc.gVolTexCalcWork[0].z;
var114 = Mul(var112, var113);
var115 = Texture(volTex0, var108, var111, var114).x;
var116 = U_VolTexCalc.gVolTexCalcWork[1].x;
var117 = Sub(var106, var116);
var118 = Mul(var117, var117);
var119 = U_VolTexCalc.gVolTexCalcWork[1].y;
var120 = Sub(var109, var119);
var121 = Mix(var118, var109, var120);
var122 = U_VolTexCalc.gVolTexCalcWork[1].z;
var123 = Sub(var112, var122);
var124 = Mix(var121, var112, var123);
var125 = Sqrt(var124);
var126 = U_VolTexCalc.gVolTexCalcWork[4].z;
var127 = Min(var125, var126);
var128 = Div(var127, var126);
var129 = U_VolTexCalc.gVolTexCalcWork[4].w;
var130 = Negate(var129);
var131 = U_VolTexCalc.gVolTexCalcWork[1].w;
var132 = Add(var131, var129);
var133 = U_VolTexCalc.gVolTexCalcWork[0].w;
var134 = Fma(var132, var133, var133);
var135 = Fma(var128, var130, var134);
var136 = Sub(var135, var131);
var137 = Less(var115, var136);
discard = 137;

var0 = vColor.xyz;
var1 = vTex0.x;
var2 = vTex0.y;
var1 = Texture(s0, var1, var2).xyz;
var2 = Texture(s1, var1, var2).xyz;
var3 = U_Mate.gWrkFl4[1].zzz;
var4 = Mix(var1, var2, var3);
var5 = Mul(var0, var4);
o0.xyz = var5;

var1 = vTex0.x;
var2 = vTex0.y;
var6 = Texture(s8, var1, var2).xyz;
o5.xyz = var6;
