---
source: xc3_shader/src/database.rs
---
var0 = U_FOG.gFogPa[5].x;
var1 = Negate(var0);
var2 = U_Bone.data;
var3 = UintBitsToFloat(var2);
var4 = vPos.w;
var5 = gl_InstanceID;
var6 = IntBitsToFloat(var5);
var7 = FloatBitsToInt(var6);
var8 = Float(var7);
var9 = 1.0;
var10 = Add(var8, var9);
var11 = U_Mate.gWrkFl4[0].w;
var12 = Mul(var10, var11);
var13 = Mul(var12, var12);
var14 = Mul(var12, var13);
var15 = U_Mate.gWrkFl4[0].z;
var16 = U_Mate.gWrkFl4[1].x;
var17 = Mul(var10, var16);
var18 = vNormal.z;
var19 = vPos.z;
var20 = Fma(var17, var18, var19);
var21 = Fma(var14, var15, var20);
var22 = U_Mate.gWrkFl4[0].y;
var23 = vNormal.y;
var24 = vPos.y;
var25 = Fma(var17, var23, var24);
var26 = Fma(var14, var22, var25);
var27 = U_Mate.gWrkFl4[0].x;
var28 = vNormal.x;
var29 = vPos.x;
var30 = Fma(var17, var28, var29);
var31 = Fma(var14, var27, var30);
var32 = Mul(var3, var31);
var33 = Fma(var3, var26, var32);
var34 = Fma(var3, var21, var33);
var35 = Fma(var3, var4, var34);
var36 = Sub(var1, var35);
var37 = U_FOG.gFogPa[5].y;
var38 = Mul(var36, var37);
var39 = 0.0;
var40 = Clamp(var38, var39, var9);
var41 = U_FOG.gFogPa[5].z;
var42 = Power(var40, var41);
var43 = U_FOG.gFogPa[5].w;
var44 = Mul(var42, var43);
var45 = U_Mate.gWrkFl4[3].x;
var46 = Mul(var44, var45);
var47 = Div(var29, var4);
var48 = 0.5;
var49 = Fma(var47, var48, var48);
var50 = Div(var24, var4);
var51 = -0.5;
var52 = Fma(var50, var51, var48);
var53 = Texture(texAO, var49, var52).z;
var54 = U_LGT.gLgtPreDir[0].w;
var55 = Texture(texShadow, var49, var52).z;
var56 = U_Toon2.gToonParam[0].y;
var57 = Negate(var56);
var58 = Fma(var55, var57, var55);
var59 = Add(var58, var56);
var60 = U_LGT.gLgtPreCol[0].z;
var61 = Mul(var59, var60);
var62 = U_Toon2.gToonParam[0].z;
var63 = Texture(texLgt, var49, var52).z;
var64 = Fma(var61, var62, var63);
var65 = Texture(vp_t_tcb_C, var49, var52).z;
var66 = U_Toon2.gToonParam[0].x;
var67 = Mul(var65, var66);
var68 = Add(var64, var67);
var69 = 0.114;
var70 = U_LGT.gLgtPreCol[0].y;
var71 = Mul(var59, var70);
var72 = Texture(texLgt, var49, var52).y;
var73 = Fma(var71, var62, var72);
var74 = Texture(vp_t_tcb_C, var49, var52).y;
var75 = Mul(var74, var66);
var76 = Add(var73, var75);
var77 = 0.587;
var78 = U_LGT.gLgtPreCol[0].x;
var79 = Mul(var59, var78);
var80 = Texture(texLgt, var49, var52).x;
var81 = Fma(var79, var62, var80);
var82 = Texture(vp_t_tcb_C, var49, var52).x;
var83 = Mul(var82, var66);
var84 = Add(var81, var83);
var85 = 0.299;
var86 = Mul(var84, var85);
var87 = Fma(var76, var77, var86);
var88 = Fma(var68, var69, var87);
var89 = 1e-5;
var90 = Add(var88, var89);
var91 = Div(var54, var90);
var92 = Min(var91, var9);
var93 = vTex0.x;
var94 = vTex0.y;
var95 = Texture(s0, var93, var94).x;
var96 = U_Static.gCDep.w;
var97 = Power(var95, var96);
var98 = Mul(var3, var28);
var99 = Fma(var3, var23, var98);
var100 = Fma(var3, var18, var99);
var101 = U_LGT.gLgtPreDir[0].z;
var102 = U_LGT.gLgtPreDir[0].y;
var103 = U_LGT.gLgtPreDir[0].x;
var104 = Mul(var100, var103);
var105 = Fma(var100, var102, var104);
var106 = Fma(var100, var101, var105);
var107 = U_Toon2.gToonParam[2].z;
var108 = U_Toon2.gToonParam[2].y;
var109 = U_Toon2.gToonParam[2].x;
var110 = Mul(var100, var109);
var111 = Fma(var100, var108, var110);
var112 = Fma(var100, var107, var111);
var113 = U_Toon2.gToonParam[1].z;
var114 = Sub(var113, var48);
var115 = Clamp(var114, var39, var9);
var116 = Mul(var115, var48);
var117 = U_Toon2.gToonParam[1].y;
var118 = Negate(var117);
var119 = Fma(var116, var118, var117);
var120 = Add(var116, var119);
var121 = Mix(var106, var112, var120);
var122 = Fma(var121, var48, var48);
var123 = U_Mate.gWrkFl4[1].z;
var124 = 255.0;
var125 = Fma(var123, var124, var48);
var126 = Truncate(var125);
var127 = Int(var126);
var128 = Float(var127);
var129 = Add(var128, var48);
var130 = 0.00390625;
var131 = Mul(var129, var130);
var132 = Texture(gTToonDarkGrad, var122, var131).x;
var133 = Texture(gTToonGrad, var122, var131).x;
var134 = U_Toon2.gToonParam[3].x;
var135 = Negate(var134);
var136 = Fma(var88, var92, var135);
var137 = U_Toon2.gToonParam[3].y;
var138 = Mul(var136, var137);
var139 = Clamp(var138, var39, var9);
var140 = Mix(var132, var133, var139);
var141 = 2.2;
var142 = Power(var140, var141);
var143 = Mul(var97, var142);
var144 = Mul(var84, var143);
var145 = Mul(var92, var144);
var146 = Negate(var145);
var147 = NormalizeZ(var35, var35, var35);
var148 = U_FOG.gFogPa[1].z;
var149 = NormalizeY(var35, var35, var35);
var150 = U_FOG.gFogPa[1].y;
var151 = NormalizeX(var35, var35, var35);
var152 = U_FOG.gFogPa[1].x;
var153 = Mul(var151, var152);
var154 = Fma(var149, var150, var153);
var155 = Fma(var147, var148, var154);
var156 = Clamp(var155, var39, var9);
var157 = U_FOG.gFogPa[4].w;
var158 = Power(var156, var157);
var159 = U_FOG.gFogPa[4].x;
var160 = U_FOG.gFogPa[0].z;
var161 = U_FOG.gFogPa[0].y;
var162 = U_FOG.gFogPa[0].x;
var163 = Mul(var151, var162);
var164 = Fma(var149, var161, var163);
var165 = Fma(var147, var160, var164);
var166 = Abs(var165);
var167 = Sub(var9, var166);
var168 = Clamp(var167, var39, var9);
var169 = U_FOG.gFogPa[3].w;
var170 = Power(var168, var169);
var171 = vp_c1.data[0].x;
var172 = 0.8;
var173 = Sub(var170, var172);
var174 = 5.0;
var175 = Mul(var173, var174);
var176 = Clamp(var175, var39, var9);
var177 = MulRatio(var170, var171, var176);
var178 = U_FOG.gFogPa[3].x;
var179 = U_FOG.gFogPa[2].x;
var180 = Fma(var177, var178, var179);
var181 = Fma(var158, var159, var180);
var182 = Fma(var53, var146, var181);
var183 = Mul(var53, var145);
var184 = Fma(var46, var182, var183);
o0.x = var184;

var0 = U_FOG.gFogPa[5].x;
var1 = Negate(var0);
var2 = U_Bone.data;
var3 = UintBitsToFloat(var2);
var4 = vPos.w;
var5 = gl_InstanceID;
var6 = IntBitsToFloat(var5);
var7 = FloatBitsToInt(var6);
var8 = Float(var7);
var9 = 1.0;
var10 = Add(var8, var9);
var11 = U_Mate.gWrkFl4[0].w;
var12 = Mul(var10, var11);
var13 = Mul(var12, var12);
var14 = Mul(var12, var13);
var15 = U_Mate.gWrkFl4[0].z;
var16 = U_Mate.gWrkFl4[1].x;
var17 = Mul(var10, var16);
var18 = vNormal.z;
var19 = vPos.z;
var20 = Fma(var17, var18, var19);
var21 = Fma(var14, var15, var20);
var22 = U_Mate.gWrkFl4[0].y;
var23 = vNormal.y;
var24 = vPos.y;
var25 = Fma(var17, var23, var24);
var26 = Fma(var14, var22, var25);
var27 = U_Mate.gWrkFl4[0].x;
var28 = vNormal.x;
var29 = vPos.x;
var30 = Fma(var17, var28, var29);
var31 = Fma(var14, var27, var30);
var32 = Mul(var3, var31);
var33 = Fma(var3, var26, var32);
var34 = Fma(var3, var21, var33);
var35 = Fma(var3, var4, var34);
var36 = Sub(var1, var35);
var37 = U_FOG.gFogPa[5].y;
var38 = Mul(var36, var37);
var39 = 0.0;
var40 = Clamp(var38, var39, var9);
var41 = U_FOG.gFogPa[5].z;
var42 = Power(var40, var41);
var43 = U_FOG.gFogPa[5].w;
var44 = Mul(var42, var43);
var45 = U_Mate.gWrkFl4[3].x;
var46 = Mul(var44, var45);
var47 = Div(var29, var4);
var48 = 0.5;
var49 = Fma(var47, var48, var48);
var50 = Div(var24, var4);
var51 = -0.5;
var52 = Fma(var50, var51, var48);
var53 = Texture(texAO, var49, var52).z;
var54 = U_LGT.gLgtPreDir[0].w;
var55 = Texture(texShadow, var49, var52).z;
var56 = U_Toon2.gToonParam[0].y;
var57 = Negate(var56);
var58 = Fma(var55, var57, var55);
var59 = Add(var58, var56);
var60 = U_LGT.gLgtPreCol[0].z;
var61 = Mul(var59, var60);
var62 = U_Toon2.gToonParam[0].z;
var63 = Texture(texLgt, var49, var52).z;
var64 = Fma(var61, var62, var63);
var65 = Texture(vp_t_tcb_C, var49, var52).z;
var66 = U_Toon2.gToonParam[0].x;
var67 = Mul(var65, var66);
var68 = Add(var64, var67);
var69 = 0.114;
var70 = U_LGT.gLgtPreCol[0].y;
var71 = Mul(var59, var70);
var72 = Texture(texLgt, var49, var52).y;
var73 = Fma(var71, var62, var72);
var74 = Texture(vp_t_tcb_C, var49, var52).y;
var75 = Mul(var74, var66);
var76 = Add(var73, var75);
var77 = 0.587;
var78 = U_LGT.gLgtPreCol[0].x;
var79 = Mul(var59, var78);
var80 = Texture(texLgt, var49, var52).x;
var81 = Fma(var79, var62, var80);
var82 = Texture(vp_t_tcb_C, var49, var52).x;
var83 = Mul(var82, var66);
var84 = Add(var81, var83);
var85 = 0.299;
var86 = Mul(var84, var85);
var87 = Fma(var76, var77, var86);
var88 = Fma(var68, var69, var87);
var89 = 1e-5;
var90 = Add(var88, var89);
var91 = Div(var54, var90);
var92 = Min(var91, var9);
var93 = vTex0.x;
var94 = vTex0.y;
var185 = Texture(s0, var93, var94).y;
var96 = U_Static.gCDep.w;
var186 = Power(var185, var96);
var98 = Mul(var3, var28);
var99 = Fma(var3, var23, var98);
var100 = Fma(var3, var18, var99);
var101 = U_LGT.gLgtPreDir[0].z;
var102 = U_LGT.gLgtPreDir[0].y;
var103 = U_LGT.gLgtPreDir[0].x;
var104 = Mul(var100, var103);
var105 = Fma(var100, var102, var104);
var106 = Fma(var100, var101, var105);
var107 = U_Toon2.gToonParam[2].z;
var108 = U_Toon2.gToonParam[2].y;
var109 = U_Toon2.gToonParam[2].x;
var110 = Mul(var100, var109);
var111 = Fma(var100, var108, var110);
var112 = Fma(var100, var107, var111);
var113 = U_Toon2.gToonParam[1].z;
var114 = Sub(var113, var48);
var115 = Clamp(var114, var39, var9);
var116 = Mul(var115, var48);
var117 = U_Toon2.gToonParam[1].y;
var118 = Negate(var117);
var119 = Fma(var116, var118, var117);
var120 = Add(var116, var119);
var121 = Mix(var106, var112, var120);
var122 = Fma(var121, var48, var48);
var123 = U_Mate.gWrkFl4[1].z;
var124 = 255.0;
var125 = Fma(var123, var124, var48);
var126 = Truncate(var125);
var127 = Int(var126);
var128 = Float(var127);
var129 = Add(var128, var48);
var130 = 0.00390625;
var131 = Mul(var129, var130);
var187 = Texture(gTToonDarkGrad, var122, var131).y;
var188 = Texture(gTToonGrad, var122, var131).y;
var134 = U_Toon2.gToonParam[3].x;
var135 = Negate(var134);
var136 = Fma(var88, var92, var135);
var137 = U_Toon2.gToonParam[3].y;
var138 = Mul(var136, var137);
var139 = Clamp(var138, var39, var9);
var189 = Mix(var187, var188, var139);
var141 = 2.2;
var190 = Power(var189, var141);
var191 = Mul(var186, var190);
var192 = Mul(var76, var191);
var193 = Mul(var92, var192);
var194 = Negate(var193);
var147 = NormalizeZ(var35, var35, var35);
var148 = U_FOG.gFogPa[1].z;
var149 = NormalizeY(var35, var35, var35);
var150 = U_FOG.gFogPa[1].y;
var151 = NormalizeX(var35, var35, var35);
var152 = U_FOG.gFogPa[1].x;
var153 = Mul(var151, var152);
var154 = Fma(var149, var150, var153);
var155 = Fma(var147, var148, var154);
var156 = Clamp(var155, var39, var9);
var157 = U_FOG.gFogPa[4].w;
var158 = Power(var156, var157);
var195 = U_FOG.gFogPa[4].y;
var160 = U_FOG.gFogPa[0].z;
var161 = U_FOG.gFogPa[0].y;
var162 = U_FOG.gFogPa[0].x;
var163 = Mul(var151, var162);
var164 = Fma(var149, var161, var163);
var165 = Fma(var147, var160, var164);
var166 = Abs(var165);
var167 = Sub(var9, var166);
var168 = Clamp(var167, var39, var9);
var169 = U_FOG.gFogPa[3].w;
var170 = Power(var168, var169);
var171 = vp_c1.data[0].x;
var172 = 0.8;
var173 = Sub(var170, var172);
var174 = 5.0;
var175 = Mul(var173, var174);
var176 = Clamp(var175, var39, var9);
var177 = MulRatio(var170, var171, var176);
var196 = U_FOG.gFogPa[3].y;
var197 = U_FOG.gFogPa[2].y;
var198 = Fma(var177, var196, var197);
var199 = Fma(var158, var195, var198);
var200 = Fma(var53, var194, var199);
var201 = Mul(var53, var193);
var202 = Fma(var46, var200, var201);
o0.y = var202;

var0 = U_FOG.gFogPa[5].x;
var1 = Negate(var0);
var2 = U_Bone.data;
var3 = UintBitsToFloat(var2);
var4 = vPos.w;
var5 = gl_InstanceID;
var6 = IntBitsToFloat(var5);
var7 = FloatBitsToInt(var6);
var8 = Float(var7);
var9 = 1.0;
var10 = Add(var8, var9);
var11 = U_Mate.gWrkFl4[0].w;
var12 = Mul(var10, var11);
var13 = Mul(var12, var12);
var14 = Mul(var12, var13);
var15 = U_Mate.gWrkFl4[0].z;
var16 = U_Mate.gWrkFl4[1].x;
var17 = Mul(var10, var16);
var18 = vNormal.z;
var19 = vPos.z;
var20 = Fma(var17, var18, var19);
var21 = Fma(var14, var15, var20);
var22 = U_Mate.gWrkFl4[0].y;
var23 = vNormal.y;
var24 = vPos.y;
var25 = Fma(var17, var23, var24);
var26 = Fma(var14, var22, var25);
var27 = U_Mate.gWrkFl4[0].x;
var28 = vNormal.x;
var29 = vPos.x;
var30 = Fma(var17, var28, var29);
var31 = Fma(var14, var27, var30);
var32 = Mul(var3, var31);
var33 = Fma(var3, var26, var32);
var34 = Fma(var3, var21, var33);
var35 = Fma(var3, var4, var34);
var36 = Sub(var1, var35);
var37 = U_FOG.gFogPa[5].y;
var38 = Mul(var36, var37);
var39 = 0.0;
var40 = Clamp(var38, var39, var9);
var41 = U_FOG.gFogPa[5].z;
var42 = Power(var40, var41);
var43 = U_FOG.gFogPa[5].w;
var44 = Mul(var42, var43);
var45 = U_Mate.gWrkFl4[3].x;
var46 = Mul(var44, var45);
var47 = Div(var29, var4);
var48 = 0.5;
var49 = Fma(var47, var48, var48);
var50 = Div(var24, var4);
var51 = -0.5;
var52 = Fma(var50, var51, var48);
var53 = Texture(texAO, var49, var52).z;
var54 = U_LGT.gLgtPreDir[0].w;
var55 = Texture(texShadow, var49, var52).z;
var56 = U_Toon2.gToonParam[0].y;
var57 = Negate(var56);
var58 = Fma(var55, var57, var55);
var59 = Add(var58, var56);
var60 = U_LGT.gLgtPreCol[0].z;
var61 = Mul(var59, var60);
var62 = U_Toon2.gToonParam[0].z;
var63 = Texture(texLgt, var49, var52).z;
var64 = Fma(var61, var62, var63);
var65 = Texture(vp_t_tcb_C, var49, var52).z;
var66 = U_Toon2.gToonParam[0].x;
var67 = Mul(var65, var66);
var68 = Add(var64, var67);
var69 = 0.114;
var70 = U_LGT.gLgtPreCol[0].y;
var71 = Mul(var59, var70);
var72 = Texture(texLgt, var49, var52).y;
var73 = Fma(var71, var62, var72);
var74 = Texture(vp_t_tcb_C, var49, var52).y;
var75 = Mul(var74, var66);
var76 = Add(var73, var75);
var77 = 0.587;
var78 = U_LGT.gLgtPreCol[0].x;
var79 = Mul(var59, var78);
var80 = Texture(texLgt, var49, var52).x;
var81 = Fma(var79, var62, var80);
var82 = Texture(vp_t_tcb_C, var49, var52).x;
var83 = Mul(var82, var66);
var84 = Add(var81, var83);
var85 = 0.299;
var86 = Mul(var84, var85);
var87 = Fma(var76, var77, var86);
var88 = Fma(var68, var69, var87);
var89 = 1e-5;
var90 = Add(var88, var89);
var91 = Div(var54, var90);
var92 = Min(var91, var9);
var93 = vTex0.x;
var94 = vTex0.y;
var203 = Texture(s0, var93, var94).z;
var96 = U_Static.gCDep.w;
var204 = Power(var203, var96);
var98 = Mul(var3, var28);
var99 = Fma(var3, var23, var98);
var100 = Fma(var3, var18, var99);
var101 = U_LGT.gLgtPreDir[0].z;
var102 = U_LGT.gLgtPreDir[0].y;
var103 = U_LGT.gLgtPreDir[0].x;
var104 = Mul(var100, var103);
var105 = Fma(var100, var102, var104);
var106 = Fma(var100, var101, var105);
var107 = U_Toon2.gToonParam[2].z;
var108 = U_Toon2.gToonParam[2].y;
var109 = U_Toon2.gToonParam[2].x;
var110 = Mul(var100, var109);
var111 = Fma(var100, var108, var110);
var112 = Fma(var100, var107, var111);
var113 = U_Toon2.gToonParam[1].z;
var114 = Sub(var113, var48);
var115 = Clamp(var114, var39, var9);
var116 = Mul(var115, var48);
var117 = U_Toon2.gToonParam[1].y;
var118 = Negate(var117);
var119 = Fma(var116, var118, var117);
var120 = Add(var116, var119);
var121 = Mix(var106, var112, var120);
var122 = Fma(var121, var48, var48);
var123 = U_Mate.gWrkFl4[1].z;
var124 = 255.0;
var125 = Fma(var123, var124, var48);
var126 = Truncate(var125);
var127 = Int(var126);
var128 = Float(var127);
var129 = Add(var128, var48);
var130 = 0.00390625;
var131 = Mul(var129, var130);
var205 = Texture(gTToonDarkGrad, var122, var131).z;
var206 = Texture(gTToonGrad, var122, var131).z;
var134 = U_Toon2.gToonParam[3].x;
var135 = Negate(var134);
var136 = Fma(var88, var92, var135);
var137 = U_Toon2.gToonParam[3].y;
var138 = Mul(var136, var137);
var139 = Clamp(var138, var39, var9);
var207 = Mix(var205, var206, var139);
var141 = 2.2;
var208 = Power(var207, var141);
var209 = Mul(var204, var208);
var210 = Mul(var68, var209);
var211 = Mul(var92, var210);
var212 = Negate(var211);
var147 = NormalizeZ(var35, var35, var35);
var148 = U_FOG.gFogPa[1].z;
var149 = NormalizeY(var35, var35, var35);
var150 = U_FOG.gFogPa[1].y;
var151 = NormalizeX(var35, var35, var35);
var152 = U_FOG.gFogPa[1].x;
var153 = Mul(var151, var152);
var154 = Fma(var149, var150, var153);
var155 = Fma(var147, var148, var154);
var156 = Clamp(var155, var39, var9);
var157 = U_FOG.gFogPa[4].w;
var158 = Power(var156, var157);
var213 = U_FOG.gFogPa[4].z;
var160 = U_FOG.gFogPa[0].z;
var161 = U_FOG.gFogPa[0].y;
var162 = U_FOG.gFogPa[0].x;
var163 = Mul(var151, var162);
var164 = Fma(var149, var161, var163);
var165 = Fma(var147, var160, var164);
var166 = Abs(var165);
var167 = Sub(var9, var166);
var168 = Clamp(var167, var39, var9);
var169 = U_FOG.gFogPa[3].w;
var170 = Power(var168, var169);
var171 = vp_c1.data[0].x;
var172 = 0.8;
var173 = Sub(var170, var172);
var174 = 5.0;
var175 = Mul(var173, var174);
var176 = Clamp(var175, var39, var9);
var177 = MulRatio(var170, var171, var176);
var214 = U_FOG.gFogPa[3].z;
var215 = U_FOG.gFogPa[2].z;
var216 = Fma(var177, var214, var215);
var217 = Fma(var158, var213, var216);
var218 = Fma(var53, var212, var217);
var219 = Mul(var53, var211);
var220 = Fma(var46, var218, var219);
o0.z = var220;

var93 = vTex0.x;
var94 = vTex0.y;
var221 = Texture(s1, var93, var94).x;
var222 = U_Mate.gWrkFl4[1].y;
var223 = FurInstanceAlpha(var222);
var224 = Mul(var221, var223);
o0.w = var224;

var93 = vTex0.x;
var94 = vTex0.y;
var95 = Texture(s0, var93, var94).x;
var96 = U_Static.gCDep.w;
var97 = Power(var95, var96);
var39 = 0.0;
var225 = Mul(var97, var39);
o1.x = var225;

var93 = vTex0.x;
var94 = vTex0.y;
var185 = Texture(s0, var93, var94).y;
var96 = U_Static.gCDep.w;
var186 = Power(var185, var96);
var39 = 0.0;
var226 = Mul(var186, var39);
o1.y = var226;

var93 = vTex0.x;
var94 = vTex0.y;
var203 = Texture(s0, var93, var94).z;
var96 = U_Static.gCDep.w;
var204 = Power(var203, var96);
var39 = 0.0;
var227 = Mul(var204, var39);
o1.z = var227;

var93 = vTex0.x;
var94 = vTex0.y;
var221 = Texture(s1, var93, var94).x;
var222 = U_Mate.gWrkFl4[1].y;
var223 = FurInstanceAlpha(var222);
var224 = Mul(var221, var223);
o1.w = var224;

var5 = gl_InstanceID;
var6 = IntBitsToFloat(var5);
var7 = FloatBitsToInt(var6);
var8 = Float(var7);
var9 = 1.0;
var10 = Add(var8, var9);
var11 = U_Mate.gWrkFl4[0].w;
var12 = Mul(var10, var11);
var13 = Mul(var12, var12);
var14 = Mul(var12, var13);
var27 = U_Mate.gWrkFl4[0].x;
var16 = U_Mate.gWrkFl4[1].x;
var17 = Mul(var10, var16);
var28 = vNormal.x;
var29 = vPos.x;
var30 = Fma(var17, var28, var29);
var31 = Fma(var14, var27, var30);
var228 = U_Mdl.gMdlParm.y;
var229 = Mul(var31, var228);
var230 = U_VolTexCalc.gVolTexCalcWork[0].x;
var231 = Mul(var229, var230);
var22 = U_Mate.gWrkFl4[0].y;
var23 = vNormal.y;
var24 = vPos.y;
var25 = Fma(var17, var23, var24);
var26 = Fma(var14, var22, var25);
var232 = Mul(var26, var228);
var233 = U_VolTexCalc.gVolTexCalcWork[0].y;
var234 = Mul(var232, var233);
var15 = U_Mate.gWrkFl4[0].z;
var18 = vNormal.z;
var19 = vPos.z;
var20 = Fma(var17, var18, var19);
var21 = Fma(var14, var15, var20);
var235 = Mul(var21, var228);
var236 = U_VolTexCalc.gVolTexCalcWork[0].z;
var237 = Mul(var235, var236);
var238 = Texture(volTex0, var231, var234, var237).x;
var239 = U_VolTexCalc.gVolTexCalcWork[1].x;
var240 = Sub(var229, var239);
var241 = Mul(var240, var240);
var242 = U_VolTexCalc.gVolTexCalcWork[1].y;
var243 = Sub(var232, var242);
var244 = Mix(var241, var232, var243);
var245 = U_VolTexCalc.gVolTexCalcWork[1].z;
var246 = Sub(var235, var245);
var247 = Mix(var244, var235, var246);
var248 = Sqrt(var247);
var249 = U_VolTexCalc.gVolTexCalcWork[4].z;
var250 = Min(var248, var249);
var251 = Div(var250, var249);
var252 = U_VolTexCalc.gVolTexCalcWork[4].w;
var253 = Negate(var252);
var254 = U_VolTexCalc.gVolTexCalcWork[1].w;
var255 = Add(var252, var254);
var256 = U_VolTexCalc.gVolTexCalcWork[0].w;
var257 = Fma(var255, var256, var256);
var258 = Fma(var251, var253, var257);
var259 = Sub(var258, var254);
var260 = Less(var238, var259);
discard = 260;

var0 = U_FOG.gFogPa[5].xxx;
var1 = Negate(var0);
var2 = U_Bone.data;
var3 = UintBitsToFloat(var2);
var4 = vPos.www;
var5 = gl_InstanceID;
var6 = IntBitsToFloat(var5);
var7 = FloatBitsToInt(var6);
var8 = Float(var7);
var9 = [1.0, 1.0, 1.0];
var10 = Add(var8, var9);
var11 = U_Mate.gWrkFl4[0].www;
var12 = Mul(var10, var11);
var13 = Mul(var12, var12);
var14 = Mul(var12, var13);
var15 = U_Mate.gWrkFl4[0].zzz;
var16 = U_Mate.gWrkFl4[1].xxx;
var17 = Mul(var10, var16);
var18 = vNormal.zzz;
var19 = vPos.zzz;
var20 = Fma(var17, var18, var19);
var21 = Fma(var14, var15, var20);
var22 = U_Mate.gWrkFl4[0].yyy;
var23 = vNormal.yyy;
var24 = vPos.yyy;
var25 = Fma(var17, var23, var24);
var26 = Fma(var14, var22, var25);
var27 = U_Mate.gWrkFl4[0].xxx;
var28 = vNormal.xxx;
var29 = vPos.xxx;
var30 = Fma(var17, var28, var29);
var31 = Fma(var14, var27, var30);
var32 = Mul(var3, var31);
var33 = Fma(var3, var26, var32);
var34 = Fma(var3, var21, var33);
var35 = Fma(var3, var4, var34);
var36 = Sub(var1, var35);
var37 = U_FOG.gFogPa[5].yyy;
var38 = Mul(var36, var37);
var39 = [0.0, 0.0, 0.0];
var40 = Clamp(var38, var39, var9);
var41 = U_FOG.gFogPa[5].zzz;
var42 = Power(var40, var41);
var43 = U_FOG.gFogPa[5].www;
var44 = Mul(var42, var43);
var45 = U_Mate.gWrkFl4[3].xxx;
var46 = Mul(var44, var45);
var29 = vPos.x;
var4 = vPos.w;
var47 = Div(var29, var4);
var48 = 0.5;
var49 = Fma(var47, var48, var48);
var24 = vPos.y;
var50 = Div(var24, var4);
var51 = -0.5;
var52 = Fma(var50, var51, var48);
var47 = Texture(texAO, var49, var52).zzz;
var48 = U_LGT.gLgtPreDir[0].www;
var49 = Texture(texShadow, var49, var52).zzz;
var50 = U_Toon2.gToonParam[0].yyy;
var51 = Negate(var50);
var52 = Fma(var49, var51, var49);
var53 = Add(var52, var50);
var54 = U_LGT.gLgtPreCol[0].zzz;
var55 = Mul(var53, var54);
var56 = U_Toon2.gToonParam[0].zzz;
var57 = Texture(texLgt, var49, var52).zzz;
var58 = Fma(var55, var56, var57);
var59 = Texture(vp_t_tcb_C, var49, var52).zzz;
var60 = U_Toon2.gToonParam[0].xxx;
var61 = Mul(var59, var60);
var62 = Add(var58, var61);
var63 = [0.114, 0.114, 0.114];
var64 = U_LGT.gLgtPreCol[0].yyy;
var65 = Mul(var53, var64);
var66 = Texture(texLgt, var49, var52).yyy;
var67 = Fma(var65, var56, var66);
var68 = Texture(vp_t_tcb_C, var49, var52).yyy;
var69 = Mul(var68, var60);
var70 = Add(var67, var69);
var71 = [0.587, 0.587, 0.587];
var72 = U_LGT.gLgtPreCol[0].xxx;
var73 = Mul(var53, var72);
var74 = Texture(texLgt, var49, var52).xxx;
var75 = Fma(var73, var56, var74);
var76 = Texture(vp_t_tcb_C, var49, var52).xxx;
var77 = Mul(var76, var60);
var78 = Add(var75, var77);
var79 = [0.299, 0.299, 0.299];
var80 = Mul(var78, var79);
var81 = Fma(var70, var71, var80);
var82 = Fma(var62, var63, var81);
var83 = [1e-5, 1e-5, 1e-5];
var84 = Add(var82, var83);
var85 = Div(var48, var84);
var86 = Min(var85, var9);
var87 = U_LGT.gLgtPreCol[0].xyz;
var88 = Mul(var53, var87);
var89 = Texture(texLgt, var49, var52).xyz;
var90 = Fma(var88, var56, var89);
var91 = Texture(vp_t_tcb_C, var49, var52).xyz;
var92 = Mul(var91, var60);
var93 = Add(var90, var92);
var93 = vTex0.x;
var94 = vTex0.y;
var94 = Texture(s0, var93, var94).xyz;
var95 = U_Static.gCDep.www;
var96 = Power(var94, var95);
var2 = U_Bone.data;
var3 = UintBitsToFloat(var2);
var18 = vNormal.z;
var23 = vNormal.y;
var28 = vNormal.x;
var98 = Mul(var3, var28);
var99 = Fma(var3, var23, var98);
var100 = Fma(var3, var18, var99);
var101 = U_LGT.gLgtPreDir[0].z;
var102 = U_LGT.gLgtPreDir[0].y;
var103 = U_LGT.gLgtPreDir[0].x;
var104 = Mul(var100, var103);
var105 = Fma(var100, var102, var104);
var106 = Fma(var100, var101, var105);
var107 = U_Toon2.gToonParam[2].z;
var108 = U_Toon2.gToonParam[2].y;
var109 = U_Toon2.gToonParam[2].x;
var110 = Mul(var100, var109);
var111 = Fma(var100, var108, var110);
var112 = Fma(var100, var107, var111);
var113 = U_Toon2.gToonParam[1].z;
var114 = Sub(var113, var48);
var39 = 0.0;
var9 = 1.0;
var115 = Clamp(var114, var39, var9);
var116 = Mul(var115, var48);
var117 = U_Toon2.gToonParam[1].y;
var118 = Negate(var117);
var119 = Fma(var116, var118, var117);
var120 = Add(var116, var119);
var121 = Mix(var106, var112, var120);
var122 = Fma(var121, var48, var48);
var123 = U_Mate.gWrkFl4[1].z;
var124 = 255.0;
var125 = Fma(var123, var124, var48);
var126 = Truncate(var125);
var127 = Int(var126);
var128 = Float(var127);
var129 = Add(var128, var48);
var130 = 0.00390625;
var131 = Mul(var129, var130);
var97 = Texture(gTToonDarkGrad, var122, var131).xyz;
var98 = Texture(gTToonGrad, var122, var131).xyz;
var99 = U_Toon2.gToonParam[3].xxx;
var100 = Negate(var99);
var101 = Fma(var82, var86, var100);
var102 = U_Toon2.gToonParam[3].yyy;
var103 = Mul(var101, var102);
var104 = Clamp(var103, var39, var9);
var105 = Mix(var97, var98, var104);
var106 = [2.2, 2.2, 2.2];
var107 = Power(var105, var106);
var108 = Mul(var96, var107);
var109 = Mul(var93, var108);
var110 = Mul(var86, var109);
var111 = Negate(var110);
var112 = Normalize(var35).yyy;
var113 = U_FOG.gFogPa[1].zzz;
var114 = Normalize(var35).zzz;
var115 = U_FOG.gFogPa[1].yyy;
var116 = Normalize(var35).xxx;
var117 = U_FOG.gFogPa[1].xxx;
var118 = Mul(var116, var117);
var119 = Fma(var114, var115, var118);
var120 = Fma(var112, var113, var119);
var121 = Clamp(var120, var39, var9);
var122 = U_FOG.gFogPa[4].www;
var123 = Power(var121, var122);
var124 = U_FOG.gFogPa[4].xyz;
var125 = U_FOG.gFogPa[0].zzz;
var126 = U_FOG.gFogPa[0].yyy;
var127 = U_FOG.gFogPa[0].xxx;
var128 = Mul(var116, var127);
var129 = Fma(var114, var126, var128);
var130 = Fma(var112, var125, var129);
var131 = Abs(var130);
var132 = Sub(var9, var131);
var133 = Clamp(var132, var39, var9);
var134 = U_FOG.gFogPa[3].www;
var135 = Power(var133, var134);
var136 = vp_c1.data[0].xxx;
var137 = [0.8, 0.8, 0.8];
var138 = Sub(var135, var137);
var139 = [5.0, 5.0, 5.0];
var140 = Mul(var138, var139);
var141 = Clamp(var140, var39, var9);
var142 = MulRatio(var135, var136, var141);
var143 = U_FOG.gFogPa[3].xyz;
var144 = U_FOG.gFogPa[2].xyz;
var145 = Fma(var142, var143, var144);
var146 = Fma(var123, var124, var145);
var147 = Fma(var47, var111, var146);
var148 = Mul(var47, var110);
var149 = Fma(var46, var147, var148);
o0.xyz = var149;

var93 = vTex0.x;
var94 = vTex0.y;
var94 = Texture(s0, var93, var94).xyz;
var95 = U_Static.gCDep.www;
var96 = Power(var94, var95);
var39 = [0.0, 0.0, 0.0];
var150 = Mul(var96, var39);
o1.xyz = var150;
