---
source: xc3_shader/src/database.rs
---
var7 = Mul(Texture(s2, vTex0.x, vTex0.y).x, U_Mate.gWrkFl4[0].z);
var8 = Mix(Texture(s0, vTex0.x, vTex0.y).x, Texture(s1, vTex0.x, vTex0.y).x, var7);
var9 = Mul(vColor.x, var8);
o0.x = var9;

var7 = Mul(Texture(s2, vTex0.x, vTex0.y).x, U_Mate.gWrkFl4[0].z);
var13 = Mix(Texture(s0, vTex0.x, vTex0.y).y, Texture(s1, vTex0.x, vTex0.y).y, var7);
var14 = Mul(vColor.y, var13);
o0.y = var14;

var7 = Mul(Texture(s2, vTex0.x, vTex0.y).x, U_Mate.gWrkFl4[0].z);
var18 = Mix(Texture(s0, vTex0.x, vTex0.y).z, Texture(s1, vTex0.x, vTex0.y).z, var7);
var19 = Mul(vColor.z, var18);
o0.z = var19;

var21 = Mul(Texture(s2, vTex0.x, vTex0.y).x, U_Mate.gWrkFl4[1].x);
var23 = Mul(var21, U_Mate.gWrkFl4[0].w);
o0.w = var23;

o1.x = Texture(s4, vTex0.x, vTex0.y).y;

o1.y = U_Mate.gWrkFl4[2].x;

o1.z = U_Mate.gWrkFl4[1].y;

o1.w = 0.07098039;

o2.x = Texture(s3, vTex0.x, vTex0.y).x;

o2.y = Texture(s3, vTex0.x, vTex0.y).y;

var31 = Max(vColor.x, vColor.y);
var32 = Max(vColor.z, var31);
var33 = Mul(Texture(s4, vTex0.x, vTex0.y).x, var32);
o2.z = var33;

var37 = Div(1.0, vPos.w);
var38 = Div(vPos.x, vPos.w);
var39 = Negate(var38);
var40 = Fma(vPos.x, var37, var39);
var42 = Mul(var40, 0.5);
var43 = Abs(var42);
var45 = Div(vPos.y, vPos.w);
var46 = Negate(var45);
var47 = Fma(vPos.y, var37, var46);
var48 = Mul(var47, 0.5);
var49 = Abs(var48);
var50 = Max(var43, var49);
var51 = Max(var50, 1.0);
var52 = Div(var42, var51);
var53 = Abs(var52);
var54 = InverseSqrt(var53);
var55 = Div(1.0, var54);
o3.x = var55;

var37 = Div(1.0, vPos.w);
var45 = Div(vPos.y, vPos.w);
var46 = Negate(var45);
var47 = Fma(vPos.y, var37, var46);
var48 = Mul(var47, 0.5);
var38 = Div(vPos.x, vPos.w);
var39 = Negate(var38);
var40 = Fma(vPos.x, var37, var39);
var42 = Mul(var40, 0.5);
var43 = Abs(var42);
var49 = Abs(var48);
var50 = Max(var43, var49);
var51 = Max(var50, 1.0);
var56 = Div(var48, var51);
var57 = Abs(var56);
var58 = InverseSqrt(var57);
var59 = Div(1.0, var58);
o3.y = var59;

o3.z = 0.0;

var37 = Div(1.0, vPos.w);
var38 = Div(vPos.x, vPos.w);
var39 = Negate(var38);
var40 = Fma(vPos.x, var37, var39);
var42 = Mul(var40, 0.5);
var43 = Abs(var42);
var45 = Div(vPos.y, vPos.w);
var46 = Negate(var45);
var47 = Fma(vPos.y, var37, var46);
var48 = Mul(var47, 0.5);
var49 = Abs(var48);
var50 = Max(var43, var49);
var51 = Max(var50, 1.0);
var52 = Div(var42, var51);
var61 = GreaterEqual(var52, 0.0);
var62 = Not(var61);
var63 = Select(var62, 0.0, 1.0);
var56 = Div(var48, var51);
var65 = GreaterEqual(var56, 0.0);
var66 = Not(var65);
var67 = Select(var66, 0.0, 1.0);
var69 = Mul(var67, 0.6666667);
var70 = Fma(var63, 0.33333334, var69);
var72 = Add(var70, 0.01);
o3.w = var72;

var75 = Mul(vPos.z, 8.0);
var76 = Floor(var75);
var77 = Sub(var75, var76);
o4.x = var77;

var75 = Mul(vPos.z, 8.0);
var76 = Floor(var75);
var79 = Mul(var76, 0.003921569);
var80 = Floor(var79);
var81 = Sub(var79, var80);
o4.y = var81;

var75 = Mul(vPos.z, 8.0);
var76 = Floor(var75);
var79 = Mul(var76, 0.003921569);
var80 = Floor(var79);
var82 = Mul(var80, 0.003921569);
o4.z = var82;

o4.w = 0.0;

var84 = Mul(vTex0.x, U_Mate.gWrkFl4[0].x);
var86 = Mul(vTex0.y, U_Mate.gWrkFl4[0].y);
o5.x = Texture(s5, var84, var86).x;

var84 = Mul(vTex0.x, U_Mate.gWrkFl4[0].x);
var86 = Mul(vTex0.y, U_Mate.gWrkFl4[0].y);
o5.y = Texture(s5, var84, var86).y;

var84 = Mul(vTex0.x, U_Mate.gWrkFl4[0].x);
var86 = Mul(vTex0.y, U_Mate.gWrkFl4[0].y);
o5.z = Texture(s5, var84, var86).z;

o5.w = 0.0;

var91 = Mul(vPos.x, U_Mdl.gMdlParm.y);
var93 = Mul(var91, U_VolTexCalc.gVolTexCalcWork[0].x);
var94 = Mul(vPos.y, U_Mdl.gMdlParm.y);
var96 = Mul(var94, U_VolTexCalc.gVolTexCalcWork[0].y);
var97 = Mul(vPos.z, U_Mdl.gMdlParm.y);
var99 = Mul(var97, U_VolTexCalc.gVolTexCalcWork[0].z);
var102 = Sub(var91, U_VolTexCalc.gVolTexCalcWork[1].x);
var103 = Mul(var102, var102);
var105 = Sub(var94, U_VolTexCalc.gVolTexCalcWork[1].y);
var106 = Mix(var103, var94, var105);
var108 = Sub(var97, U_VolTexCalc.gVolTexCalcWork[1].z);
var109 = Mix(var106, var97, var108);
var110 = Sqrt(var109);
var112 = Min(var110, U_VolTexCalc.gVolTexCalcWork[4].z);
var113 = Div(var112, U_VolTexCalc.gVolTexCalcWork[4].z);
var115 = Negate(U_VolTexCalc.gVolTexCalcWork[4].w);
var117 = Add(U_VolTexCalc.gVolTexCalcWork[4].w, U_VolTexCalc.gVolTexCalcWork[1].w);
var119 = Fma(var117, U_VolTexCalc.gVolTexCalcWork[0].w, U_VolTexCalc.gVolTexCalcWork[0].w);
var120 = Fma(var113, var115, var119);
var121 = Sub(var120, U_VolTexCalc.gVolTexCalcWork[1].w);
var122 = Less(Texture(volTex0, var93, var96, var99).x, var121);
discard = var122;

var5 = Mul(Texture(s2, vTex0.x, vTex0.y).xxx, U_Mate.gWrkFl4[0].zzz);
var6 = Mix(Texture(s0, vTex0.x, vTex0.y).xyz, Texture(s1, vTex0.x, vTex0.y).xyz, var5);
var7 = Mul(vColor.xyz, var6);
o0.xyz = var7;

var84 = Mul(vTex0.x, U_Mate.gWrkFl4[0].x);
var86 = Mul(vTex0.y, U_Mate.gWrkFl4[0].y);
o5.xyz = Texture(s5, var84, var86).xyz;
