---
source: xc3_shader/src/database.rs
---
var6 = Mix(Texture(s0, vTex0.x, vTex0.y).x, Texture(s1, vTex0.x, vTex0.y).x, U_Mate.gWrkFl4[1].z);
var7 = Mul(vColor.x, var6);
o0.x = var7;

var11 = Mix(Texture(s0, vTex0.x, vTex0.y).y, Texture(s1, vTex0.x, vTex0.y).y, U_Mate.gWrkFl4[1].z);
var12 = Mul(vColor.y, var11);
o0.y = var12;

var16 = Mix(Texture(s0, vTex0.x, vTex0.y).z, Texture(s1, vTex0.x, vTex0.y).z, U_Mate.gWrkFl4[1].z);
var17 = Mul(vColor.z, var16);
o0.z = var17;

var19 = IntBitsToFloat(0);
o0.w = var19;

var22 = Mul(Texture(s7, vTex0.x, vTex0.y).z, U_Mate.gWrkFl4[2].x);
o1.x = var22;

var26 = Mix(U_Mate.gWrkFl4[0].x, Texture(s7, vTex0.x, vTex0.y).x, U_Mate.gWrkFl4[1].w);
o1.y = var26;

o1.z = U_Mate.gWrkFl4[2].y;

o1.w = 0.07098039;

var32 = Mul(vTex0.x, U_Mate.gWrkFl4[0].z);
var34 = Mul(vTex0.y, U_Mate.gWrkFl4[0].w);
var38 = AddNormalX(Texture(s2, vTex0.x, vTex0.y).x, Texture(s2, vTex0.x, vTex0.y).y, Texture(s3, var32, var34).x, Texture(s3, var32, var34).y, Texture(s4, vTex0.x, vTex0.y).x);
var39 = AddNormalY(Texture(s2, vTex0.x, vTex0.y).x, Texture(s2, vTex0.x, vTex0.y).y, Texture(s3, var32, var34).x, Texture(s3, var32, var34).y, Texture(s4, vTex0.x, vTex0.y).x);
var41 = Mul(vTex0.x, U_Mate.gWrkFl4[1].x);
var43 = Mul(vTex0.y, U_Mate.gWrkFl4[1].y);
var47 = AddNormalX(var38, var39, Texture(s5, var41, var43).x, Texture(s5, var41, var43).y, Texture(s6, vTex0.x, vTex0.y).x);
o2.x = var47;

var32 = Mul(vTex0.x, U_Mate.gWrkFl4[0].z);
var34 = Mul(vTex0.y, U_Mate.gWrkFl4[0].w);
var38 = AddNormalX(Texture(s2, vTex0.x, vTex0.y).x, Texture(s2, vTex0.x, vTex0.y).y, Texture(s3, var32, var34).x, Texture(s3, var32, var34).y, Texture(s4, vTex0.x, vTex0.y).x);
var39 = AddNormalY(Texture(s2, vTex0.x, vTex0.y).x, Texture(s2, vTex0.x, vTex0.y).y, Texture(s3, var32, var34).x, Texture(s3, var32, var34).y, Texture(s4, vTex0.x, vTex0.y).x);
var41 = Mul(vTex0.x, U_Mate.gWrkFl4[1].x);
var43 = Mul(vTex0.y, U_Mate.gWrkFl4[1].y);
var48 = AddNormalY(var38, var39, Texture(s5, var41, var43).x, Texture(s5, var41, var43).y, Texture(s6, vTex0.x, vTex0.y).x);
o2.y = var48;

var50 = Max(vColor.x, vColor.y);
var51 = Max(vColor.z, var50);
var52 = Mul(Texture(s7, vTex0.x, vTex0.y).y, var51);
o2.z = var52;

var56 = Div(1.0, vPos.w);
var57 = Div(vPos.x, vPos.w);
var58 = Negate(var57);
var59 = Fma(vPos.x, var56, var58);
var61 = Mul(var59, 0.5);
var62 = Abs(var61);
var64 = Div(vPos.y, vPos.w);
var65 = Negate(var64);
var66 = Fma(vPos.y, var56, var65);
var67 = Mul(var66, 0.5);
var68 = Abs(var67);
var69 = Max(var62, var68);
var70 = Max(var69, 1.0);
var71 = Div(var61, var70);
var72 = Abs(var71);
var73 = InverseSqrt(var72);
var74 = Div(1.0, var73);
o3.x = var74;

var56 = Div(1.0, vPos.w);
var64 = Div(vPos.y, vPos.w);
var65 = Negate(var64);
var66 = Fma(vPos.y, var56, var65);
var67 = Mul(var66, 0.5);
var57 = Div(vPos.x, vPos.w);
var58 = Negate(var57);
var59 = Fma(vPos.x, var56, var58);
var61 = Mul(var59, 0.5);
var62 = Abs(var61);
var68 = Abs(var67);
var69 = Max(var62, var68);
var70 = Max(var69, 1.0);
var75 = Div(var67, var70);
var76 = Abs(var75);
var77 = InverseSqrt(var76);
var78 = Div(1.0, var77);
o3.y = var78;

o3.z = 0.0;

var56 = Div(1.0, vPos.w);
var57 = Div(vPos.x, vPos.w);
var58 = Negate(var57);
var59 = Fma(vPos.x, var56, var58);
var61 = Mul(var59, 0.5);
var62 = Abs(var61);
var64 = Div(vPos.y, vPos.w);
var65 = Negate(var64);
var66 = Fma(vPos.y, var56, var65);
var67 = Mul(var66, 0.5);
var68 = Abs(var67);
var69 = Max(var62, var68);
var70 = Max(var69, 1.0);
var71 = Div(var61, var70);
var80 = GreaterEqual(var71, 0.0);
var81 = Not(var80);
var82 = Select(var81, 0.0, 1.0);
var75 = Div(var67, var70);
var84 = GreaterEqual(var75, 0.0);
var85 = Not(var84);
var86 = Select(var85, 0.0, 1.0);
var88 = Mul(var86, 0.6666667);
var89 = Fma(var82, 0.33333334, var88);
var91 = Add(var89, 0.01);
o3.w = var91;

var94 = Mul(vPos.z, 8.0);
var95 = Floor(var94);
var96 = Sub(var94, var95);
o4.x = var96;

var94 = Mul(vPos.z, 8.0);
var95 = Floor(var94);
var98 = Mul(var95, 0.003921569);
var99 = Floor(var98);
var100 = Sub(var98, var99);
o4.y = var100;

var94 = Mul(vPos.z, 8.0);
var95 = Floor(var94);
var98 = Mul(var95, 0.003921569);
var99 = Floor(var98);
var101 = Mul(var99, 0.003921569);
o4.z = var101;

o4.w = 0.0;

o5.x = Texture(s8, vTex0.x, vTex0.y).x;

o5.y = Texture(s8, vTex0.x, vTex0.y).y;

o5.z = Texture(s8, vTex0.x, vTex0.y).z;

o5.w = 0.0;

var106 = Mul(vPos.x, U_Mdl.gMdlParm.y);
var108 = Mul(var106, U_VolTexCalc.gVolTexCalcWork[0].x);
var109 = Mul(vPos.y, U_Mdl.gMdlParm.y);
var111 = Mul(var109, U_VolTexCalc.gVolTexCalcWork[0].y);
var112 = Mul(vPos.z, U_Mdl.gMdlParm.y);
var114 = Mul(var112, U_VolTexCalc.gVolTexCalcWork[0].z);
var117 = Sub(var106, U_VolTexCalc.gVolTexCalcWork[1].x);
var118 = Mul(var117, var117);
var120 = Sub(var109, U_VolTexCalc.gVolTexCalcWork[1].y);
var121 = Mix(var118, var109, var120);
var123 = Sub(var112, U_VolTexCalc.gVolTexCalcWork[1].z);
var124 = Mix(var121, var112, var123);
var125 = Sqrt(var124);
var127 = Min(var125, U_VolTexCalc.gVolTexCalcWork[4].z);
var128 = Div(var127, U_VolTexCalc.gVolTexCalcWork[4].z);
var130 = Negate(U_VolTexCalc.gVolTexCalcWork[4].w);
var132 = Add(U_VolTexCalc.gVolTexCalcWork[1].w, U_VolTexCalc.gVolTexCalcWork[4].w);
var134 = Fma(var132, U_VolTexCalc.gVolTexCalcWork[0].w, U_VolTexCalc.gVolTexCalcWork[0].w);
var135 = Fma(var128, var130, var134);
var136 = Sub(var135, U_VolTexCalc.gVolTexCalcWork[1].w);
var137 = Less(Texture(volTex0, var108, var111, var114).x, var136);
discard = var137;

var4 = Mix(Texture(s0, vTex0.x, vTex0.y).xyz, Texture(s1, vTex0.x, vTex0.y).xyz, U_Mate.gWrkFl4[1].zzz);
var5 = Mul(vColor.xyz, var4);
o0.xyz = var5;

o5.xyz = Texture(s8, vTex0.x, vTex0.y).xyz;
