---
source: xc3_shader/src/database.rs
---
o0.x = Texture(s0, vTex0.x, vTex0.y).x;

o0.y = Texture(s0, vTex0.x, vTex0.y).y;

o0.z = Texture(s0, vTex0.x, vTex0.y).z;

var6 = IntBitsToFloat(0);
o0.w = var6;

var9 = Mul(vTex0.x, U_Mate.gWrkFl4.x);
var11 = Mul(vTex0.y, U_Mate.gWrkFl4.y);
var14 = OverlayRatio(Texture(s2, vTex0.x, vTex0.y).y, Texture(s4, var9, var11).y, Texture(s5, vTex0.x, vTex0.y).x);
o1.x = var14;

o1.y = Texture(s2, vTex0.x, vTex0.y).x;

o1.z = 0.0;

o1.w = 0.0043137255;

o2.x = Texture(s1, vTex0.x, vTex0.y).x;

o2.y = Texture(s1, vTex0.x, vTex0.y).y;

o2.z = Texture(s3, vTex0.x, vTex0.y).z;

var24 = Div(1.0, vPos.w);
var25 = Div(vPos.x, vPos.w);
var26 = Negate(var25);
var27 = Fma(vPos.x, var24, var26);
var29 = Mul(var27, 0.5);
var30 = Abs(var29);
var32 = Div(vPos.y, vPos.w);
var33 = Negate(var32);
var34 = Fma(vPos.y, var24, var33);
var35 = Mul(var34, 0.5);
var36 = Abs(var35);
var37 = Max(var30, var36);
var38 = Max(var37, 1.0);
var39 = Div(var29, var38);
var40 = Abs(var39);
var41 = InverseSqrt(var40);
var42 = Div(1.0, var41);
o3.x = var42;

var24 = Div(1.0, vPos.w);
var32 = Div(vPos.y, vPos.w);
var33 = Negate(var32);
var34 = Fma(vPos.y, var24, var33);
var35 = Mul(var34, 0.5);
var25 = Div(vPos.x, vPos.w);
var26 = Negate(var25);
var27 = Fma(vPos.x, var24, var26);
var29 = Mul(var27, 0.5);
var30 = Abs(var29);
var36 = Abs(var35);
var37 = Max(var30, var36);
var38 = Max(var37, 1.0);
var43 = Div(var35, var38);
var44 = Abs(var43);
var45 = InverseSqrt(var44);
var46 = Div(1.0, var45);
o3.y = var46;

o3.z = 0.0;

var24 = Div(1.0, vPos.w);
var25 = Div(vPos.x, vPos.w);
var26 = Negate(var25);
var27 = Fma(vPos.x, var24, var26);
var29 = Mul(var27, 0.5);
var30 = Abs(var29);
var32 = Div(vPos.y, vPos.w);
var33 = Negate(var32);
var34 = Fma(vPos.y, var24, var33);
var35 = Mul(var34, 0.5);
var36 = Abs(var35);
var37 = Max(var30, var36);
var38 = Max(var37, 1.0);
var39 = Div(var29, var38);
var47 = GreaterEqual(var39, 0.0);
var48 = Not(var47);
var49 = Select(var48, 0.0, 1.0);
var43 = Div(var35, var38);
var51 = GreaterEqual(var43, 0.0);
var52 = Not(var51);
var53 = Select(var52, 0.0, 1.0);
var55 = Mul(var53, 0.6666667);
var56 = Fma(var49, 0.33333334, var55);
var58 = Add(var56, 0.01);
o3.w = var58;

var61 = Mul(vPos.z, 8.0);
var62 = Floor(var61);
var63 = Sub(var61, var62);
o4.x = var63;

var61 = Mul(vPos.z, 8.0);
var62 = Floor(var61);
var65 = Mul(var62, 0.003921569);
var66 = Floor(var65);
var67 = Sub(var65, var66);
o4.y = var67;

var61 = Mul(vPos.z, 8.0);
var62 = Floor(var61);
var65 = Mul(var62, 0.003921569);
var66 = Floor(var65);
var68 = Mul(var66, 0.003921569);
o4.z = var68;

o4.w = 0.0;

var70 = Mul(vPos.x, U_Mdl.gMdlParm.y);
var72 = Mul(var70, U_VolTexCalc.gVolTexCalcWork[0].x);
var73 = Mul(vPos.y, U_Mdl.gMdlParm.y);
var75 = Mul(var73, U_VolTexCalc.gVolTexCalcWork[0].y);
var76 = Mul(vPos.z, U_Mdl.gMdlParm.y);
var78 = Mul(var76, U_VolTexCalc.gVolTexCalcWork[0].z);
var81 = Sub(var70, U_VolTexCalc.gVolTexCalcWork[1].x);
var82 = Mul(var81, var81);
var84 = Sub(var73, U_VolTexCalc.gVolTexCalcWork[1].y);
var85 = Mix(var82, var73, var84);
var87 = Sub(var76, U_VolTexCalc.gVolTexCalcWork[1].z);
var88 = Mix(var85, var76, var87);
var89 = Sqrt(var88);
var91 = Min(var89, U_VolTexCalc.gVolTexCalcWork[4].z);
var92 = Div(var91, U_VolTexCalc.gVolTexCalcWork[4].z);
var94 = Negate(U_VolTexCalc.gVolTexCalcWork[4].w);
var96 = Add(U_VolTexCalc.gVolTexCalcWork[4].w, U_VolTexCalc.gVolTexCalcWork[1].w);
var98 = Fma(var96, U_VolTexCalc.gVolTexCalcWork[0].w, U_VolTexCalc.gVolTexCalcWork[0].w);
var99 = Fma(var92, var94, var98);
var100 = Sub(var99, U_VolTexCalc.gVolTexCalcWork[1].w);
var101 = Less(Texture(volTex0, var72, var75, var78).x, var100);
discard = var101;

o0.xyz = Texture(s0, vTex0.x, vTex0.y).xyz;
