---
source: xc3_shader/src/database.rs
---
var4 = Mul(vTex0.x, U_Mate.gWrkFl4[0].z);
var6 = Mul(vTex0.y, U_Mate.gWrkFl4[0].w);
var9 = Mix(Texture(s0, vTex0.x, vTex0.y).x, Texture(s0, var4, var6).x, U_Mate.gWrkFl4[2].x);
var10 = Mul(var9, var9);
var11 = Mul(var9, var10);
var12 = Mul(var9, var11);
var15 = Clamp(var12, 0.0, 1.0);
var17 = Mul(var9, 2.0);
var19 = Mul(var17, U_Mate.gWrkCol.x);
var20 = Negate(var19);
var21 = Fma(var15, var20, var19);
var23 = Fma(var9, -2.0, 2.0);
var24 = Negate(U_Mate.gWrkCol.x);
var25 = Fma(var23, var24, var23);
var26 = Negate(var25);
var27 = Fma(var15, var26, var15);
var28 = Add(var21, var27);
var30 = Mix(var9, var28, U_Mate.gWrkFl4[2].y);
var32 = Mul(vTex0.x, U_Mate.gWrkFl4[1].x);
var34 = Mul(vTex0.y, U_Mate.gWrkFl4[1].y);
var37 = Mix(var30, Texture(s1, var32, var34).x, Texture(s2, vTex0.x, vTex0.y).x);
var39 = Max(var37, Texture(s3, vTex0.x, vTex0.y).x);
var40 = Mix(var37, var39, Texture(s2, vTex0.x, vTex0.y).x);
var42 = Mul(var40, vColor.x);
o0.x = var42;

var4 = Mul(vTex0.x, U_Mate.gWrkFl4[0].z);
var6 = Mul(vTex0.y, U_Mate.gWrkFl4[0].w);
var45 = Mix(Texture(s0, vTex0.x, vTex0.y).y, Texture(s0, var4, var6).y, U_Mate.gWrkFl4[2].x);
var46 = Mul(var45, var45);
var47 = Mul(var45, var46);
var48 = Mul(var45, var47);
var49 = Clamp(var48, 0.0, 1.0);
var50 = Mul(var45, 2.0);
var52 = Mul(var50, U_Mate.gWrkCol.y);
var53 = Negate(var52);
var54 = Fma(var49, var53, var52);
var55 = Fma(var45, -2.0, 2.0);
var56 = Negate(U_Mate.gWrkCol.y);
var57 = Fma(var55, var56, var55);
var58 = Negate(var57);
var59 = Fma(var49, var58, var49);
var60 = Add(var54, var59);
var61 = Mix(var45, var60, U_Mate.gWrkFl4[2].y);
var32 = Mul(vTex0.x, U_Mate.gWrkFl4[1].x);
var34 = Mul(vTex0.y, U_Mate.gWrkFl4[1].y);
var63 = Mix(var61, Texture(s1, var32, var34).y, Texture(s2, vTex0.x, vTex0.y).x);
var65 = Max(var63, Texture(s3, vTex0.x, vTex0.y).y);
var66 = Mix(var63, var65, Texture(s2, vTex0.x, vTex0.y).x);
var68 = Mul(var66, vColor.y);
o0.y = var68;

var4 = Mul(vTex0.x, U_Mate.gWrkFl4[0].z);
var6 = Mul(vTex0.y, U_Mate.gWrkFl4[0].w);
var71 = Mix(Texture(s0, vTex0.x, vTex0.y).z, Texture(s0, var4, var6).z, U_Mate.gWrkFl4[2].x);
var72 = Mul(var71, var71);
var73 = Mul(var71, var72);
var74 = Mul(var71, var73);
var75 = Clamp(var74, 0.0, 1.0);
var76 = Mul(var71, 2.0);
var78 = Mul(var76, U_Mate.gWrkCol.z);
var79 = Negate(var78);
var80 = Fma(var75, var79, var78);
var81 = Fma(var71, -2.0, 2.0);
var82 = Negate(U_Mate.gWrkCol.z);
var83 = Fma(var81, var82, var81);
var84 = Negate(var83);
var85 = Fma(var75, var84, var75);
var86 = Add(var80, var85);
var87 = Mix(var71, var86, U_Mate.gWrkFl4[2].y);
var32 = Mul(vTex0.x, U_Mate.gWrkFl4[1].x);
var34 = Mul(vTex0.y, U_Mate.gWrkFl4[1].y);
var89 = Mix(var87, Texture(s1, var32, var34).z, Texture(s2, vTex0.x, vTex0.y).x);
var91 = Max(var89, Texture(s3, vTex0.x, vTex0.y).z);
var92 = Mix(var89, var91, Texture(s2, vTex0.x, vTex0.y).x);
var94 = Mul(var92, vColor.z);
o0.z = var94;

o0.w = 0.0;

o1.x = U_Mate.gWrkFl4[3].y;

var98 = MulRatio(Texture(s8, vTex0.x, vTex0.y).x, U_Mate.gWrkFl4[0].x, Texture(s2, vTex0.x, vTex0.y).x);
o1.y = var98;

o1.z = 0.0;

o1.w = 0.0043137255;

var4 = Mul(vTex0.x, U_Mate.gWrkFl4[0].z);
var6 = Mul(vTex0.y, U_Mate.gWrkFl4[0].w);
var105 = AddNormalX(Texture(s4, vTex0.x, vTex0.y).x, Texture(s4, vTex0.x, vTex0.y).y, Texture(s4, var4, var6).x, Texture(s4, var4, var6).y, U_Mate.gWrkFl4[2].z);
var106 = AddNormalY(Texture(s4, vTex0.x, vTex0.y).x, Texture(s4, vTex0.x, vTex0.y).y, Texture(s4, var4, var6).x, Texture(s4, var4, var6).y, U_Mate.gWrkFl4[2].z);
var108 = Mul(vTex0.x, U_Mate.gWrkFl4[1].z);
var110 = Mul(vTex0.y, U_Mate.gWrkFl4[1].w);
var114 = AddNormalX(var105, var106, Texture(s5, var108, var110).x, Texture(s5, var108, var110).y, U_Mate.gWrkFl4[2].w);
var115 = AddNormalY(var105, var106, Texture(s5, var108, var110).x, Texture(s5, var108, var110).y, U_Mate.gWrkFl4[2].w);
var119 = AddNormalX(var114, var115, Texture(s6, vTex0.x, vTex0.y).x, Texture(s6, vTex0.x, vTex0.y).y, U_Mate.gWrkFl4[3].x);
var120 = AddNormalY(var114, var115, Texture(s6, vTex0.x, vTex0.y).x, Texture(s6, vTex0.x, vTex0.y).y, U_Mate.gWrkFl4[3].x);
var32 = Mul(vTex0.x, U_Mate.gWrkFl4[1].x);
var34 = Mul(vTex0.y, U_Mate.gWrkFl4[1].y);
var123 = AddNormalX(var119, var120, Texture(s7, var32, var34).x, Texture(s7, var32, var34).y, Texture(s2, vTex0.x, vTex0.y).x);
o2.x = var123;

var4 = Mul(vTex0.x, U_Mate.gWrkFl4[0].z);
var6 = Mul(vTex0.y, U_Mate.gWrkFl4[0].w);
var105 = AddNormalX(Texture(s4, vTex0.x, vTex0.y).x, Texture(s4, vTex0.x, vTex0.y).y, Texture(s4, var4, var6).x, Texture(s4, var4, var6).y, U_Mate.gWrkFl4[2].z);
var106 = AddNormalY(Texture(s4, vTex0.x, vTex0.y).x, Texture(s4, vTex0.x, vTex0.y).y, Texture(s4, var4, var6).x, Texture(s4, var4, var6).y, U_Mate.gWrkFl4[2].z);
var108 = Mul(vTex0.x, U_Mate.gWrkFl4[1].z);
var110 = Mul(vTex0.y, U_Mate.gWrkFl4[1].w);
var114 = AddNormalX(var105, var106, Texture(s5, var108, var110).x, Texture(s5, var108, var110).y, U_Mate.gWrkFl4[2].w);
var115 = AddNormalY(var105, var106, Texture(s5, var108, var110).x, Texture(s5, var108, var110).y, U_Mate.gWrkFl4[2].w);
var119 = AddNormalX(var114, var115, Texture(s6, vTex0.x, vTex0.y).x, Texture(s6, vTex0.x, vTex0.y).y, U_Mate.gWrkFl4[3].x);
var120 = AddNormalY(var114, var115, Texture(s6, vTex0.x, vTex0.y).x, Texture(s6, vTex0.x, vTex0.y).y, U_Mate.gWrkFl4[3].x);
var32 = Mul(vTex0.x, U_Mate.gWrkFl4[1].x);
var34 = Mul(vTex0.y, U_Mate.gWrkFl4[1].y);
var124 = AddNormalY(var119, var120, Texture(s7, var32, var34).x, Texture(s7, var32, var34).y, Texture(s2, vTex0.x, vTex0.y).x);
o2.y = var124;

var125 = Max(vColor.x, vColor.y);
var126 = Max(vColor.z, var125);
var108 = Mul(vTex0.x, U_Mate.gWrkFl4[1].z);
var110 = Mul(vTex0.y, U_Mate.gWrkFl4[1].w);
var129 = Mul(Texture(s8, vTex0.x, vTex0.y).y, Texture(s9, var108, var110).x);
var130 = Mul(var126, var129);
o2.z = var130;

var133 = Div(1.0, vPos.w);
var134 = Div(vPos.x, vPos.w);
var135 = Negate(var134);
var136 = Fma(vPos.x, var133, var135);
var138 = Mul(var136, 0.5);
var139 = Abs(var138);
var141 = Div(vPos.y, vPos.w);
var142 = Negate(var141);
var143 = Fma(vPos.y, var133, var142);
var144 = Mul(var143, 0.5);
var145 = Abs(var144);
var146 = Max(var139, var145);
var147 = Max(var146, 1.0);
var148 = Div(var138, var147);
var149 = Abs(var148);
var150 = InverseSqrt(var149);
var151 = Div(1.0, var150);
o3.x = var151;

var133 = Div(1.0, vPos.w);
var141 = Div(vPos.y, vPos.w);
var142 = Negate(var141);
var143 = Fma(vPos.y, var133, var142);
var144 = Mul(var143, 0.5);
var134 = Div(vPos.x, vPos.w);
var135 = Negate(var134);
var136 = Fma(vPos.x, var133, var135);
var138 = Mul(var136, 0.5);
var139 = Abs(var138);
var145 = Abs(var144);
var146 = Max(var139, var145);
var147 = Max(var146, 1.0);
var152 = Div(var144, var147);
var153 = Abs(var152);
var154 = InverseSqrt(var153);
var155 = Div(1.0, var154);
o3.y = var155;

o3.z = 0.0;

var133 = Div(1.0, vPos.w);
var134 = Div(vPos.x, vPos.w);
var135 = Negate(var134);
var136 = Fma(vPos.x, var133, var135);
var138 = Mul(var136, 0.5);
var139 = Abs(var138);
var141 = Div(vPos.y, vPos.w);
var142 = Negate(var141);
var143 = Fma(vPos.y, var133, var142);
var144 = Mul(var143, 0.5);
var145 = Abs(var144);
var146 = Max(var139, var145);
var147 = Max(var146, 1.0);
var148 = Div(var138, var147);
var156 = GreaterEqual(var148, 0.0);
var157 = Select(var156, 1.0, 0.0);
var152 = Div(var144, var147);
var159 = GreaterEqual(var152, 0.0);
var160 = Select(var159, 1.0, 0.0);
var162 = Mul(var160, 0.6666667);
var163 = Fma(var157, 0.33333334, var162);
var165 = Add(var163, 0.01);
o3.w = var165;

var168 = Mul(vPos.z, 8.0);
var169 = Floor(var168);
var170 = Sub(var168, var169);
o4.x = var170;

var168 = Mul(vPos.z, 8.0);
var169 = Floor(var168);
var172 = Mul(var169, 0.003921569);
var173 = Floor(var172);
var174 = Sub(var172, var173);
o4.y = var174;

var168 = Mul(vPos.z, 8.0);
var169 = Floor(var168);
var172 = Mul(var169, 0.003921569);
var173 = Floor(var172);
var175 = Mul(var173, 0.003921569);
o4.z = var175;

o4.w = 0.0;

var4 = Mul(vTex0.x, U_Mate.gWrkFl4[0].z);
var6 = Mul(vTex0.y, U_Mate.gWrkFl4[0].w);
var3 = Mix(Texture(s0, vTex0.x, vTex0.y).xyz, Texture(s0, var4, var6).xyz, U_Mate.gWrkFl4[2].xxx);
var4 = Mul(var3, var3);
var5 = Mul(var3, var4);
var6 = Mul(var3, var5);
var9 = Clamp(var6, [0.0, 0.0, 0.0], [1.0, 1.0, 1.0]);
var11 = Mul(var3, [2.0, 2.0, 2.0]);
var13 = Mul(var11, U_Mate.gWrkCol.xyz);
var14 = Negate(var13);
var15 = Fma(var9, var14, var13);
var17 = Fma(var3, [-2.0, -2.0, -2.0], [2.0, 2.0, 2.0]);
var18 = Negate(U_Mate.gWrkCol.xyz);
var19 = Fma(var17, var18, var17);
var20 = Negate(var19);
var21 = Fma(var9, var20, var9);
var22 = Add(var15, var21);
var24 = Mix(var3, var22, U_Mate.gWrkFl4[2].yyy);
var32 = Mul(vTex0.x, U_Mate.gWrkFl4[1].x);
var34 = Mul(vTex0.y, U_Mate.gWrkFl4[1].y);
var27 = Mix(var24, Texture(s1, var32, var34).xyz, Texture(s2, vTex0.x, vTex0.y).xxx);
var29 = Max(var27, Texture(s3, vTex0.x, vTex0.y).xyz);
var30 = Mix(var27, var29, Texture(s2, vTex0.x, vTex0.y).xxx);
var32 = Mul(var30, vColor.xyz);
o0.xyz = var32;
