---
source: xc3_shader/src/database.rs
---
var0 = vColor.x;
var1 = U_Mate.gMatCol.x;
var2 = Mul(var0, var1);
var3 = vColor.y;
var4 = U_Mate.gMatCol.y;
var5 = Mul(var3, var4);
var6 = vColor.z;
var7 = U_Mate.gMatCol.z;
var8 = Mul(var6, var7);
var9 = U_Mate.gWrkFl4[1].z;
var10 = MonochromeX(var2, var5, var8, var9);
o0.x = var10;

var0 = vColor.x;
var1 = U_Mate.gMatCol.x;
var2 = Mul(var0, var1);
var3 = vColor.y;
var4 = U_Mate.gMatCol.y;
var5 = Mul(var3, var4);
var6 = vColor.z;
var7 = U_Mate.gMatCol.z;
var8 = Mul(var6, var7);
var9 = U_Mate.gWrkFl4[1].z;
var11 = MonochromeY(var2, var5, var8, var9);
o0.y = var11;

var0 = vColor.x;
var1 = U_Mate.gMatCol.x;
var2 = Mul(var0, var1);
var3 = vColor.y;
var4 = U_Mate.gMatCol.y;
var5 = Mul(var3, var4);
var6 = vColor.z;
var7 = U_Mate.gMatCol.z;
var8 = Mul(var6, var7);
var9 = U_Mate.gWrkFl4[1].z;
var12 = MonochromeZ(var2, var5, var8, var9);
o0.z = var12;

var13 = 0.0;
o0.w = var13;

var13 = 0.0;
o1.x = var13;

var14 = 1.0;
var15 = vNormal.x;
var16 = vNormal.y;
var17 = U_Bone.data;
var18 = UintBitsToFloat(var17);
var19 = vNormal.z;
var20 = Mul(var18, var15);
var21 = Fma(var18, var16, var20);
var22 = Fma(var18, var19, var21);
var23 = Abs(var22);
var24 = NormalizeZ(var15, var16, var23);
var25 = PartialDerivativeX(var24);
var26 = NormalizeY(var15, var16, var23);
var27 = PartialDerivativeX(var26);
var28 = NormalizeX(var15, var16, var23);
var29 = PartialDerivativeX(var28);
var30 = Mul(var29, var29);
var31 = Fma(var27, var27, var30);
var32 = Fma(var25, var25, var31);
var33 = PartialDerivativeY(var24);
var34 = PartialDerivativeY(var26);
var35 = PartialDerivativeY(var28);
var36 = Mul(var35, var35);
var37 = Fma(var34, var34, var36);
var38 = Fma(var33, var33, var37);
var39 = Add(var32, var38);
var40 = 0.5;
var41 = Mul(var39, var40);
var42 = 0.18;
var43 = Min(var41, var42);
var44 = Add(var43, var14);
var13 = 0.0;
var45 = Clamp(var44, var13, var14);
var46 = Sqrt(var45);
var47 = Sub(var14, var46);
o1.y = var47;

var48 = U_Mate.gWrkFl4[0].x;
o1.z = var48;

var49 = 0.039607845;
o1.w = var49;

var14 = 1.0;
o2.z = var14;

var14 = 1.0;
var17 = U_Bone.data;
var18 = UintBitsToFloat(var17);
var19 = vNormal.z;
var16 = vNormal.y;
var15 = vNormal.x;
var20 = Mul(var18, var15);
var21 = Fma(var18, var16, var20);
var22 = Fma(var18, var19, var21);
var50 = vPos.w;
var51 = vPos.z;
var52 = vPos.y;
var53 = vPos.x;
var54 = Mul(var18, var53);
var55 = Fma(var18, var52, var54);
var56 = Fma(var18, var51, var55);
var57 = Fma(var18, var50, var56);
var58 = vColor.w;
var59 = U_Mate.gWrkFl4[0].z;
var60 = Mul(var58, var59);
var61 = Negate(var60);
var62 = Mul(var57, var61);
var63 = U_Static.gmProj[1].y;
var64 = Div(var62, var63);
var65 = U_Toon2.gToonParam[2].z;
var66 = U_Toon2.gToonParam[2].y;
var67 = U_Toon2.gToonParam[2].x;
var68 = Mul(var22, var67);
var69 = Fma(var22, var66, var68);
var70 = Fma(var22, var65, var69);
var40 = 0.5;
var71 = Fma(var70, var40, var40);
var13 = 0.0;
var72 = Clamp(var71, var13, var14);
var73 = U_Toon2.gToonParam[3].z;
var74 = Negate(var73);
var75 = Mul(var72, var74);
var76 = Fma(var64, var75, var64);
var77 = Fma(var22, var76, var57);
var78 = U_Static.gmProj[3].z;
var79 = U_Static.gmProj[3].y;
var80 = U_Static.gmProj[3].x;
var81 = Mul(var77, var80);
var82 = Fma(var77, var79, var81);
var83 = Fma(var77, var78, var82);
var84 = U_Static.gmProj[3].w;
var85 = Add(var83, var84);
var86 = Div(var14, var85);
var87 = U_Static.gmProj[0].z;
var88 = U_Static.gmProj[0].y;
var89 = U_Static.gmProj[0].x;
var90 = Mul(var77, var89);
var91 = Fma(var77, var88, var90);
var92 = Fma(var77, var87, var91);
var93 = U_Static.gmProj[0].w;
var94 = Add(var92, var93);
var95 = U_OdB.data;
var96 = UintBitsToFloat(var95);
var97 = Mul(var96, var53);
var98 = Fma(var96, var52, var97);
var99 = Fma(var96, var51, var98);
var100 = Fma(var96, var50, var99);
var101 = Fma(var22, var76, var100);
var102 = Mul(var101, var89);
var103 = Fma(var101, var88, var102);
var104 = Fma(var101, var87, var103);
var105 = Add(var104, var93);
var106 = Mul(var101, var80);
var107 = Fma(var101, var79, var106);
var108 = Fma(var101, var78, var107);
var109 = Add(var108, var84);
var110 = Div(var105, var109);
var111 = Negate(var110);
var112 = Fma(var86, var94, var111);
var113 = Mul(var112, var40);
var114 = Abs(var113);
var115 = U_Static.gmProj[1].z;
var116 = U_Static.gmProj[1].x;
var117 = Mul(var77, var116);
var118 = Fma(var77, var63, var117);
var119 = Fma(var77, var115, var118);
var120 = U_Static.gmProj[1].w;
var121 = Add(var119, var120);
var122 = Mul(var101, var116);
var123 = Fma(var101, var63, var122);
var124 = Fma(var101, var115, var123);
var125 = Add(var124, var120);
var126 = Div(var125, var109);
var127 = Negate(var126);
var128 = Fma(var86, var121, var127);
var129 = Mul(var128, var40);
var130 = Abs(var129);
var131 = Max(var114, var130);
var132 = Max(var131, var14);
var133 = Div(var113, var132);
var134 = Abs(var133);
var135 = InverseSqrt(var134);
var136 = Div(var14, var135);
o3.x = var136;

var14 = 1.0;
var17 = U_Bone.data;
var18 = UintBitsToFloat(var17);
var19 = vNormal.z;
var16 = vNormal.y;
var15 = vNormal.x;
var20 = Mul(var18, var15);
var21 = Fma(var18, var16, var20);
var22 = Fma(var18, var19, var21);
var50 = vPos.w;
var51 = vPos.z;
var52 = vPos.y;
var53 = vPos.x;
var54 = Mul(var18, var53);
var55 = Fma(var18, var52, var54);
var56 = Fma(var18, var51, var55);
var57 = Fma(var18, var50, var56);
var58 = vColor.w;
var59 = U_Mate.gWrkFl4[0].z;
var60 = Mul(var58, var59);
var61 = Negate(var60);
var62 = Mul(var57, var61);
var63 = U_Static.gmProj[1].y;
var64 = Div(var62, var63);
var65 = U_Toon2.gToonParam[2].z;
var66 = U_Toon2.gToonParam[2].y;
var67 = U_Toon2.gToonParam[2].x;
var68 = Mul(var22, var67);
var69 = Fma(var22, var66, var68);
var70 = Fma(var22, var65, var69);
var40 = 0.5;
var71 = Fma(var70, var40, var40);
var13 = 0.0;
var72 = Clamp(var71, var13, var14);
var73 = U_Toon2.gToonParam[3].z;
var74 = Negate(var73);
var75 = Mul(var72, var74);
var76 = Fma(var64, var75, var64);
var77 = Fma(var22, var76, var57);
var78 = U_Static.gmProj[3].z;
var79 = U_Static.gmProj[3].y;
var80 = U_Static.gmProj[3].x;
var81 = Mul(var77, var80);
var82 = Fma(var77, var79, var81);
var83 = Fma(var77, var78, var82);
var84 = U_Static.gmProj[3].w;
var85 = Add(var83, var84);
var86 = Div(var14, var85);
var115 = U_Static.gmProj[1].z;
var116 = U_Static.gmProj[1].x;
var117 = Mul(var77, var116);
var118 = Fma(var77, var63, var117);
var119 = Fma(var77, var115, var118);
var120 = U_Static.gmProj[1].w;
var121 = Add(var119, var120);
var95 = U_OdB.data;
var96 = UintBitsToFloat(var95);
var97 = Mul(var96, var53);
var98 = Fma(var96, var52, var97);
var99 = Fma(var96, var51, var98);
var100 = Fma(var96, var50, var99);
var101 = Fma(var22, var76, var100);
var122 = Mul(var101, var116);
var123 = Fma(var101, var63, var122);
var124 = Fma(var101, var115, var123);
var125 = Add(var124, var120);
var106 = Mul(var101, var80);
var107 = Fma(var101, var79, var106);
var108 = Fma(var101, var78, var107);
var109 = Add(var108, var84);
var126 = Div(var125, var109);
var127 = Negate(var126);
var128 = Fma(var86, var121, var127);
var129 = Mul(var128, var40);
var87 = U_Static.gmProj[0].z;
var88 = U_Static.gmProj[0].y;
var89 = U_Static.gmProj[0].x;
var90 = Mul(var77, var89);
var91 = Fma(var77, var88, var90);
var92 = Fma(var77, var87, var91);
var93 = U_Static.gmProj[0].w;
var94 = Add(var92, var93);
var102 = Mul(var101, var89);
var103 = Fma(var101, var88, var102);
var104 = Fma(var101, var87, var103);
var105 = Add(var104, var93);
var110 = Div(var105, var109);
var111 = Negate(var110);
var112 = Fma(var86, var94, var111);
var113 = Mul(var112, var40);
var114 = Abs(var113);
var130 = Abs(var129);
var131 = Max(var114, var130);
var132 = Max(var131, var14);
var137 = Div(var129, var132);
var138 = Abs(var137);
var139 = InverseSqrt(var138);
var140 = Div(var14, var139);
o3.y = var140;

var13 = 0.0;
o3.z = var13;

var14 = 1.0;
var17 = U_Bone.data;
var18 = UintBitsToFloat(var17);
var19 = vNormal.z;
var16 = vNormal.y;
var15 = vNormal.x;
var20 = Mul(var18, var15);
var21 = Fma(var18, var16, var20);
var22 = Fma(var18, var19, var21);
var50 = vPos.w;
var51 = vPos.z;
var52 = vPos.y;
var53 = vPos.x;
var54 = Mul(var18, var53);
var55 = Fma(var18, var52, var54);
var56 = Fma(var18, var51, var55);
var57 = Fma(var18, var50, var56);
var58 = vColor.w;
var59 = U_Mate.gWrkFl4[0].z;
var60 = Mul(var58, var59);
var61 = Negate(var60);
var62 = Mul(var57, var61);
var63 = U_Static.gmProj[1].y;
var64 = Div(var62, var63);
var65 = U_Toon2.gToonParam[2].z;
var66 = U_Toon2.gToonParam[2].y;
var67 = U_Toon2.gToonParam[2].x;
var68 = Mul(var22, var67);
var69 = Fma(var22, var66, var68);
var70 = Fma(var22, var65, var69);
var40 = 0.5;
var71 = Fma(var70, var40, var40);
var13 = 0.0;
var72 = Clamp(var71, var13, var14);
var73 = U_Toon2.gToonParam[3].z;
var74 = Negate(var73);
var75 = Mul(var72, var74);
var76 = Fma(var64, var75, var64);
var77 = Fma(var22, var76, var57);
var78 = U_Static.gmProj[3].z;
var79 = U_Static.gmProj[3].y;
var80 = U_Static.gmProj[3].x;
var81 = Mul(var77, var80);
var82 = Fma(var77, var79, var81);
var83 = Fma(var77, var78, var82);
var84 = U_Static.gmProj[3].w;
var85 = Add(var83, var84);
var86 = Div(var14, var85);
var87 = U_Static.gmProj[0].z;
var88 = U_Static.gmProj[0].y;
var89 = U_Static.gmProj[0].x;
var90 = Mul(var77, var89);
var91 = Fma(var77, var88, var90);
var92 = Fma(var77, var87, var91);
var93 = U_Static.gmProj[0].w;
var94 = Add(var92, var93);
var95 = U_OdB.data;
var96 = UintBitsToFloat(var95);
var97 = Mul(var96, var53);
var98 = Fma(var96, var52, var97);
var99 = Fma(var96, var51, var98);
var100 = Fma(var96, var50, var99);
var101 = Fma(var22, var76, var100);
var102 = Mul(var101, var89);
var103 = Fma(var101, var88, var102);
var104 = Fma(var101, var87, var103);
var105 = Add(var104, var93);
var106 = Mul(var101, var80);
var107 = Fma(var101, var79, var106);
var108 = Fma(var101, var78, var107);
var109 = Add(var108, var84);
var110 = Div(var105, var109);
var111 = Negate(var110);
var112 = Fma(var86, var94, var111);
var113 = Mul(var112, var40);
var114 = Abs(var113);
var115 = U_Static.gmProj[1].z;
var116 = U_Static.gmProj[1].x;
var117 = Mul(var77, var116);
var118 = Fma(var77, var63, var117);
var119 = Fma(var77, var115, var118);
var120 = U_Static.gmProj[1].w;
var121 = Add(var119, var120);
var122 = Mul(var101, var116);
var123 = Fma(var101, var63, var122);
var124 = Fma(var101, var115, var123);
var125 = Add(var124, var120);
var126 = Div(var125, var109);
var127 = Negate(var126);
var128 = Fma(var86, var121, var127);
var129 = Mul(var128, var40);
var130 = Abs(var129);
var131 = Max(var114, var130);
var132 = Max(var131, var14);
var133 = Div(var113, var132);
var141 = GreaterEqual(var133, var13);
var142 = Select(var141, var14, var13);
var143 = 0.33333334;
var137 = Div(var129, var132);
var144 = GreaterEqual(var137, var13);
var145 = Select(var144, var14, var13);
var146 = 0.6666667;
var147 = Mul(var145, var146);
var148 = Fma(var142, var143, var147);
var149 = 0.01;
var150 = Add(var148, var149);
o3.w = var150;

var17 = U_Bone.data;
var18 = UintBitsToFloat(var17);
var19 = vNormal.z;
var16 = vNormal.y;
var15 = vNormal.x;
var20 = Mul(var18, var15);
var21 = Fma(var18, var16, var20);
var22 = Fma(var18, var19, var21);
var50 = vPos.w;
var51 = vPos.z;
var52 = vPos.y;
var53 = vPos.x;
var54 = Mul(var18, var53);
var55 = Fma(var18, var52, var54);
var56 = Fma(var18, var51, var55);
var57 = Fma(var18, var50, var56);
var58 = vColor.w;
var59 = U_Mate.gWrkFl4[0].z;
var60 = Mul(var58, var59);
var61 = Negate(var60);
var62 = Mul(var57, var61);
var63 = U_Static.gmProj[1].y;
var64 = Div(var62, var63);
var65 = U_Toon2.gToonParam[2].z;
var66 = U_Toon2.gToonParam[2].y;
var67 = U_Toon2.gToonParam[2].x;
var68 = Mul(var22, var67);
var69 = Fma(var22, var66, var68);
var70 = Fma(var22, var65, var69);
var40 = 0.5;
var71 = Fma(var70, var40, var40);
var13 = 0.0;
var14 = 1.0;
var72 = Clamp(var71, var13, var14);
var73 = U_Toon2.gToonParam[3].z;
var74 = Negate(var73);
var75 = Mul(var72, var74);
var76 = Fma(var64, var75, var64);
var77 = Fma(var22, var76, var57);
var151 = U_Static.gmProj[2].z;
var152 = U_Static.gmProj[2].y;
var153 = U_Static.gmProj[2].x;
var154 = Mul(var77, var153);
var155 = Fma(var77, var152, var154);
var156 = Fma(var77, var151, var155);
var157 = U_Static.gmProj[2].w;
var158 = Add(var156, var157);
var159 = U_Static.gCDep.y;
var160 = Sub(var158, var159);
var161 = U_Static.gCDep.z;
var162 = Mul(var160, var161);
var163 = 8.0;
var164 = Mul(var162, var163);
var165 = Floor(var164);
var166 = Sub(var164, var165);
o4.x = var166;

var17 = U_Bone.data;
var18 = UintBitsToFloat(var17);
var19 = vNormal.z;
var16 = vNormal.y;
var15 = vNormal.x;
var20 = Mul(var18, var15);
var21 = Fma(var18, var16, var20);
var22 = Fma(var18, var19, var21);
var50 = vPos.w;
var51 = vPos.z;
var52 = vPos.y;
var53 = vPos.x;
var54 = Mul(var18, var53);
var55 = Fma(var18, var52, var54);
var56 = Fma(var18, var51, var55);
var57 = Fma(var18, var50, var56);
var58 = vColor.w;
var59 = U_Mate.gWrkFl4[0].z;
var60 = Mul(var58, var59);
var61 = Negate(var60);
var62 = Mul(var57, var61);
var63 = U_Static.gmProj[1].y;
var64 = Div(var62, var63);
var65 = U_Toon2.gToonParam[2].z;
var66 = U_Toon2.gToonParam[2].y;
var67 = U_Toon2.gToonParam[2].x;
var68 = Mul(var22, var67);
var69 = Fma(var22, var66, var68);
var70 = Fma(var22, var65, var69);
var40 = 0.5;
var71 = Fma(var70, var40, var40);
var13 = 0.0;
var14 = 1.0;
var72 = Clamp(var71, var13, var14);
var73 = U_Toon2.gToonParam[3].z;
var74 = Negate(var73);
var75 = Mul(var72, var74);
var76 = Fma(var64, var75, var64);
var77 = Fma(var22, var76, var57);
var151 = U_Static.gmProj[2].z;
var152 = U_Static.gmProj[2].y;
var153 = U_Static.gmProj[2].x;
var154 = Mul(var77, var153);
var155 = Fma(var77, var152, var154);
var156 = Fma(var77, var151, var155);
var157 = U_Static.gmProj[2].w;
var158 = Add(var156, var157);
var159 = U_Static.gCDep.y;
var160 = Sub(var158, var159);
var161 = U_Static.gCDep.z;
var162 = Mul(var160, var161);
var163 = 8.0;
var164 = Mul(var162, var163);
var165 = Floor(var164);
var167 = 0.003921569;
var168 = Mul(var165, var167);
var169 = Floor(var168);
var170 = Sub(var168, var169);
o4.y = var170;

var17 = U_Bone.data;
var18 = UintBitsToFloat(var17);
var19 = vNormal.z;
var16 = vNormal.y;
var15 = vNormal.x;
var20 = Mul(var18, var15);
var21 = Fma(var18, var16, var20);
var22 = Fma(var18, var19, var21);
var50 = vPos.w;
var51 = vPos.z;
var52 = vPos.y;
var53 = vPos.x;
var54 = Mul(var18, var53);
var55 = Fma(var18, var52, var54);
var56 = Fma(var18, var51, var55);
var57 = Fma(var18, var50, var56);
var58 = vColor.w;
var59 = U_Mate.gWrkFl4[0].z;
var60 = Mul(var58, var59);
var61 = Negate(var60);
var62 = Mul(var57, var61);
var63 = U_Static.gmProj[1].y;
var64 = Div(var62, var63);
var65 = U_Toon2.gToonParam[2].z;
var66 = U_Toon2.gToonParam[2].y;
var67 = U_Toon2.gToonParam[2].x;
var68 = Mul(var22, var67);
var69 = Fma(var22, var66, var68);
var70 = Fma(var22, var65, var69);
var40 = 0.5;
var71 = Fma(var70, var40, var40);
var13 = 0.0;
var14 = 1.0;
var72 = Clamp(var71, var13, var14);
var73 = U_Toon2.gToonParam[3].z;
var74 = Negate(var73);
var75 = Mul(var72, var74);
var76 = Fma(var64, var75, var64);
var77 = Fma(var22, var76, var57);
var151 = U_Static.gmProj[2].z;
var152 = U_Static.gmProj[2].y;
var153 = U_Static.gmProj[2].x;
var154 = Mul(var77, var153);
var155 = Fma(var77, var152, var154);
var156 = Fma(var77, var151, var155);
var157 = U_Static.gmProj[2].w;
var158 = Add(var156, var157);
var159 = U_Static.gCDep.y;
var160 = Sub(var158, var159);
var161 = U_Static.gCDep.z;
var162 = Mul(var160, var161);
var163 = 8.0;
var164 = Mul(var162, var163);
var165 = Floor(var164);
var167 = 0.003921569;
var168 = Mul(var165, var167);
var169 = Floor(var168);
var171 = Mul(var169, var167);
o4.z = var171;

var40 = 0.5;
o4.w = var40;

outline_width = U_Mate.gWrkFl4[0].z;

var17 = U_Bone.data;
var18 = UintBitsToFloat(var17);
var50 = vPos.w;
var51 = vPos.z;
var52 = vPos.y;
var53 = vPos.x;
var54 = Mul(var18, var53);
var55 = Fma(var18, var52, var54);
var56 = Fma(var18, var51, var55);
var57 = Fma(var18, var50, var56);
var58 = vColor.w;
var59 = U_Mate.gWrkFl4[0].z;
var60 = Mul(var58, var59);
var61 = Negate(var60);
var62 = Mul(var57, var61);
var63 = U_Static.gmProj[1].y;
var64 = Div(var62, var63);
var19 = vNormal.z;
var16 = vNormal.y;
var15 = vNormal.x;
var20 = Mul(var18, var15);
var21 = Fma(var18, var16, var20);
var22 = Fma(var18, var19, var21);
var65 = U_Toon2.gToonParam[2].z;
var66 = U_Toon2.gToonParam[2].y;
var67 = U_Toon2.gToonParam[2].x;
var68 = Mul(var22, var67);
var69 = Fma(var22, var66, var68);
var70 = Fma(var22, var65, var69);
var40 = 0.5;
var71 = Fma(var70, var40, var40);
var13 = 0.0;
var14 = 1.0;
var72 = Clamp(var71, var13, var14);
var73 = U_Toon2.gToonParam[3].z;
var74 = Negate(var73);
var75 = Mul(var72, var74);
var76 = Fma(var64, var75, var64);
var172 = LessEqual(var76, var13);
discard = 172;

var0 = vColor.xyz;
var1 = U_Mate.gMatCol.xyz;
var2 = Mul(var0, var1);
var3 = U_Mate.gWrkFl4[1].zzz;
var4 = Monochrome(var2, var3).xyz;
o0.xyz = var4;
