---
source: xc3_shader/src/database.rs
---
var5 = MulRatio(Texture(s1, vTex0.x, vTex0.y).x, U_Mate.gWrkFl4[0].x, U_Mate.gWrkFl4[0].z);
var6 = TexParallaxX(vTex0.x, var5);
var7 = TexParallaxX(vTex0.y, var5);
var12 = MonochromeX(Texture(s0, var6, var7).x, Texture(s0, var6, var7).y, Texture(s0, var6, var7).z, U_Mate.gWrkFl4[2].z);
o0.x = var12;

var5 = MulRatio(Texture(s1, vTex0.x, vTex0.y).x, U_Mate.gWrkFl4[0].x, U_Mate.gWrkFl4[0].z);
var6 = TexParallaxX(vTex0.x, var5);
var7 = TexParallaxX(vTex0.y, var5);
var13 = MonochromeY(Texture(s0, var6, var7).x, Texture(s0, var6, var7).y, Texture(s0, var6, var7).z, U_Mate.gWrkFl4[2].z);
o0.y = var13;

var5 = MulRatio(Texture(s1, vTex0.x, vTex0.y).x, U_Mate.gWrkFl4[0].x, U_Mate.gWrkFl4[0].z);
var6 = TexParallaxX(vTex0.x, var5);
var7 = TexParallaxX(vTex0.y, var5);
var14 = MonochromeZ(Texture(s0, var6, var7).x, Texture(s0, var6, var7).y, Texture(s0, var6, var7).z, U_Mate.gWrkFl4[2].z);
o0.z = var14;

o0.w = 0.0;

o1.x = Texture(s10, vTex0.x, vTex0.y).z;

o1.y = Texture(s8, vTex0.x, vTex0.y).x;

o1.z = U_Mate.gWrkFl4[1].y;

o1.w = 0.008235293;

var25 = TexMatrix(vTex0.x, vTex0.y, U_Mate.gTexMat[0].x, U_Mate.gTexMat[0].y, U_Mate.gTexMat[0].z, U_Mate.gTexMat[0].w);
var30 = TexMatrix(vTex0.x, vTex0.y, U_Mate.gTexMat[1].x, U_Mate.gTexMat[1].y, U_Mate.gTexMat[1].z, U_Mate.gTexMat[1].w);
var32 = Mix(Texture(s6, vTex0.x, vTex0.y).x, Texture(s7, var25, var30).x, Texture(s1, vTex0.x, vTex0.y).x);
o2.x = var32;

var25 = TexMatrix(vTex0.x, vTex0.y, U_Mate.gTexMat[0].x, U_Mate.gTexMat[0].y, U_Mate.gTexMat[0].z, U_Mate.gTexMat[0].w);
var30 = TexMatrix(vTex0.x, vTex0.y, U_Mate.gTexMat[1].x, U_Mate.gTexMat[1].y, U_Mate.gTexMat[1].z, U_Mate.gTexMat[1].w);
var35 = Mix(Texture(s6, vTex0.x, vTex0.y).y, Texture(s7, var25, var30).y, Texture(s1, vTex0.x, vTex0.y).x);
o2.y = var35;

o2.z = Texture(s9, vTex0.x, vTex0.y).z;

var39 = Div(1.0, vPos.w);
var41 = Div(vPos.x, vPos.w);
var42 = Negate(var41);
var43 = Fma(var39, vPos.x, var42);
var45 = Mul(var43, 0.5);
var46 = Abs(var45);
var48 = Div(vPos.y, vPos.w);
var49 = Negate(var48);
var50 = Fma(var39, vPos.y, var49);
var51 = Mul(var50, 0.5);
var52 = Abs(var51);
var53 = Max(var46, var52);
var54 = Max(var53, 1.0);
var55 = Div(var45, var54);
var56 = Abs(var55);
var57 = InverseSqrt(var56);
var58 = Div(1.0, var57);
o3.x = var58;

var39 = Div(1.0, vPos.w);
var48 = Div(vPos.y, vPos.w);
var49 = Negate(var48);
var50 = Fma(var39, vPos.y, var49);
var51 = Mul(var50, 0.5);
var41 = Div(vPos.x, vPos.w);
var42 = Negate(var41);
var43 = Fma(var39, vPos.x, var42);
var45 = Mul(var43, 0.5);
var46 = Abs(var45);
var52 = Abs(var51);
var53 = Max(var46, var52);
var54 = Max(var53, 1.0);
var59 = Div(var51, var54);
var60 = Abs(var59);
var61 = InverseSqrt(var60);
var62 = Div(1.0, var61);
o3.y = var62;

o3.z = 0.0;

var39 = Div(1.0, vPos.w);
var41 = Div(vPos.x, vPos.w);
var42 = Negate(var41);
var43 = Fma(var39, vPos.x, var42);
var45 = Mul(var43, 0.5);
var46 = Abs(var45);
var48 = Div(vPos.y, vPos.w);
var49 = Negate(var48);
var50 = Fma(var39, vPos.y, var49);
var51 = Mul(var50, 0.5);
var52 = Abs(var51);
var53 = Max(var46, var52);
var54 = Max(var53, 1.0);
var55 = Div(var45, var54);
var63 = GreaterEqual(var55, 0.0);
var64 = Select(var63, 1.0, 0.0);
var59 = Div(var51, var54);
var66 = GreaterEqual(var59, 0.0);
var67 = Select(var66, 1.0, 0.0);
var69 = Mul(var67, 0.6666667);
var70 = Fma(var64, 0.33333334, var69);
var72 = Add(var70, 0.01);
o3.w = var72;

var75 = Mul(vPos.z, 8.0);
var76 = Floor(var75);
var77 = Sub(var75, var76);
o4.x = var77;

var75 = Mul(vPos.z, 8.0);
var76 = Floor(var75);
var79 = Mul(var76, 0.003921569);
var80 = Floor(var79);
var81 = Sub(var79, var80);
o4.y = var81;

var75 = Mul(vPos.z, 8.0);
var76 = Floor(var75);
var79 = Mul(var76, 0.003921569);
var80 = Floor(var79);
var82 = Mul(var80, 0.003921569);
o4.z = var82;

o4.w = 0.5;

var84 = Clamp(U_Mate.gWrkFl4[1].w, 0.0, 1.0);
var86 = Negate(U_Static.gEtcParm.w);
var87 = Fma(var84, var86, var84);
var88 = Add(var87, U_Static.gEtcParm.w);
var5 = MulRatio(Texture(s1, vTex0.x, vTex0.y).x, U_Mate.gWrkFl4[0].x, U_Mate.gWrkFl4[0].z);
var6 = TexParallaxX(vTex0.x, var5);
var7 = TexParallaxX(vTex0.y, var5);
var95 = TexMatrix(vTex0.x, vTex0.y, U_Mate.gTexMat[2].x, U_Mate.gTexMat[2].y, U_Mate.gTexMat[2].z, U_Mate.gTexMat[2].w);
var96 = TexParallaxX(var95, var5);
var101 = TexMatrix(vTex0.x, vTex0.y, U_Mate.gTexMat[3].x, U_Mate.gTexMat[3].y, U_Mate.gTexMat[3].z, U_Mate.gTexMat[3].w);
var102 = TexParallaxX(var101, var5);
var104 = Fma(Texture(s1, var6, var7).x, Texture(s2, var96, var102).x, Texture(s1, var6, var7).x);
var105 = Mul(Texture(s3, var6, var7).x, var104);
var108 = MulRatio(var105, U_Mate.gWrkCol[1].x, U_Mate.gWrkFl4[0].w);
var113 = TexMatrix(vTex0.x, vTex0.y, U_Mate.gTexMat[4].x, U_Mate.gTexMat[4].y, U_Mate.gTexMat[4].z, U_Mate.gTexMat[4].w);
var114 = TexParallaxX(var113, var5);
var119 = TexMatrix(vTex0.x, vTex0.y, U_Mate.gTexMat[5].x, U_Mate.gTexMat[5].y, U_Mate.gTexMat[5].z, U_Mate.gTexMat[5].w);
var120 = TexParallaxX(var119, var5);
var122 = Negate(Texture(s4, var114, var120).x);
var124 = Fma(var108, var122, Texture(s5, var6, var7).x);
var127 = Mul(U_Mate.gWrkFl4[1].x, U_Mate.gWrkCol[2].x);
var128 = Mul(var108, Texture(s4, var114, var120).x);
var129 = Fma(var124, var127, var128);
var133 = Fma(Texture(s1, var6, var7).x, Texture(s2, var96, var102).y, Texture(s1, var6, var7).y);
var134 = Mul(Texture(s3, var6, var7).y, var133);
var136 = MulRatio(var134, U_Mate.gWrkCol[1].y, U_Mate.gWrkFl4[0].w);
var138 = Negate(Texture(s4, var114, var120).y);
var140 = Fma(var136, var138, Texture(s5, var6, var7).y);
var141 = Mul(var136, Texture(s4, var114, var120).y);
var142 = Fma(var140, var127, var141);
var146 = Fma(Texture(s1, var6, var7).x, Texture(s2, var96, var102).z, Texture(s1, var6, var7).z);
var147 = Mul(Texture(s3, var6, var7).z, var146);
var149 = MulRatio(var147, U_Mate.gWrkCol[1].z, U_Mate.gWrkFl4[0].w);
var151 = Negate(Texture(s4, var114, var120).z);
var153 = Fma(var149, var151, Texture(s5, var6, var7).z);
var154 = Mul(var149, Texture(s4, var114, var120).z);
var155 = Fma(var153, var127, var154);
var156 = MonochromeX(var129, var142, var155, U_Mate.gWrkFl4[2].z);
var157 = Max(0.0, var156);
var159 = Power(var157, U_Static.gCDep.w);
var161 = Mul(var159, U_Mate.gWrkFl4[2].x);
var162 = Mul(var88, var161);
o5.x = var162;

var84 = Clamp(U_Mate.gWrkFl4[1].w, 0.0, 1.0);
var86 = Negate(U_Static.gEtcParm.w);
var87 = Fma(var84, var86, var84);
var88 = Add(var87, U_Static.gEtcParm.w);
var5 = MulRatio(Texture(s1, vTex0.x, vTex0.y).x, U_Mate.gWrkFl4[0].x, U_Mate.gWrkFl4[0].z);
var6 = TexParallaxX(vTex0.x, var5);
var7 = TexParallaxX(vTex0.y, var5);
var95 = TexMatrix(vTex0.x, vTex0.y, U_Mate.gTexMat[2].x, U_Mate.gTexMat[2].y, U_Mate.gTexMat[2].z, U_Mate.gTexMat[2].w);
var96 = TexParallaxX(var95, var5);
var101 = TexMatrix(vTex0.x, vTex0.y, U_Mate.gTexMat[3].x, U_Mate.gTexMat[3].y, U_Mate.gTexMat[3].z, U_Mate.gTexMat[3].w);
var102 = TexParallaxX(var101, var5);
var104 = Fma(Texture(s1, var6, var7).x, Texture(s2, var96, var102).x, Texture(s1, var6, var7).x);
var105 = Mul(Texture(s3, var6, var7).x, var104);
var108 = MulRatio(var105, U_Mate.gWrkCol[1].x, U_Mate.gWrkFl4[0].w);
var113 = TexMatrix(vTex0.x, vTex0.y, U_Mate.gTexMat[4].x, U_Mate.gTexMat[4].y, U_Mate.gTexMat[4].z, U_Mate.gTexMat[4].w);
var114 = TexParallaxX(var113, var5);
var119 = TexMatrix(vTex0.x, vTex0.y, U_Mate.gTexMat[5].x, U_Mate.gTexMat[5].y, U_Mate.gTexMat[5].z, U_Mate.gTexMat[5].w);
var120 = TexParallaxX(var119, var5);
var122 = Negate(Texture(s4, var114, var120).x);
var124 = Fma(var108, var122, Texture(s5, var6, var7).x);
var127 = Mul(U_Mate.gWrkFl4[1].x, U_Mate.gWrkCol[2].x);
var128 = Mul(var108, Texture(s4, var114, var120).x);
var129 = Fma(var124, var127, var128);
var133 = Fma(Texture(s1, var6, var7).x, Texture(s2, var96, var102).y, Texture(s1, var6, var7).y);
var134 = Mul(Texture(s3, var6, var7).y, var133);
var136 = MulRatio(var134, U_Mate.gWrkCol[1].y, U_Mate.gWrkFl4[0].w);
var138 = Negate(Texture(s4, var114, var120).y);
var140 = Fma(var136, var138, Texture(s5, var6, var7).y);
var141 = Mul(var136, Texture(s4, var114, var120).y);
var142 = Fma(var140, var127, var141);
var146 = Fma(Texture(s1, var6, var7).x, Texture(s2, var96, var102).z, Texture(s1, var6, var7).z);
var147 = Mul(Texture(s3, var6, var7).z, var146);
var149 = MulRatio(var147, U_Mate.gWrkCol[1].z, U_Mate.gWrkFl4[0].w);
var151 = Negate(Texture(s4, var114, var120).z);
var153 = Fma(var149, var151, Texture(s5, var6, var7).z);
var154 = Mul(var149, Texture(s4, var114, var120).z);
var155 = Fma(var153, var127, var154);
var163 = MonochromeY(var129, var142, var155, U_Mate.gWrkFl4[2].z);
var164 = Max(0.0, var163);
var165 = Power(var164, U_Static.gCDep.w);
var166 = Mul(var165, U_Mate.gWrkFl4[2].x);
var167 = Mul(var88, var166);
o5.y = var167;

var84 = Clamp(U_Mate.gWrkFl4[1].w, 0.0, 1.0);
var86 = Negate(U_Static.gEtcParm.w);
var87 = Fma(var84, var86, var84);
var88 = Add(var87, U_Static.gEtcParm.w);
var5 = MulRatio(Texture(s1, vTex0.x, vTex0.y).x, U_Mate.gWrkFl4[0].x, U_Mate.gWrkFl4[0].z);
var6 = TexParallaxX(vTex0.x, var5);
var7 = TexParallaxX(vTex0.y, var5);
var95 = TexMatrix(vTex0.x, vTex0.y, U_Mate.gTexMat[2].x, U_Mate.gTexMat[2].y, U_Mate.gTexMat[2].z, U_Mate.gTexMat[2].w);
var96 = TexParallaxX(var95, var5);
var101 = TexMatrix(vTex0.x, vTex0.y, U_Mate.gTexMat[3].x, U_Mate.gTexMat[3].y, U_Mate.gTexMat[3].z, U_Mate.gTexMat[3].w);
var102 = TexParallaxX(var101, var5);
var104 = Fma(Texture(s1, var6, var7).x, Texture(s2, var96, var102).x, Texture(s1, var6, var7).x);
var105 = Mul(Texture(s3, var6, var7).x, var104);
var108 = MulRatio(var105, U_Mate.gWrkCol[1].x, U_Mate.gWrkFl4[0].w);
var113 = TexMatrix(vTex0.x, vTex0.y, U_Mate.gTexMat[4].x, U_Mate.gTexMat[4].y, U_Mate.gTexMat[4].z, U_Mate.gTexMat[4].w);
var114 = TexParallaxX(var113, var5);
var119 = TexMatrix(vTex0.x, vTex0.y, U_Mate.gTexMat[5].x, U_Mate.gTexMat[5].y, U_Mate.gTexMat[5].z, U_Mate.gTexMat[5].w);
var120 = TexParallaxX(var119, var5);
var122 = Negate(Texture(s4, var114, var120).x);
var124 = Fma(var108, var122, Texture(s5, var6, var7).x);
var127 = Mul(U_Mate.gWrkFl4[1].x, U_Mate.gWrkCol[2].x);
var128 = Mul(var108, Texture(s4, var114, var120).x);
var129 = Fma(var124, var127, var128);
var133 = Fma(Texture(s1, var6, var7).x, Texture(s2, var96, var102).y, Texture(s1, var6, var7).y);
var134 = Mul(Texture(s3, var6, var7).y, var133);
var136 = MulRatio(var134, U_Mate.gWrkCol[1].y, U_Mate.gWrkFl4[0].w);
var138 = Negate(Texture(s4, var114, var120).y);
var140 = Fma(var136, var138, Texture(s5, var6, var7).y);
var141 = Mul(var136, Texture(s4, var114, var120).y);
var142 = Fma(var140, var127, var141);
var146 = Fma(Texture(s1, var6, var7).x, Texture(s2, var96, var102).z, Texture(s1, var6, var7).z);
var147 = Mul(Texture(s3, var6, var7).z, var146);
var149 = MulRatio(var147, U_Mate.gWrkCol[1].z, U_Mate.gWrkFl4[0].w);
var151 = Negate(Texture(s4, var114, var120).z);
var153 = Fma(var149, var151, Texture(s5, var6, var7).z);
var154 = Mul(var149, Texture(s4, var114, var120).z);
var155 = Fma(var153, var127, var154);
var168 = MonochromeZ(var129, var142, var155, U_Mate.gWrkFl4[2].z);
var169 = Max(0.0, var168);
var170 = Power(var169, U_Static.gCDep.w);
var171 = Mul(var170, U_Mate.gWrkFl4[2].x);
var172 = Mul(var88, var171);
o5.z = var172;

o5.w = 1.0;

var5 = MulRatio(Texture(s1, vTex0.x, vTex0.y).x, U_Mate.gWrkFl4[0].x, U_Mate.gWrkFl4[0].z);
var6 = TexParallaxX(vTex0.x, var5);
var7 = TexParallaxX(vTex0.y, var5);
var2 = Monochrome(Texture(s0, var6, var7).xyz, U_Mate.gWrkFl4[2].zzz).xyz;
o0.xyz = var2;

var6 = Clamp(U_Mate.gWrkFl4[1].www, [0.0, 0.0, 0.0], [1.0, 1.0, 1.0]);
var8 = Negate(U_Static.gEtcParm.www);
var9 = Fma(var6, var8, var6);
var10 = Add(var9, U_Static.gEtcParm.www);
var5 = MulRatio(Texture(s1, vTex0.x, vTex0.y).x, U_Mate.gWrkFl4[0].x, U_Mate.gWrkFl4[0].z);
var6 = TexParallaxX(vTex0.x, var5);
var7 = TexParallaxX(vTex0.y, var5);
var95 = TexMatrix(vTex0.x, vTex0.y, U_Mate.gTexMat[2].x, U_Mate.gTexMat[2].y, U_Mate.gTexMat[2].z, U_Mate.gTexMat[2].w);
var96 = TexParallaxX(var95, var5);
var101 = TexMatrix(vTex0.x, vTex0.y, U_Mate.gTexMat[3].x, U_Mate.gTexMat[3].y, U_Mate.gTexMat[3].z, U_Mate.gTexMat[3].w);
var102 = TexParallaxX(var101, var5);
var15 = Fma(Texture(s1, var6, var7).xxx, Texture(s2, var96, var102).xyz, Texture(s1, var6, var7).xyz);
var16 = Mul(Texture(s3, var6, var7).xyz, var15);
var19 = MulRatio(var16, U_Mate.gWrkCol[1].xyz, U_Mate.gWrkFl4[0].www);
var113 = TexMatrix(vTex0.x, vTex0.y, U_Mate.gTexMat[4].x, U_Mate.gTexMat[4].y, U_Mate.gTexMat[4].z, U_Mate.gTexMat[4].w);
var114 = TexParallaxX(var113, var5);
var119 = TexMatrix(vTex0.x, vTex0.y, U_Mate.gTexMat[5].x, U_Mate.gTexMat[5].y, U_Mate.gTexMat[5].z, U_Mate.gTexMat[5].w);
var120 = TexParallaxX(var119, var5);
var21 = Negate(Texture(s4, var114, var120).xyz);
var23 = Fma(var19, var21, Texture(s5, var6, var7).xyz);
var26 = Mul(U_Mate.gWrkFl4[1].xxx, U_Mate.gWrkCol[2].xxx);
var27 = Mul(var19, Texture(s4, var114, var120).xyz);
var28 = Fma(var23, var26, var27);
var29 = Monochrome(var28, U_Mate.gWrkFl4[2].zzz).xyz;
var30 = Max([0.0, 0.0, 0.0], var29);
var32 = Power(var30, U_Static.gCDep.www);
var34 = Mul(var32, U_Mate.gWrkFl4[2].xxx);
var35 = Mul(var10, var34);
o5.xyz = var35;
