---
source: xc3_shader/src/database.rs
---
var5 = Mix(U_Mate.gWrkFl4[0].x, Texture(s2, vTex0.x, vTex0.y).z, U_Mate.gWrkFl4[0].z);
var6 = TexParallaxX(vTex0.x, var5);
var7 = TexParallaxX(vTex0.y, var5);
var12 = MonochromeX(Texture(s0, var6, var7).x, Texture(s0, var6, var7).y, Texture(s0, var6, var7).z, U_Mate.gWrkFl4[3].x);
o0.x = var12;

var5 = Mix(U_Mate.gWrkFl4[0].x, Texture(s2, vTex0.x, vTex0.y).z, U_Mate.gWrkFl4[0].z);
var6 = TexParallaxX(vTex0.x, var5);
var7 = TexParallaxX(vTex0.y, var5);
var13 = MonochromeY(Texture(s0, var6, var7).x, Texture(s0, var6, var7).y, Texture(s0, var6, var7).z, U_Mate.gWrkFl4[3].x);
o0.y = var13;

var5 = Mix(U_Mate.gWrkFl4[0].x, Texture(s2, vTex0.x, vTex0.y).z, U_Mate.gWrkFl4[0].z);
var6 = TexParallaxX(vTex0.x, var5);
var7 = TexParallaxX(vTex0.y, var5);
var14 = MonochromeZ(Texture(s0, var6, var7).x, Texture(s0, var6, var7).y, Texture(s0, var6, var7).z, U_Mate.gWrkFl4[3].x);
o0.z = var14;

var17 = Add(vColor.y, 0.004);
var20 = Clamp(var17, 0.0, 1.0);
var22 = Mul(var20, 3.0);
var23 = Truncate(var22);
var24 = Max(var23, 0.0);
var25 = Uint(var24);
var26 = Int(var25);
var28 = LeftShift(var26, 6);
var29 = Uint(var28);
var30 = Float(var29);
var32 = Mul(var30, 0.003921569);
o0.w = var32;

o1.x = vColor.z;

o1.y = U_Mate.gWrkFl4[1].w;

o1.z = U_Mate.gWrkFl4[1].x;

o1.w = 0.008235293;

o2.z = 1.0;

var38 = Div(1.0, vPos.w);
var40 = Div(vPos.x, vPos.w);
var41 = Negate(var40);
var42 = Fma(var38, vPos.x, var41);
var44 = Mul(var42, 0.5);
var45 = Abs(var44);
var47 = Div(vPos.y, vPos.w);
var48 = Negate(var47);
var49 = Fma(var38, vPos.y, var48);
var50 = Mul(var49, 0.5);
var51 = Abs(var50);
var52 = Max(var45, var51);
var53 = Max(var52, 1.0);
var54 = Div(var44, var53);
var55 = Abs(var54);
var56 = InverseSqrt(var55);
var57 = Div(1.0, var56);
o3.x = var57;

var38 = Div(1.0, vPos.w);
var47 = Div(vPos.y, vPos.w);
var48 = Negate(var47);
var49 = Fma(var38, vPos.y, var48);
var50 = Mul(var49, 0.5);
var40 = Div(vPos.x, vPos.w);
var41 = Negate(var40);
var42 = Fma(var38, vPos.x, var41);
var44 = Mul(var42, 0.5);
var45 = Abs(var44);
var51 = Abs(var50);
var52 = Max(var45, var51);
var53 = Max(var52, 1.0);
var58 = Div(var50, var53);
var59 = Abs(var58);
var60 = InverseSqrt(var59);
var61 = Div(1.0, var60);
o3.y = var61;

o3.z = U_Mate.gWrkFl4[1].z;

var38 = Div(1.0, vPos.w);
var40 = Div(vPos.x, vPos.w);
var41 = Negate(var40);
var42 = Fma(var38, vPos.x, var41);
var44 = Mul(var42, 0.5);
var45 = Abs(var44);
var47 = Div(vPos.y, vPos.w);
var48 = Negate(var47);
var49 = Fma(var38, vPos.y, var48);
var50 = Mul(var49, 0.5);
var51 = Abs(var50);
var52 = Max(var45, var51);
var53 = Max(var52, 1.0);
var54 = Div(var44, var53);
var63 = GreaterEqual(var54, 0.0);
var64 = Select(var63, 1.0, 0.0);
var58 = Div(var50, var53);
var66 = GreaterEqual(var58, 0.0);
var67 = Select(var66, 1.0, 0.0);
var69 = Mul(var67, 0.6666667);
var70 = Fma(var64, 0.33333334, var69);
var72 = Add(var70, 0.01);
o3.w = var72;

var75 = Mul(vPos.z, 8.0);
var76 = Floor(var75);
var77 = Sub(var75, var76);
o4.x = var77;

var75 = Mul(vPos.z, 8.0);
var76 = Floor(var75);
var78 = Mul(var76, 0.003921569);
var79 = Floor(var78);
var80 = Sub(var78, var79);
o4.y = var80;

var75 = Mul(vPos.z, 8.0);
var76 = Floor(var75);
var78 = Mul(var76, 0.003921569);
var79 = Floor(var78);
var81 = Mul(var79, 0.003921569);
o4.z = var81;

o4.w = vColor.x;

var5 = Mix(U_Mate.gWrkFl4[0].x, Texture(s2, vTex0.x, vTex0.y).z, U_Mate.gWrkFl4[0].z);
var6 = TexParallaxX(vTex0.x, var5);
var7 = TexParallaxX(vTex0.y, var5);
var86 = Mix(U_Mate.gWrkCol[1].x, Texture(s1, var6, var7).x, U_Mate.gWrkFl4[0].w);
var89 = Mix(U_Mate.gWrkCol[1].y, Texture(s1, var6, var7).y, U_Mate.gWrkFl4[0].w);
var92 = Mix(U_Mate.gWrkCol[1].z, Texture(s1, var6, var7).z, U_Mate.gWrkFl4[0].w);
var93 = MonochromeX(var86, var89, var92, U_Mate.gWrkFl4[3].x);
var94 = Max(0.0, var93);
var96 = Power(var94, U_Static.gCDep.w);
var98 = Mul(var96, U_Mate.gWrkFl4[2].z);
o5.x = var98;

var5 = Mix(U_Mate.gWrkFl4[0].x, Texture(s2, vTex0.x, vTex0.y).z, U_Mate.gWrkFl4[0].z);
var6 = TexParallaxX(vTex0.x, var5);
var7 = TexParallaxX(vTex0.y, var5);
var86 = Mix(U_Mate.gWrkCol[1].x, Texture(s1, var6, var7).x, U_Mate.gWrkFl4[0].w);
var89 = Mix(U_Mate.gWrkCol[1].y, Texture(s1, var6, var7).y, U_Mate.gWrkFl4[0].w);
var92 = Mix(U_Mate.gWrkCol[1].z, Texture(s1, var6, var7).z, U_Mate.gWrkFl4[0].w);
var99 = MonochromeY(var86, var89, var92, U_Mate.gWrkFl4[3].x);
var100 = Max(0.0, var99);
var101 = Power(var100, U_Static.gCDep.w);
var102 = Mul(var101, U_Mate.gWrkFl4[2].z);
o5.y = var102;

var5 = Mix(U_Mate.gWrkFl4[0].x, Texture(s2, vTex0.x, vTex0.y).z, U_Mate.gWrkFl4[0].z);
var6 = TexParallaxX(vTex0.x, var5);
var7 = TexParallaxX(vTex0.y, var5);
var86 = Mix(U_Mate.gWrkCol[1].x, Texture(s1, var6, var7).x, U_Mate.gWrkFl4[0].w);
var89 = Mix(U_Mate.gWrkCol[1].y, Texture(s1, var6, var7).y, U_Mate.gWrkFl4[0].w);
var92 = Mix(U_Mate.gWrkCol[1].z, Texture(s1, var6, var7).z, U_Mate.gWrkFl4[0].w);
var103 = MonochromeZ(var86, var89, var92, U_Mate.gWrkFl4[3].x);
var104 = Max(0.0, var103);
var105 = Power(var104, U_Static.gCDep.w);
var106 = Mul(var105, U_Mate.gWrkFl4[2].z);
o5.z = var106;

o5.w = 1.0;

var5 = Mix(U_Mate.gWrkFl4[0].x, Texture(s2, vTex0.x, vTex0.y).z, U_Mate.gWrkFl4[0].z);
var6 = TexParallaxX(vTex0.x, var5);
var7 = TexParallaxX(vTex0.y, var5);
var2 = Monochrome(Texture(s0, var6, var7).xyz, U_Mate.gWrkFl4[3].xxx).xyz;
o0.xyz = var2;

var5 = Mix(U_Mate.gWrkFl4[0].x, Texture(s2, vTex0.x, vTex0.y).z, U_Mate.gWrkFl4[0].z);
var6 = TexParallaxX(vTex0.x, var5);
var7 = TexParallaxX(vTex0.y, var5);
var7 = Mix(U_Mate.gWrkCol[1].xyz, Texture(s1, var6, var7).xyz, U_Mate.gWrkFl4[0].www);
var8 = Monochrome(var7, U_Mate.gWrkFl4[3].xxx).xyz;
var9 = Max([0.0, 0.0, 0.0], var8);
var11 = Power(var9, U_Static.gCDep.www);
var13 = Mul(var11, U_Mate.gWrkFl4[2].zzz);
o5.xyz = var13;
