---
source: xc3_shader/src/database.rs
---
var3 = NormalizeX(vPos.x, vPos.y, vPos.z);
var4 = NormalizeY(vPos.x, vPos.y, vPos.z);
var5 = NormalizeZ(vPos.x, vPos.y, vPos.z);
var10 = NormalMapX(Texture(s2, vTex0.x, vTex0.y).x, Texture(s2, vTex0.x, vTex0.y).y);
var11 = NormalMapY(Texture(s2, vTex0.x, vTex0.y).x, Texture(s2, vTex0.x, vTex0.y).y);
var12 = NormalMapZ(Texture(s2, vTex0.x, vTex0.y).x, Texture(s2, vTex0.x, vTex0.y).y);
var13 = ReflectX(var3, var4, var5, var10, var11, var12);
var16 = Fma(var13, U_Mate.gWrkFl4[0].z, 0.5);
var17 = ReflectY(var3, var4, var5, var10, var11, var12);
var19 = Fma(var17, U_Mate.gWrkFl4[0].w, 0.5);
var24 = Sub(Texture(s0, vTex0.x, vTex0.y).x, U_Mate.gWrkCol[1].x);
var25 = Fma(Texture(gTResidentTex11, var16, var19).x, Texture(s1, vTex0.x, vTex0.y).x, var24);
var27 = Mul(vTex0.x, U_Mate.gWrkFl4[0].x);
var29 = Mul(vTex0.y, U_Mate.gWrkFl4[0].y);
var33 = Mul(Texture(s1, vTex0.x, vTex0.y).y, U_Mate.gWrkFl4[1].x);
var38 = TexMatrix(vTex0.x, vTex0.y, U_Mate.gTexMat[0].x, U_Mate.gTexMat[0].y, U_Mate.gTexMat[0].z, U_Mate.gTexMat[0].w);
var43 = TexMatrix(vTex0.x, vTex0.y, U_Mate.gTexMat[1].x, U_Mate.gTexMat[1].y, U_Mate.gTexMat[1].z, U_Mate.gTexMat[1].w);
var46 = MulRatio(var33, Texture(gTResidentTex05, var38, var43).x, U_Mate.gWrkFl4[1].y);
var47 = Mix(var25, Texture(gTResidentTex04, var27, var29).x, var46);
var51 = Sub(Texture(s0, vTex0.x, vTex0.y).y, U_Mate.gWrkCol[1].y);
var52 = Fma(Texture(gTResidentTex11, var16, var19).y, Texture(s1, vTex0.x, vTex0.y).x, var51);
var54 = Mix(var52, Texture(gTResidentTex04, var27, var29).y, var46);
var58 = Sub(Texture(s0, vTex0.x, vTex0.y).z, U_Mate.gWrkCol[1].z);
var59 = Fma(Texture(gTResidentTex11, var16, var19).z, Texture(s1, vTex0.x, vTex0.y).x, var58);
var61 = Mix(var59, Texture(gTResidentTex04, var27, var29).z, var46);
var63 = MonochromeX(var47, var54, var61, U_Mate.gWrkFl4[2].x);
o0.x = var63;

var3 = NormalizeX(vPos.x, vPos.y, vPos.z);
var4 = NormalizeY(vPos.x, vPos.y, vPos.z);
var5 = NormalizeZ(vPos.x, vPos.y, vPos.z);
var10 = NormalMapX(Texture(s2, vTex0.x, vTex0.y).x, Texture(s2, vTex0.x, vTex0.y).y);
var11 = NormalMapY(Texture(s2, vTex0.x, vTex0.y).x, Texture(s2, vTex0.x, vTex0.y).y);
var12 = NormalMapZ(Texture(s2, vTex0.x, vTex0.y).x, Texture(s2, vTex0.x, vTex0.y).y);
var13 = ReflectX(var3, var4, var5, var10, var11, var12);
var16 = Fma(var13, U_Mate.gWrkFl4[0].z, 0.5);
var17 = ReflectY(var3, var4, var5, var10, var11, var12);
var19 = Fma(var17, U_Mate.gWrkFl4[0].w, 0.5);
var24 = Sub(Texture(s0, vTex0.x, vTex0.y).x, U_Mate.gWrkCol[1].x);
var25 = Fma(Texture(gTResidentTex11, var16, var19).x, Texture(s1, vTex0.x, vTex0.y).x, var24);
var27 = Mul(vTex0.x, U_Mate.gWrkFl4[0].x);
var29 = Mul(vTex0.y, U_Mate.gWrkFl4[0].y);
var33 = Mul(Texture(s1, vTex0.x, vTex0.y).y, U_Mate.gWrkFl4[1].x);
var38 = TexMatrix(vTex0.x, vTex0.y, U_Mate.gTexMat[0].x, U_Mate.gTexMat[0].y, U_Mate.gTexMat[0].z, U_Mate.gTexMat[0].w);
var43 = TexMatrix(vTex0.x, vTex0.y, U_Mate.gTexMat[1].x, U_Mate.gTexMat[1].y, U_Mate.gTexMat[1].z, U_Mate.gTexMat[1].w);
var46 = MulRatio(var33, Texture(gTResidentTex05, var38, var43).x, U_Mate.gWrkFl4[1].y);
var47 = Mix(var25, Texture(gTResidentTex04, var27, var29).x, var46);
var51 = Sub(Texture(s0, vTex0.x, vTex0.y).y, U_Mate.gWrkCol[1].y);
var52 = Fma(Texture(gTResidentTex11, var16, var19).y, Texture(s1, vTex0.x, vTex0.y).x, var51);
var54 = Mix(var52, Texture(gTResidentTex04, var27, var29).y, var46);
var58 = Sub(Texture(s0, vTex0.x, vTex0.y).z, U_Mate.gWrkCol[1].z);
var59 = Fma(Texture(gTResidentTex11, var16, var19).z, Texture(s1, vTex0.x, vTex0.y).x, var58);
var61 = Mix(var59, Texture(gTResidentTex04, var27, var29).z, var46);
var64 = MonochromeY(var47, var54, var61, U_Mate.gWrkFl4[2].x);
o0.y = var64;

var3 = NormalizeX(vPos.x, vPos.y, vPos.z);
var4 = NormalizeY(vPos.x, vPos.y, vPos.z);
var5 = NormalizeZ(vPos.x, vPos.y, vPos.z);
var10 = NormalMapX(Texture(s2, vTex0.x, vTex0.y).x, Texture(s2, vTex0.x, vTex0.y).y);
var11 = NormalMapY(Texture(s2, vTex0.x, vTex0.y).x, Texture(s2, vTex0.x, vTex0.y).y);
var12 = NormalMapZ(Texture(s2, vTex0.x, vTex0.y).x, Texture(s2, vTex0.x, vTex0.y).y);
var13 = ReflectX(var3, var4, var5, var10, var11, var12);
var16 = Fma(var13, U_Mate.gWrkFl4[0].z, 0.5);
var17 = ReflectY(var3, var4, var5, var10, var11, var12);
var19 = Fma(var17, U_Mate.gWrkFl4[0].w, 0.5);
var24 = Sub(Texture(s0, vTex0.x, vTex0.y).x, U_Mate.gWrkCol[1].x);
var25 = Fma(Texture(gTResidentTex11, var16, var19).x, Texture(s1, vTex0.x, vTex0.y).x, var24);
var27 = Mul(vTex0.x, U_Mate.gWrkFl4[0].x);
var29 = Mul(vTex0.y, U_Mate.gWrkFl4[0].y);
var33 = Mul(Texture(s1, vTex0.x, vTex0.y).y, U_Mate.gWrkFl4[1].x);
var38 = TexMatrix(vTex0.x, vTex0.y, U_Mate.gTexMat[0].x, U_Mate.gTexMat[0].y, U_Mate.gTexMat[0].z, U_Mate.gTexMat[0].w);
var43 = TexMatrix(vTex0.x, vTex0.y, U_Mate.gTexMat[1].x, U_Mate.gTexMat[1].y, U_Mate.gTexMat[1].z, U_Mate.gTexMat[1].w);
var46 = MulRatio(var33, Texture(gTResidentTex05, var38, var43).x, U_Mate.gWrkFl4[1].y);
var47 = Mix(var25, Texture(gTResidentTex04, var27, var29).x, var46);
var51 = Sub(Texture(s0, vTex0.x, vTex0.y).y, U_Mate.gWrkCol[1].y);
var52 = Fma(Texture(gTResidentTex11, var16, var19).y, Texture(s1, vTex0.x, vTex0.y).x, var51);
var54 = Mix(var52, Texture(gTResidentTex04, var27, var29).y, var46);
var58 = Sub(Texture(s0, vTex0.x, vTex0.y).z, U_Mate.gWrkCol[1].z);
var59 = Fma(Texture(gTResidentTex11, var16, var19).z, Texture(s1, vTex0.x, vTex0.y).x, var58);
var61 = Mix(var59, Texture(gTResidentTex04, var27, var29).z, var46);
var65 = MonochromeZ(var47, var54, var61, U_Mate.gWrkFl4[2].x);
o0.z = var65;

var68 = Add(vColor.y, 0.004);
var71 = Clamp(var68, 0.0, 1.0);
var73 = Mul(var71, 3.0);
var74 = Truncate(var73);
var75 = Max(var74, 0.0);
var76 = Uint(var75);
var77 = Int(var76);
var79 = LeftShift(var77, 6);
var80 = Uint(var79);
var81 = Float(var80);
var83 = Mul(var81, 0.003921569);
o0.w = var83;

o1.x = Texture(s4, vTex0.x, vTex0.y).z;

o1.y = Texture(s1, vTex0.x, vTex0.y).z;

o1.z = U_Mate.gWrkFl4[1].z;

o1.w = 0.13372548;

o2.x = Texture(s2, vTex0.x, vTex0.y).x;

o2.y = Texture(s2, vTex0.x, vTex0.y).y;

o2.z = Texture(s3, vTex0.x, vTex0.y).x;

var90 = Div(1.0, vPos.w);
var91 = Div(vPos.x, vPos.w);
var92 = Negate(var91);
var93 = Fma(var90, vPos.x, var92);
var94 = Mul(var93, 0.5);
var95 = Abs(var94);
var96 = Div(vPos.y, vPos.w);
var97 = Negate(var96);
var98 = Fma(var90, vPos.y, var97);
var99 = Mul(var98, 0.5);
var100 = Abs(var99);
var101 = Max(var95, var100);
var102 = Max(var101, 1.0);
var103 = Div(var94, var102);
var104 = Abs(var103);
var105 = InverseSqrt(var104);
var106 = Div(1.0, var105);
o3.x = var106;

var90 = Div(1.0, vPos.w);
var96 = Div(vPos.y, vPos.w);
var97 = Negate(var96);
var98 = Fma(var90, vPos.y, var97);
var99 = Mul(var98, 0.5);
var91 = Div(vPos.x, vPos.w);
var92 = Negate(var91);
var93 = Fma(var90, vPos.x, var92);
var94 = Mul(var93, 0.5);
var95 = Abs(var94);
var100 = Abs(var99);
var101 = Max(var95, var100);
var102 = Max(var101, 1.0);
var107 = Div(var99, var102);
var108 = Abs(var107);
var109 = InverseSqrt(var108);
var110 = Div(1.0, var109);
o3.y = var110;

o3.z = 0.0;

var90 = Div(1.0, vPos.w);
var91 = Div(vPos.x, vPos.w);
var92 = Negate(var91);
var93 = Fma(var90, vPos.x, var92);
var94 = Mul(var93, 0.5);
var95 = Abs(var94);
var96 = Div(vPos.y, vPos.w);
var97 = Negate(var96);
var98 = Fma(var90, vPos.y, var97);
var99 = Mul(var98, 0.5);
var100 = Abs(var99);
var101 = Max(var95, var100);
var102 = Max(var101, 1.0);
var103 = Div(var94, var102);
var111 = GreaterEqual(var103, 0.0);
var112 = Select(var111, 1.0, 0.0);
var107 = Div(var99, var102);
var114 = GreaterEqual(var107, 0.0);
var115 = Select(var114, 1.0, 0.0);
var117 = Mul(var115, 0.6666667);
var118 = Fma(var112, 0.33333334, var117);
var120 = Add(var118, 0.01);
o3.w = var120;

var122 = Mul(vPos.z, 8.0);
var123 = Floor(var122);
var124 = Sub(var122, var123);
o4.x = var124;

var122 = Mul(vPos.z, 8.0);
var123 = Floor(var122);
var125 = Mul(var123, 0.003921569);
var126 = Floor(var125);
var127 = Sub(var125, var126);
o4.y = var127;

var122 = Mul(vPos.z, 8.0);
var123 = Floor(var122);
var125 = Mul(var123, 0.003921569);
var126 = Floor(var125);
var128 = Mul(var126, 0.003921569);
o4.z = var128;

o4.w = vColor.x;

var3 = NormalizeX(vPos.x, vPos.y, vPos.z);
var4 = NormalizeY(vPos.x, vPos.y, vPos.z);
var5 = NormalizeZ(vPos.x, vPos.y, vPos.z);
var10 = NormalMapX(Texture(s2, vTex0.x, vTex0.y).x, Texture(s2, vTex0.x, vTex0.y).y);
var11 = NormalMapY(Texture(s2, vTex0.x, vTex0.y).x, Texture(s2, vTex0.x, vTex0.y).y);
var12 = NormalMapZ(Texture(s2, vTex0.x, vTex0.y).x, Texture(s2, vTex0.x, vTex0.y).y);
var13 = ReflectX(var3, var4, var5, var10, var11, var12);
var16 = Fma(var13, U_Mate.gWrkFl4[0].z, 0.5);
var17 = ReflectY(var3, var4, var5, var10, var11, var12);
var19 = Fma(var17, U_Mate.gWrkFl4[0].w, 0.5);
var4 = Sub(Texture(s0, vTex0.x, vTex0.y).xyz, U_Mate.gWrkCol[1].xyz);
var5 = Fma(Texture(gTResidentTex11, var16, var19).xyz, Texture(s1, vTex0.x, vTex0.y).xxx, var4);
var27 = Mul(vTex0.x, U_Mate.gWrkFl4[0].x);
var29 = Mul(vTex0.y, U_Mate.gWrkFl4[0].y);
var9 = Mul(Texture(s1, vTex0.x, vTex0.y).yyy, U_Mate.gWrkFl4[1].xxx);
var38 = TexMatrix(vTex0.x, vTex0.y, U_Mate.gTexMat[0].x, U_Mate.gTexMat[0].y, U_Mate.gTexMat[0].z, U_Mate.gTexMat[0].w);
var43 = TexMatrix(vTex0.x, vTex0.y, U_Mate.gTexMat[1].x, U_Mate.gTexMat[1].y, U_Mate.gTexMat[1].z, U_Mate.gTexMat[1].w);
var12 = MulRatio(var9, Texture(gTResidentTex05, var38, var43).xxx, U_Mate.gWrkFl4[1].yyy);
var13 = Mix(var5, Texture(gTResidentTex04, var27, var29).xyz, var12);
var15 = Monochrome(var13, U_Mate.gWrkFl4[2].xxx).xyz;
o0.xyz = var15;
