---
source: xc3_shader/src/database.rs
---
var2 = Mul(vColor.x, U_Mate.gMatCol.x);
var5 = Mul(vColor.y, U_Mate.gMatCol.y);
var8 = Mul(vColor.z, U_Mate.gMatCol.z);
var10 = MonochromeX(var2, var5, var8, U_Mate.gWrkFl4[1].z);
o0.x = var10;

var2 = Mul(vColor.x, U_Mate.gMatCol.x);
var5 = Mul(vColor.y, U_Mate.gMatCol.y);
var8 = Mul(vColor.z, U_Mate.gMatCol.z);
var11 = MonochromeY(var2, var5, var8, U_Mate.gWrkFl4[1].z);
o0.y = var11;

var2 = Mul(vColor.x, U_Mate.gMatCol.x);
var5 = Mul(vColor.y, U_Mate.gMatCol.y);
var8 = Mul(vColor.z, U_Mate.gMatCol.z);
var12 = MonochromeZ(var2, var5, var8, U_Mate.gWrkFl4[1].z);
o0.z = var12;

o0.w = 0.0;

o1.x = 0.0;

var18 = UintBitsToFloat(U_Bone.data);
var20 = Mul(var18, vNormal.x);
var21 = Fma(var18, vNormal.y, var20);
var22 = Fma(var18, vNormal.z, var21);
var23 = Abs(var22);
var24 = NormalizeZ(vNormal.x, vNormal.y, var23);
var25 = PartialDerivativeX(var24);
var26 = NormalizeY(vNormal.x, vNormal.y, var23);
var27 = PartialDerivativeX(var26);
var28 = NormalizeX(vNormal.x, vNormal.y, var23);
var29 = PartialDerivativeX(var28);
var30 = Mul(var29, var29);
var31 = Fma(var27, var27, var30);
var32 = Fma(var25, var25, var31);
var33 = PartialDerivativeY(var24);
var34 = PartialDerivativeY(var26);
var35 = PartialDerivativeY(var28);
var36 = Mul(var35, var35);
var37 = Fma(var34, var34, var36);
var38 = Fma(var33, var33, var37);
var39 = Add(var32, var38);
var41 = Mul(var39, 0.5);
var43 = Min(var41, 0.18);
var44 = Add(var43, 1.0);
var45 = Clamp(var44, 0.0, 1.0);
var46 = Sqrt(var45);
var47 = Sub(1.0, var46);
o1.y = var47;

o1.z = U_Mate.gWrkFl4[0].x;

o1.w = 0.039607845;

o2.z = 1.0;

var18 = UintBitsToFloat(U_Bone.data);
var20 = Mul(var18, vNormal.x);
var21 = Fma(var18, vNormal.y, var20);
var22 = Fma(var18, vNormal.z, var21);
var54 = Mul(var18, vPos.x);
var55 = Fma(var18, vPos.y, var54);
var56 = Fma(var18, vPos.z, var55);
var57 = Fma(var18, vPos.w, var56);
var60 = Mul(vColor.w, U_Mate.gWrkFl4[0].z);
var61 = Negate(var60);
var62 = Mul(var57, var61);
var64 = Div(var62, U_Static.gmProj[1].y);
var68 = Mul(var22, U_Toon2.gToonParam[2].x);
var69 = Fma(var22, U_Toon2.gToonParam[2].y, var68);
var70 = Fma(var22, U_Toon2.gToonParam[2].z, var69);
var71 = Fma(var70, 0.5, 0.5);
var72 = Clamp(var71, 0.0, 1.0);
var74 = Negate(U_Toon2.gToonParam[3].z);
var75 = Mul(var72, var74);
var76 = Fma(var64, var75, var64);
var77 = Fma(var22, var76, var57);
var81 = Mul(var77, U_Static.gmProj[3].x);
var82 = Fma(var77, U_Static.gmProj[3].y, var81);
var83 = Fma(var77, U_Static.gmProj[3].z, var82);
var85 = Add(var83, U_Static.gmProj[3].w);
var86 = Div(1.0, var85);
var90 = Mul(var77, U_Static.gmProj[0].x);
var91 = Fma(var77, U_Static.gmProj[0].y, var90);
var92 = Fma(var77, U_Static.gmProj[0].z, var91);
var94 = Add(var92, U_Static.gmProj[0].w);
var96 = UintBitsToFloat(U_OdB.data);
var97 = Mul(var96, vPos.x);
var98 = Fma(var96, vPos.y, var97);
var99 = Fma(var96, vPos.z, var98);
var100 = Fma(var96, vPos.w, var99);
var101 = Fma(var22, var76, var100);
var102 = Mul(var101, U_Static.gmProj[0].x);
var103 = Fma(var101, U_Static.gmProj[0].y, var102);
var104 = Fma(var101, U_Static.gmProj[0].z, var103);
var105 = Add(var104, U_Static.gmProj[0].w);
var106 = Mul(var101, U_Static.gmProj[3].x);
var107 = Fma(var101, U_Static.gmProj[3].y, var106);
var108 = Fma(var101, U_Static.gmProj[3].z, var107);
var109 = Add(var108, U_Static.gmProj[3].w);
var110 = Div(var105, var109);
var111 = Negate(var110);
var112 = Fma(var86, var94, var111);
var113 = Mul(var112, 0.5);
var114 = Abs(var113);
var117 = Mul(var77, U_Static.gmProj[1].x);
var118 = Fma(var77, U_Static.gmProj[1].y, var117);
var119 = Fma(var77, U_Static.gmProj[1].z, var118);
var121 = Add(var119, U_Static.gmProj[1].w);
var122 = Mul(var101, U_Static.gmProj[1].x);
var123 = Fma(var101, U_Static.gmProj[1].y, var122);
var124 = Fma(var101, U_Static.gmProj[1].z, var123);
var125 = Add(var124, U_Static.gmProj[1].w);
var126 = Div(var125, var109);
var127 = Negate(var126);
var128 = Fma(var86, var121, var127);
var129 = Mul(var128, 0.5);
var130 = Abs(var129);
var131 = Max(var114, var130);
var132 = Max(var131, 1.0);
var133 = Div(var113, var132);
var134 = Abs(var133);
var135 = InverseSqrt(var134);
var136 = Div(1.0, var135);
o3.x = var136;

var18 = UintBitsToFloat(U_Bone.data);
var20 = Mul(var18, vNormal.x);
var21 = Fma(var18, vNormal.y, var20);
var22 = Fma(var18, vNormal.z, var21);
var54 = Mul(var18, vPos.x);
var55 = Fma(var18, vPos.y, var54);
var56 = Fma(var18, vPos.z, var55);
var57 = Fma(var18, vPos.w, var56);
var60 = Mul(vColor.w, U_Mate.gWrkFl4[0].z);
var61 = Negate(var60);
var62 = Mul(var57, var61);
var64 = Div(var62, U_Static.gmProj[1].y);
var68 = Mul(var22, U_Toon2.gToonParam[2].x);
var69 = Fma(var22, U_Toon2.gToonParam[2].y, var68);
var70 = Fma(var22, U_Toon2.gToonParam[2].z, var69);
var71 = Fma(var70, 0.5, 0.5);
var72 = Clamp(var71, 0.0, 1.0);
var74 = Negate(U_Toon2.gToonParam[3].z);
var75 = Mul(var72, var74);
var76 = Fma(var64, var75, var64);
var77 = Fma(var22, var76, var57);
var81 = Mul(var77, U_Static.gmProj[3].x);
var82 = Fma(var77, U_Static.gmProj[3].y, var81);
var83 = Fma(var77, U_Static.gmProj[3].z, var82);
var85 = Add(var83, U_Static.gmProj[3].w);
var86 = Div(1.0, var85);
var117 = Mul(var77, U_Static.gmProj[1].x);
var118 = Fma(var77, U_Static.gmProj[1].y, var117);
var119 = Fma(var77, U_Static.gmProj[1].z, var118);
var121 = Add(var119, U_Static.gmProj[1].w);
var96 = UintBitsToFloat(U_OdB.data);
var97 = Mul(var96, vPos.x);
var98 = Fma(var96, vPos.y, var97);
var99 = Fma(var96, vPos.z, var98);
var100 = Fma(var96, vPos.w, var99);
var101 = Fma(var22, var76, var100);
var122 = Mul(var101, U_Static.gmProj[1].x);
var123 = Fma(var101, U_Static.gmProj[1].y, var122);
var124 = Fma(var101, U_Static.gmProj[1].z, var123);
var125 = Add(var124, U_Static.gmProj[1].w);
var106 = Mul(var101, U_Static.gmProj[3].x);
var107 = Fma(var101, U_Static.gmProj[3].y, var106);
var108 = Fma(var101, U_Static.gmProj[3].z, var107);
var109 = Add(var108, U_Static.gmProj[3].w);
var126 = Div(var125, var109);
var127 = Negate(var126);
var128 = Fma(var86, var121, var127);
var129 = Mul(var128, 0.5);
var90 = Mul(var77, U_Static.gmProj[0].x);
var91 = Fma(var77, U_Static.gmProj[0].y, var90);
var92 = Fma(var77, U_Static.gmProj[0].z, var91);
var94 = Add(var92, U_Static.gmProj[0].w);
var102 = Mul(var101, U_Static.gmProj[0].x);
var103 = Fma(var101, U_Static.gmProj[0].y, var102);
var104 = Fma(var101, U_Static.gmProj[0].z, var103);
var105 = Add(var104, U_Static.gmProj[0].w);
var110 = Div(var105, var109);
var111 = Negate(var110);
var112 = Fma(var86, var94, var111);
var113 = Mul(var112, 0.5);
var114 = Abs(var113);
var130 = Abs(var129);
var131 = Max(var114, var130);
var132 = Max(var131, 1.0);
var137 = Div(var129, var132);
var138 = Abs(var137);
var139 = InverseSqrt(var138);
var140 = Div(1.0, var139);
o3.y = var140;

o3.z = 0.0;

var18 = UintBitsToFloat(U_Bone.data);
var20 = Mul(var18, vNormal.x);
var21 = Fma(var18, vNormal.y, var20);
var22 = Fma(var18, vNormal.z, var21);
var54 = Mul(var18, vPos.x);
var55 = Fma(var18, vPos.y, var54);
var56 = Fma(var18, vPos.z, var55);
var57 = Fma(var18, vPos.w, var56);
var60 = Mul(vColor.w, U_Mate.gWrkFl4[0].z);
var61 = Negate(var60);
var62 = Mul(var57, var61);
var64 = Div(var62, U_Static.gmProj[1].y);
var68 = Mul(var22, U_Toon2.gToonParam[2].x);
var69 = Fma(var22, U_Toon2.gToonParam[2].y, var68);
var70 = Fma(var22, U_Toon2.gToonParam[2].z, var69);
var71 = Fma(var70, 0.5, 0.5);
var72 = Clamp(var71, 0.0, 1.0);
var74 = Negate(U_Toon2.gToonParam[3].z);
var75 = Mul(var72, var74);
var76 = Fma(var64, var75, var64);
var77 = Fma(var22, var76, var57);
var81 = Mul(var77, U_Static.gmProj[3].x);
var82 = Fma(var77, U_Static.gmProj[3].y, var81);
var83 = Fma(var77, U_Static.gmProj[3].z, var82);
var85 = Add(var83, U_Static.gmProj[3].w);
var86 = Div(1.0, var85);
var90 = Mul(var77, U_Static.gmProj[0].x);
var91 = Fma(var77, U_Static.gmProj[0].y, var90);
var92 = Fma(var77, U_Static.gmProj[0].z, var91);
var94 = Add(var92, U_Static.gmProj[0].w);
var96 = UintBitsToFloat(U_OdB.data);
var97 = Mul(var96, vPos.x);
var98 = Fma(var96, vPos.y, var97);
var99 = Fma(var96, vPos.z, var98);
var100 = Fma(var96, vPos.w, var99);
var101 = Fma(var22, var76, var100);
var102 = Mul(var101, U_Static.gmProj[0].x);
var103 = Fma(var101, U_Static.gmProj[0].y, var102);
var104 = Fma(var101, U_Static.gmProj[0].z, var103);
var105 = Add(var104, U_Static.gmProj[0].w);
var106 = Mul(var101, U_Static.gmProj[3].x);
var107 = Fma(var101, U_Static.gmProj[3].y, var106);
var108 = Fma(var101, U_Static.gmProj[3].z, var107);
var109 = Add(var108, U_Static.gmProj[3].w);
var110 = Div(var105, var109);
var111 = Negate(var110);
var112 = Fma(var86, var94, var111);
var113 = Mul(var112, 0.5);
var114 = Abs(var113);
var117 = Mul(var77, U_Static.gmProj[1].x);
var118 = Fma(var77, U_Static.gmProj[1].y, var117);
var119 = Fma(var77, U_Static.gmProj[1].z, var118);
var121 = Add(var119, U_Static.gmProj[1].w);
var122 = Mul(var101, U_Static.gmProj[1].x);
var123 = Fma(var101, U_Static.gmProj[1].y, var122);
var124 = Fma(var101, U_Static.gmProj[1].z, var123);
var125 = Add(var124, U_Static.gmProj[1].w);
var126 = Div(var125, var109);
var127 = Negate(var126);
var128 = Fma(var86, var121, var127);
var129 = Mul(var128, 0.5);
var130 = Abs(var129);
var131 = Max(var114, var130);
var132 = Max(var131, 1.0);
var133 = Div(var113, var132);
var141 = GreaterEqual(var133, 0.0);
var142 = Select(var141, 1.0, 0.0);
var137 = Div(var129, var132);
var144 = GreaterEqual(var137, 0.0);
var145 = Select(var144, 1.0, 0.0);
var147 = Mul(var145, 0.6666667);
var148 = Fma(var142, 0.33333334, var147);
var150 = Add(var148, 0.01);
o3.w = var150;

var18 = UintBitsToFloat(U_Bone.data);
var20 = Mul(var18, vNormal.x);
var21 = Fma(var18, vNormal.y, var20);
var22 = Fma(var18, vNormal.z, var21);
var54 = Mul(var18, vPos.x);
var55 = Fma(var18, vPos.y, var54);
var56 = Fma(var18, vPos.z, var55);
var57 = Fma(var18, vPos.w, var56);
var60 = Mul(vColor.w, U_Mate.gWrkFl4[0].z);
var61 = Negate(var60);
var62 = Mul(var57, var61);
var64 = Div(var62, U_Static.gmProj[1].y);
var68 = Mul(var22, U_Toon2.gToonParam[2].x);
var69 = Fma(var22, U_Toon2.gToonParam[2].y, var68);
var70 = Fma(var22, U_Toon2.gToonParam[2].z, var69);
var71 = Fma(var70, 0.5, 0.5);
var72 = Clamp(var71, 0.0, 1.0);
var74 = Negate(U_Toon2.gToonParam[3].z);
var75 = Mul(var72, var74);
var76 = Fma(var64, var75, var64);
var77 = Fma(var22, var76, var57);
var154 = Mul(var77, U_Static.gmProj[2].x);
var155 = Fma(var77, U_Static.gmProj[2].y, var154);
var156 = Fma(var77, U_Static.gmProj[2].z, var155);
var158 = Add(var156, U_Static.gmProj[2].w);
var160 = Sub(var158, U_Static.gCDep.y);
var162 = Mul(var160, U_Static.gCDep.z);
var164 = Mul(var162, 8.0);
var165 = Floor(var164);
var166 = Sub(var164, var165);
o4.x = var166;

var18 = UintBitsToFloat(U_Bone.data);
var20 = Mul(var18, vNormal.x);
var21 = Fma(var18, vNormal.y, var20);
var22 = Fma(var18, vNormal.z, var21);
var54 = Mul(var18, vPos.x);
var55 = Fma(var18, vPos.y, var54);
var56 = Fma(var18, vPos.z, var55);
var57 = Fma(var18, vPos.w, var56);
var60 = Mul(vColor.w, U_Mate.gWrkFl4[0].z);
var61 = Negate(var60);
var62 = Mul(var57, var61);
var64 = Div(var62, U_Static.gmProj[1].y);
var68 = Mul(var22, U_Toon2.gToonParam[2].x);
var69 = Fma(var22, U_Toon2.gToonParam[2].y, var68);
var70 = Fma(var22, U_Toon2.gToonParam[2].z, var69);
var71 = Fma(var70, 0.5, 0.5);
var72 = Clamp(var71, 0.0, 1.0);
var74 = Negate(U_Toon2.gToonParam[3].z);
var75 = Mul(var72, var74);
var76 = Fma(var64, var75, var64);
var77 = Fma(var22, var76, var57);
var154 = Mul(var77, U_Static.gmProj[2].x);
var155 = Fma(var77, U_Static.gmProj[2].y, var154);
var156 = Fma(var77, U_Static.gmProj[2].z, var155);
var158 = Add(var156, U_Static.gmProj[2].w);
var160 = Sub(var158, U_Static.gCDep.y);
var162 = Mul(var160, U_Static.gCDep.z);
var164 = Mul(var162, 8.0);
var165 = Floor(var164);
var168 = Mul(var165, 0.003921569);
var169 = Floor(var168);
var170 = Sub(var168, var169);
o4.y = var170;

var18 = UintBitsToFloat(U_Bone.data);
var20 = Mul(var18, vNormal.x);
var21 = Fma(var18, vNormal.y, var20);
var22 = Fma(var18, vNormal.z, var21);
var54 = Mul(var18, vPos.x);
var55 = Fma(var18, vPos.y, var54);
var56 = Fma(var18, vPos.z, var55);
var57 = Fma(var18, vPos.w, var56);
var60 = Mul(vColor.w, U_Mate.gWrkFl4[0].z);
var61 = Negate(var60);
var62 = Mul(var57, var61);
var64 = Div(var62, U_Static.gmProj[1].y);
var68 = Mul(var22, U_Toon2.gToonParam[2].x);
var69 = Fma(var22, U_Toon2.gToonParam[2].y, var68);
var70 = Fma(var22, U_Toon2.gToonParam[2].z, var69);
var71 = Fma(var70, 0.5, 0.5);
var72 = Clamp(var71, 0.0, 1.0);
var74 = Negate(U_Toon2.gToonParam[3].z);
var75 = Mul(var72, var74);
var76 = Fma(var64, var75, var64);
var77 = Fma(var22, var76, var57);
var154 = Mul(var77, U_Static.gmProj[2].x);
var155 = Fma(var77, U_Static.gmProj[2].y, var154);
var156 = Fma(var77, U_Static.gmProj[2].z, var155);
var158 = Add(var156, U_Static.gmProj[2].w);
var160 = Sub(var158, U_Static.gCDep.y);
var162 = Mul(var160, U_Static.gCDep.z);
var164 = Mul(var162, 8.0);
var165 = Floor(var164);
var168 = Mul(var165, 0.003921569);
var169 = Floor(var168);
var171 = Mul(var169, 0.003921569);
o4.z = var171;

o4.w = 0.5;

outline_width = U_Mate.gWrkFl4[0].z;

var18 = UintBitsToFloat(U_Bone.data);
var54 = Mul(var18, vPos.x);
var55 = Fma(var18, vPos.y, var54);
var56 = Fma(var18, vPos.z, var55);
var57 = Fma(var18, vPos.w, var56);
var60 = Mul(vColor.w, U_Mate.gWrkFl4[0].z);
var61 = Negate(var60);
var62 = Mul(var57, var61);
var64 = Div(var62, U_Static.gmProj[1].y);
var20 = Mul(var18, vNormal.x);
var21 = Fma(var18, vNormal.y, var20);
var22 = Fma(var18, vNormal.z, var21);
var68 = Mul(var22, U_Toon2.gToonParam[2].x);
var69 = Fma(var22, U_Toon2.gToonParam[2].y, var68);
var70 = Fma(var22, U_Toon2.gToonParam[2].z, var69);
var71 = Fma(var70, 0.5, 0.5);
var72 = Clamp(var71, 0.0, 1.0);
var74 = Negate(U_Toon2.gToonParam[3].z);
var75 = Mul(var72, var74);
var76 = Fma(var64, var75, var64);
var172 = LessEqual(var76, 0.0);
discard = var172;

var2 = Mul(vColor.xyz, U_Mate.gMatCol.xyz);
var4 = Monochrome(var2, U_Mate.gWrkFl4[1].zzz).xyz;
o0.xyz = var4;
