---
source: xc3_shader/src/database.rs
---
var0 = vTex0.x;
var1 = vTex0.y;
var2 = Texture(s0, var0, var1).x;
var3 = U_Mate.gWrkCol[1].x;
var4 = U_Mate.gWrkFl4[0].z;
var5 = Fresnel(var4);
var6 = Mix(var2, var3, var5);
var7 = U_Mate.gWrkFl4[0].x;
var8 = Mul(var0, var7);
var9 = U_Mate.gWrkFl4[0].y;
var10 = Mul(var1, var9);
var11 = Texture(gTResidentTex04, var8, var10).x;
var12 = Texture(s1, var0, var1).x;
var13 = U_Mate.gWrkFl4[0].w;
var14 = Mul(var12, var13);
var15 = U_Mate.gTexMat[0].x;
var16 = U_Mate.gTexMat[0].y;
var17 = U_Mate.gTexMat[0].z;
var18 = U_Mate.gTexMat[0].w;
var19 = TexMatrix(var0, var1, var15, var16, var17, var18);
var20 = U_Mate.gTexMat[1].x;
var21 = U_Mate.gTexMat[1].y;
var22 = U_Mate.gTexMat[1].z;
var23 = U_Mate.gTexMat[1].w;
var24 = TexMatrix(var0, var1, var20, var21, var22, var23);
var25 = Texture(gTResidentTex05, var19, var24).x;
var26 = U_Mate.gWrkFl4[1].x;
var27 = MulRatio(var14, var25, var26);
var28 = Mix(var6, var11, var27);
var29 = Texture(s0, var0, var1).y;
var30 = U_Mate.gWrkCol[1].y;
var31 = Mix(var29, var30, var5);
var32 = Texture(gTResidentTex04, var8, var10).y;
var33 = Mix(var31, var32, var27);
var34 = Texture(s0, var0, var1).z;
var35 = U_Mate.gWrkCol[1].z;
var36 = Mix(var34, var35, var5);
var37 = Texture(gTResidentTex04, var8, var10).z;
var38 = Mix(var36, var37, var27);
var39 = U_Mate.gWrkFl4[2].z;
var40 = MonochromeX(var28, var33, var38, var39);
o0.x = var40;

var0 = vTex0.x;
var1 = vTex0.y;
var2 = Texture(s0, var0, var1).x;
var3 = U_Mate.gWrkCol[1].x;
var4 = U_Mate.gWrkFl4[0].z;
var5 = Fresnel(var4);
var6 = Mix(var2, var3, var5);
var7 = U_Mate.gWrkFl4[0].x;
var8 = Mul(var0, var7);
var9 = U_Mate.gWrkFl4[0].y;
var10 = Mul(var1, var9);
var11 = Texture(gTResidentTex04, var8, var10).x;
var12 = Texture(s1, var0, var1).x;
var13 = U_Mate.gWrkFl4[0].w;
var14 = Mul(var12, var13);
var15 = U_Mate.gTexMat[0].x;
var16 = U_Mate.gTexMat[0].y;
var17 = U_Mate.gTexMat[0].z;
var18 = U_Mate.gTexMat[0].w;
var19 = TexMatrix(var0, var1, var15, var16, var17, var18);
var20 = U_Mate.gTexMat[1].x;
var21 = U_Mate.gTexMat[1].y;
var22 = U_Mate.gTexMat[1].z;
var23 = U_Mate.gTexMat[1].w;
var24 = TexMatrix(var0, var1, var20, var21, var22, var23);
var25 = Texture(gTResidentTex05, var19, var24).x;
var26 = U_Mate.gWrkFl4[1].x;
var27 = MulRatio(var14, var25, var26);
var28 = Mix(var6, var11, var27);
var29 = Texture(s0, var0, var1).y;
var30 = U_Mate.gWrkCol[1].y;
var31 = Mix(var29, var30, var5);
var32 = Texture(gTResidentTex04, var8, var10).y;
var33 = Mix(var31, var32, var27);
var34 = Texture(s0, var0, var1).z;
var35 = U_Mate.gWrkCol[1].z;
var36 = Mix(var34, var35, var5);
var37 = Texture(gTResidentTex04, var8, var10).z;
var38 = Mix(var36, var37, var27);
var39 = U_Mate.gWrkFl4[2].z;
var41 = MonochromeY(var28, var33, var38, var39);
o0.y = var41;

var0 = vTex0.x;
var1 = vTex0.y;
var2 = Texture(s0, var0, var1).x;
var3 = U_Mate.gWrkCol[1].x;
var4 = U_Mate.gWrkFl4[0].z;
var5 = Fresnel(var4);
var6 = Mix(var2, var3, var5);
var7 = U_Mate.gWrkFl4[0].x;
var8 = Mul(var0, var7);
var9 = U_Mate.gWrkFl4[0].y;
var10 = Mul(var1, var9);
var11 = Texture(gTResidentTex04, var8, var10).x;
var12 = Texture(s1, var0, var1).x;
var13 = U_Mate.gWrkFl4[0].w;
var14 = Mul(var12, var13);
var15 = U_Mate.gTexMat[0].x;
var16 = U_Mate.gTexMat[0].y;
var17 = U_Mate.gTexMat[0].z;
var18 = U_Mate.gTexMat[0].w;
var19 = TexMatrix(var0, var1, var15, var16, var17, var18);
var20 = U_Mate.gTexMat[1].x;
var21 = U_Mate.gTexMat[1].y;
var22 = U_Mate.gTexMat[1].z;
var23 = U_Mate.gTexMat[1].w;
var24 = TexMatrix(var0, var1, var20, var21, var22, var23);
var25 = Texture(gTResidentTex05, var19, var24).x;
var26 = U_Mate.gWrkFl4[1].x;
var27 = MulRatio(var14, var25, var26);
var28 = Mix(var6, var11, var27);
var29 = Texture(s0, var0, var1).y;
var30 = U_Mate.gWrkCol[1].y;
var31 = Mix(var29, var30, var5);
var32 = Texture(gTResidentTex04, var8, var10).y;
var33 = Mix(var31, var32, var27);
var34 = Texture(s0, var0, var1).z;
var35 = U_Mate.gWrkCol[1].z;
var36 = Mix(var34, var35, var5);
var37 = Texture(gTResidentTex04, var8, var10).z;
var38 = Mix(var36, var37, var27);
var39 = U_Mate.gWrkFl4[2].z;
var42 = MonochromeZ(var28, var33, var38, var39);
o0.z = var42;

var43 = vColor.y;
var44 = 0.004;
var45 = Add(var43, var44);
var46 = 0.0;
var47 = 1.0;
var48 = Clamp(var45, var46, var47);
var49 = 3.0;
var50 = Mul(var48, var49);
var51 = Truncate(var50);
var52 = Max(var51, var46);
var53 = Uint(var52);
var54 = Int(var53);
var55 = 6;
var56 = LeftShift(var54, var55);
var57 = Uint(var56);
var58 = Float(var57);
var59 = 0.003921569;
var60 = Mul(var58, var59);
o0.w = var60;

var61 = U_Mate.gWrkFl4[2].x;
o1.x = var61;

var62 = U_Mate.gWrkFl4[1].w;
o1.y = var62;

var63 = U_Mate.gWrkFl4[1].y;
o1.z = var63;

var64 = 0.008235293;
o1.w = var64;

var0 = vTex0.x;
var1 = vTex0.y;
var65 = Texture(s2, var0, var1).x;
o2.x = var65;

var0 = vTex0.x;
var1 = vTex0.y;
var66 = Texture(s2, var0, var1).y;
o2.y = var66;

var47 = 1.0;
o2.z = var47;

var47 = 1.0;
var67 = vPos.w;
var68 = Div(var47, var67);
var69 = vPos.x;
var70 = Div(var69, var67);
var71 = Negate(var70);
var72 = Fma(var68, var69, var71);
var73 = 0.5;
var74 = Mul(var72, var73);
var75 = Abs(var74);
var76 = vPos.y;
var77 = Div(var76, var67);
var78 = Negate(var77);
var79 = Fma(var68, var76, var78);
var80 = Mul(var79, var73);
var81 = Abs(var80);
var82 = Max(var75, var81);
var83 = Max(var82, var47);
var84 = Div(var74, var83);
var85 = Abs(var84);
var86 = InverseSqrt(var85);
var87 = Div(var47, var86);
o3.x = var87;

var47 = 1.0;
var67 = vPos.w;
var68 = Div(var47, var67);
var76 = vPos.y;
var77 = Div(var76, var67);
var78 = Negate(var77);
var79 = Fma(var68, var76, var78);
var73 = 0.5;
var80 = Mul(var79, var73);
var69 = vPos.x;
var70 = Div(var69, var67);
var71 = Negate(var70);
var72 = Fma(var68, var69, var71);
var74 = Mul(var72, var73);
var75 = Abs(var74);
var81 = Abs(var80);
var82 = Max(var75, var81);
var83 = Max(var82, var47);
var88 = Div(var80, var83);
var89 = Abs(var88);
var90 = InverseSqrt(var89);
var91 = Div(var47, var90);
o3.y = var91;

var46 = 0.0;
o3.z = var46;

var47 = 1.0;
var67 = vPos.w;
var68 = Div(var47, var67);
var69 = vPos.x;
var70 = Div(var69, var67);
var71 = Negate(var70);
var72 = Fma(var68, var69, var71);
var73 = 0.5;
var74 = Mul(var72, var73);
var75 = Abs(var74);
var76 = vPos.y;
var77 = Div(var76, var67);
var78 = Negate(var77);
var79 = Fma(var68, var76, var78);
var80 = Mul(var79, var73);
var81 = Abs(var80);
var82 = Max(var75, var81);
var83 = Max(var82, var47);
var84 = Div(var74, var83);
var46 = 0.0;
var92 = GreaterEqual(var84, var46);
var93 = Select(var92, var47, var46);
var94 = 0.33333334;
var88 = Div(var80, var83);
var95 = GreaterEqual(var88, var46);
var96 = Select(var95, var47, var46);
var97 = 0.6666667;
var98 = Mul(var96, var97);
var99 = Fma(var93, var94, var98);
var100 = 0.01;
var101 = Add(var99, var100);
o3.w = var101;

var102 = vPos.z;
var103 = 8.0;
var104 = Mul(var102, var103);
var105 = Floor(var104);
var106 = Sub(var104, var105);
o4.x = var106;

var102 = vPos.z;
var103 = 8.0;
var104 = Mul(var102, var103);
var105 = Floor(var104);
var59 = 0.003921569;
var107 = Mul(var105, var59);
var108 = Floor(var107);
var109 = Sub(var107, var108);
o4.y = var109;

var102 = vPos.z;
var103 = 8.0;
var104 = Mul(var102, var103);
var105 = Floor(var104);
var59 = 0.003921569;
var107 = Mul(var105, var59);
var108 = Floor(var107);
var110 = Mul(var108, var59);
o4.z = var110;

var111 = vColor.x;
o4.w = var111;

var0 = vTex0.x;
var1 = vTex0.y;
var0 = Texture(s0, var0, var1).xyz;
var1 = U_Mate.gWrkCol[1].xyz;
var2 = U_Mate.gWrkFl4[0].zzz;
var3 = Fresnel(var2);
var4 = Mix(var0, var1, var3);
var7 = U_Mate.gWrkFl4[0].x;
var8 = Mul(var0, var7);
var9 = U_Mate.gWrkFl4[0].y;
var10 = Mul(var1, var9);
var5 = Texture(gTResidentTex04, var8, var10).xyz;
var6 = Texture(s1, var0, var1).xxx;
var7 = U_Mate.gWrkFl4[0].www;
var8 = Mul(var6, var7);
var15 = U_Mate.gTexMat[0].x;
var16 = U_Mate.gTexMat[0].y;
var17 = U_Mate.gTexMat[0].z;
var18 = U_Mate.gTexMat[0].w;
var19 = TexMatrix(var0, var1, var15, var16, var17, var18);
var20 = U_Mate.gTexMat[1].x;
var21 = U_Mate.gTexMat[1].y;
var22 = U_Mate.gTexMat[1].z;
var23 = U_Mate.gTexMat[1].w;
var24 = TexMatrix(var0, var1, var20, var21, var22, var23);
var9 = Texture(gTResidentTex05, var19, var24).xxx;
var10 = U_Mate.gWrkFl4[1].xxx;
var11 = MulRatio(var8, var9, var10);
var12 = Mix(var4, var5, var11);
var13 = U_Mate.gWrkFl4[2].zzz;
var14 = Monochrome(var12, var13).xyz;
o0.xyz = var14;
