---
source: xc3_shader/src/database.rs
---
var0 = vTex0.x;
var1 = vTex0.y;
var2 = Texture(s0, var0, var1).x;
var3 = U_Mate.gWrkCol[1].x;
var4 = U_Mate.gWrkFl4[1].z;
var5 = Fresnel(var4);
var6 = Mix(var2, var3, var5);
var7 = U_Mate.gWrkFl4[0].x;
var8 = Mul(var0, var7);
var9 = U_Mate.gWrkFl4[0].y;
var10 = Mul(var1, var9);
var11 = Texture(gTResidentTex04, var8, var10).x;
var12 = Texture(s1, var0, var1).x;
var13 = U_Mate.gWrkFl4[1].w;
var14 = Mul(var12, var13);
var15 = U_Mate.gTexMat[0].x;
var16 = U_Mate.gTexMat[0].y;
var17 = U_Mate.gTexMat[0].z;
var18 = U_Mate.gTexMat[0].w;
var19 = TexMatrix(var0, var1, var15, var16, var17, var18);
var20 = U_Mate.gTexMat[1].x;
var21 = U_Mate.gTexMat[1].y;
var22 = U_Mate.gTexMat[1].z;
var23 = U_Mate.gTexMat[1].w;
var24 = TexMatrix(var0, var1, var20, var21, var22, var23);
var25 = Texture(gTResidentTex05, var19, var24).x;
var26 = U_Mate.gWrkFl4[2].x;
var27 = MulRatio(var14, var25, var26);
var28 = Mix(var6, var11, var27);
var29 = Texture(s0, var0, var1).y;
var30 = U_Mate.gWrkCol[1].y;
var31 = Mix(var29, var30, var5);
var32 = Texture(gTResidentTex04, var8, var10).y;
var33 = Mix(var31, var32, var27);
var34 = Texture(s0, var0, var1).z;
var35 = U_Mate.gWrkCol[1].z;
var36 = Mix(var34, var35, var5);
var37 = Texture(gTResidentTex04, var8, var10).z;
var38 = Mix(var36, var37, var27);
var39 = U_Mate.gWrkFl4[3].w;
var40 = MonochromeX(var28, var33, var38, var39);
o0.x = var40;

var0 = vTex0.x;
var1 = vTex0.y;
var2 = Texture(s0, var0, var1).x;
var3 = U_Mate.gWrkCol[1].x;
var4 = U_Mate.gWrkFl4[1].z;
var5 = Fresnel(var4);
var6 = Mix(var2, var3, var5);
var7 = U_Mate.gWrkFl4[0].x;
var8 = Mul(var0, var7);
var9 = U_Mate.gWrkFl4[0].y;
var10 = Mul(var1, var9);
var11 = Texture(gTResidentTex04, var8, var10).x;
var12 = Texture(s1, var0, var1).x;
var13 = U_Mate.gWrkFl4[1].w;
var14 = Mul(var12, var13);
var15 = U_Mate.gTexMat[0].x;
var16 = U_Mate.gTexMat[0].y;
var17 = U_Mate.gTexMat[0].z;
var18 = U_Mate.gTexMat[0].w;
var19 = TexMatrix(var0, var1, var15, var16, var17, var18);
var20 = U_Mate.gTexMat[1].x;
var21 = U_Mate.gTexMat[1].y;
var22 = U_Mate.gTexMat[1].z;
var23 = U_Mate.gTexMat[1].w;
var24 = TexMatrix(var0, var1, var20, var21, var22, var23);
var25 = Texture(gTResidentTex05, var19, var24).x;
var26 = U_Mate.gWrkFl4[2].x;
var27 = MulRatio(var14, var25, var26);
var28 = Mix(var6, var11, var27);
var29 = Texture(s0, var0, var1).y;
var30 = U_Mate.gWrkCol[1].y;
var31 = Mix(var29, var30, var5);
var32 = Texture(gTResidentTex04, var8, var10).y;
var33 = Mix(var31, var32, var27);
var34 = Texture(s0, var0, var1).z;
var35 = U_Mate.gWrkCol[1].z;
var36 = Mix(var34, var35, var5);
var37 = Texture(gTResidentTex04, var8, var10).z;
var38 = Mix(var36, var37, var27);
var39 = U_Mate.gWrkFl4[3].w;
var41 = MonochromeY(var28, var33, var38, var39);
o0.y = var41;

var0 = vTex0.x;
var1 = vTex0.y;
var2 = Texture(s0, var0, var1).x;
var3 = U_Mate.gWrkCol[1].x;
var4 = U_Mate.gWrkFl4[1].z;
var5 = Fresnel(var4);
var6 = Mix(var2, var3, var5);
var7 = U_Mate.gWrkFl4[0].x;
var8 = Mul(var0, var7);
var9 = U_Mate.gWrkFl4[0].y;
var10 = Mul(var1, var9);
var11 = Texture(gTResidentTex04, var8, var10).x;
var12 = Texture(s1, var0, var1).x;
var13 = U_Mate.gWrkFl4[1].w;
var14 = Mul(var12, var13);
var15 = U_Mate.gTexMat[0].x;
var16 = U_Mate.gTexMat[0].y;
var17 = U_Mate.gTexMat[0].z;
var18 = U_Mate.gTexMat[0].w;
var19 = TexMatrix(var0, var1, var15, var16, var17, var18);
var20 = U_Mate.gTexMat[1].x;
var21 = U_Mate.gTexMat[1].y;
var22 = U_Mate.gTexMat[1].z;
var23 = U_Mate.gTexMat[1].w;
var24 = TexMatrix(var0, var1, var20, var21, var22, var23);
var25 = Texture(gTResidentTex05, var19, var24).x;
var26 = U_Mate.gWrkFl4[2].x;
var27 = MulRatio(var14, var25, var26);
var28 = Mix(var6, var11, var27);
var29 = Texture(s0, var0, var1).y;
var30 = U_Mate.gWrkCol[1].y;
var31 = Mix(var29, var30, var5);
var32 = Texture(gTResidentTex04, var8, var10).y;
var33 = Mix(var31, var32, var27);
var34 = Texture(s0, var0, var1).z;
var35 = U_Mate.gWrkCol[1].z;
var36 = Mix(var34, var35, var5);
var37 = Texture(gTResidentTex04, var8, var10).z;
var38 = Mix(var36, var37, var27);
var39 = U_Mate.gWrkFl4[3].w;
var42 = MonochromeZ(var28, var33, var38, var39);
o0.z = var42;

var43 = vColor.y;
var44 = 0.004;
var45 = Add(var43, var44);
var46 = 0.0;
var47 = 1.0;
var48 = Clamp(var45, var46, var47);
var49 = 3.0;
var50 = Mul(var48, var49);
var51 = Truncate(var50);
var52 = Max(var51, var46);
var53 = Uint(var52);
var54 = Int(var53);
var55 = 6;
var56 = LeftShift(var54, var55);
var57 = Uint(var56);
var58 = Float(var57);
var59 = 0.003921569;
var60 = Mul(var58, var59);
o0.w = var60;

var61 = U_Mate.gWrkFl4[3].z;
o1.x = var61;

var62 = U_Mate.gWrkFl4[3].y;
o1.y = var62;

var63 = U_Mate.gWrkFl4[2].w;
o1.z = var63;

var64 = 0.008235293;
o1.w = var64;

var0 = vTex0.x;
var1 = vTex0.y;
var65 = Texture(s2, var0, var1).x;
var66 = Texture(s2, var0, var1).y;
var67 = U_Mate.gWrkFl4[0].z;
var68 = Mul(var0, var67);
var69 = U_Mate.gWrkFl4[0].w;
var70 = Mul(var1, var69);
var71 = Texture(gTResidentTex09, var68, var70).x;
var72 = Texture(gTResidentTex09, var68, var70).y;
var73 = U_Mate.gWrkFl4[2].y;
var74 = AddNormalX(var65, var66, var71, var72, var73);
var75 = AddNormalY(var65, var66, var71, var72, var73);
var76 = U_Mate.gWrkFl4[1].x;
var77 = Mul(var0, var76);
var78 = U_Mate.gWrkFl4[1].y;
var79 = Mul(var1, var78);
var80 = Texture(s3, var77, var79).x;
var81 = Texture(s3, var77, var79).y;
var82 = U_Mate.gWrkFl4[2].z;
var83 = AddNormalX(var74, var75, var80, var81, var82);
o2.x = var83;

var0 = vTex0.x;
var1 = vTex0.y;
var65 = Texture(s2, var0, var1).x;
var66 = Texture(s2, var0, var1).y;
var67 = U_Mate.gWrkFl4[0].z;
var68 = Mul(var0, var67);
var69 = U_Mate.gWrkFl4[0].w;
var70 = Mul(var1, var69);
var71 = Texture(gTResidentTex09, var68, var70).x;
var72 = Texture(gTResidentTex09, var68, var70).y;
var73 = U_Mate.gWrkFl4[2].y;
var74 = AddNormalX(var65, var66, var71, var72, var73);
var75 = AddNormalY(var65, var66, var71, var72, var73);
var76 = U_Mate.gWrkFl4[1].x;
var77 = Mul(var0, var76);
var78 = U_Mate.gWrkFl4[1].y;
var79 = Mul(var1, var78);
var80 = Texture(s3, var77, var79).x;
var81 = Texture(s3, var77, var79).y;
var82 = U_Mate.gWrkFl4[2].z;
var84 = AddNormalY(var74, var75, var80, var81, var82);
o2.y = var84;

var0 = vTex0.x;
var1 = vTex0.y;
var85 = Texture(s4, var0, var1).y;
o2.z = var85;

var47 = 1.0;
var86 = vPos.w;
var87 = Div(var47, var86);
var88 = vPos.x;
var89 = Div(var88, var86);
var90 = Negate(var89);
var91 = Fma(var87, var88, var90);
var92 = 0.5;
var93 = Mul(var91, var92);
var94 = Abs(var93);
var95 = vPos.y;
var96 = Div(var95, var86);
var97 = Negate(var96);
var98 = Fma(var87, var95, var97);
var99 = Mul(var98, var92);
var100 = Abs(var99);
var101 = Max(var94, var100);
var102 = Max(var101, var47);
var103 = Div(var93, var102);
var104 = Abs(var103);
var105 = InverseSqrt(var104);
var106 = Div(var47, var105);
o3.x = var106;

var47 = 1.0;
var86 = vPos.w;
var87 = Div(var47, var86);
var95 = vPos.y;
var96 = Div(var95, var86);
var97 = Negate(var96);
var98 = Fma(var87, var95, var97);
var92 = 0.5;
var99 = Mul(var98, var92);
var88 = vPos.x;
var89 = Div(var88, var86);
var90 = Negate(var89);
var91 = Fma(var87, var88, var90);
var93 = Mul(var91, var92);
var94 = Abs(var93);
var100 = Abs(var99);
var101 = Max(var94, var100);
var102 = Max(var101, var47);
var107 = Div(var99, var102);
var108 = Abs(var107);
var109 = InverseSqrt(var108);
var110 = Div(var47, var109);
o3.y = var110;

var46 = 0.0;
o3.z = var46;

var47 = 1.0;
var86 = vPos.w;
var87 = Div(var47, var86);
var88 = vPos.x;
var89 = Div(var88, var86);
var90 = Negate(var89);
var91 = Fma(var87, var88, var90);
var92 = 0.5;
var93 = Mul(var91, var92);
var94 = Abs(var93);
var95 = vPos.y;
var96 = Div(var95, var86);
var97 = Negate(var96);
var98 = Fma(var87, var95, var97);
var99 = Mul(var98, var92);
var100 = Abs(var99);
var101 = Max(var94, var100);
var102 = Max(var101, var47);
var103 = Div(var93, var102);
var46 = 0.0;
var111 = GreaterEqual(var103, var46);
var112 = Select(var111, var47, var46);
var113 = 0.33333334;
var107 = Div(var99, var102);
var114 = GreaterEqual(var107, var46);
var115 = Select(var114, var47, var46);
var116 = 0.6666667;
var117 = Mul(var115, var116);
var118 = Fma(var112, var113, var117);
var119 = 0.01;
var120 = Add(var118, var119);
o3.w = var120;

var121 = vPos.z;
var122 = 8.0;
var123 = Mul(var121, var122);
var124 = Floor(var123);
var125 = Sub(var123, var124);
o4.x = var125;

var121 = vPos.z;
var122 = 8.0;
var123 = Mul(var121, var122);
var124 = Floor(var123);
var59 = 0.003921569;
var126 = Mul(var124, var59);
var127 = Floor(var126);
var128 = Sub(var126, var127);
o4.y = var128;

var121 = vPos.z;
var122 = 8.0;
var123 = Mul(var121, var122);
var124 = Floor(var123);
var59 = 0.003921569;
var126 = Mul(var124, var59);
var127 = Floor(var126);
var129 = Mul(var127, var59);
o4.z = var129;

var130 = vColor.x;
o4.w = var130;

var0 = vTex0.x;
var1 = vTex0.y;
var0 = Texture(s0, var0, var1).xyz;
var1 = U_Mate.gWrkCol[1].xyz;
var2 = U_Mate.gWrkFl4[1].zzz;
var3 = Fresnel(var2);
var4 = Mix(var0, var1, var3);
var7 = U_Mate.gWrkFl4[0].x;
var8 = Mul(var0, var7);
var9 = U_Mate.gWrkFl4[0].y;
var10 = Mul(var1, var9);
var5 = Texture(gTResidentTex04, var8, var10).xyz;
var6 = Texture(s1, var0, var1).xxx;
var7 = U_Mate.gWrkFl4[1].www;
var8 = Mul(var6, var7);
var15 = U_Mate.gTexMat[0].x;
var16 = U_Mate.gTexMat[0].y;
var17 = U_Mate.gTexMat[0].z;
var18 = U_Mate.gTexMat[0].w;
var19 = TexMatrix(var0, var1, var15, var16, var17, var18);
var20 = U_Mate.gTexMat[1].x;
var21 = U_Mate.gTexMat[1].y;
var22 = U_Mate.gTexMat[1].z;
var23 = U_Mate.gTexMat[1].w;
var24 = TexMatrix(var0, var1, var20, var21, var22, var23);
var9 = Texture(gTResidentTex05, var19, var24).xxx;
var10 = U_Mate.gWrkFl4[2].xxx;
var11 = MulRatio(var8, var9, var10);
var12 = Mix(var4, var5, var11);
var13 = U_Mate.gWrkFl4[3].www;
var14 = Monochrome(var12, var13).xyz;
o0.xyz = var14;
