---
source: xc3_shader/src/database.rs
---
var0 = Mul(vColor.x, U_Mate.gMatCol.x);
var1 = Mul(vColor.y, U_Mate.gMatCol.y);
var2 = Mul(vColor.z, U_Mate.gMatCol.z);
var3 = MonochromeX(var0, var1, var2, U_Mate.gWrkFl4[1].z);
o0.x = var3;

var0 = Mul(vColor.x, U_Mate.gMatCol.x);
var1 = Mul(vColor.y, U_Mate.gMatCol.y);
var2 = Mul(vColor.z, U_Mate.gMatCol.z);
var3 = MonochromeY(var0, var1, var2, U_Mate.gWrkFl4[1].z);
o0.y = var3;

var0 = Mul(vColor.x, U_Mate.gMatCol.x);
var1 = Mul(vColor.y, U_Mate.gMatCol.y);
var2 = Mul(vColor.z, U_Mate.gMatCol.z);
var3 = MonochromeZ(var0, var1, var2, U_Mate.gWrkFl4[1].z);
o0.z = var3;

o0.w = 0.0;

o1.x = 0.0;

var0 = UintBitsToFloat(U_Bone.data);
var1 = Mul(var0, vNormal.x);
var2 = Fma(var0, vNormal.y, var1);
var3 = Fma(var0, vNormal.z, var2);
var4 = Abs(var3);
var5 = NormalizeZ(vNormal.x, vNormal.y, var4);
var6 = PartialDerivativeX(var5);
var7 = NormalizeY(vNormal.x, vNormal.y, var4);
var8 = PartialDerivativeX(var7);
var9 = NormalizeX(vNormal.x, vNormal.y, var4);
var10 = PartialDerivativeX(var9);
var11 = Mul(var10, var10);
var12 = Fma(var8, var8, var11);
var13 = Fma(var6, var6, var12);
var14 = PartialDerivativeY(var5);
var15 = PartialDerivativeY(var7);
var16 = PartialDerivativeY(var9);
var17 = Mul(var16, var16);
var18 = Fma(var15, var15, var17);
var19 = Fma(var14, var14, var18);
var20 = Add(var13, var19);
var21 = Mul(var20, 0.5);
var22 = Min(var21, 0.18);
var23 = Add(var22, 1.0);
var24 = Clamp(var23, 0.0, 1.0);
var25 = Sqrt(var24);
var26 = Sub(1.0, var25);
o1.y = var26;

o1.z = U_Mate.gWrkFl4[0].x;

o1.w = 0.039607845;

o2.z = 1.0;

var0 = UintBitsToFloat(U_Bone.data);
var1 = Mul(var0, vNormal.x);
var2 = Fma(var0, vNormal.y, var1);
var3 = Fma(var0, vNormal.z, var2);
var4 = Mul(var0, vPos.x);
var5 = Fma(var0, vPos.y, var4);
var6 = Fma(var0, vPos.z, var5);
var7 = Fma(var0, vPos.w, var6);
var8 = Mul(vColor.w, U_Mate.gWrkFl4[0].z);
var9 = Negate(var8);
var10 = Mul(var7, var9);
var11 = Div(var10, U_Static.gmProj[1].y);
var12 = Mul(var3, U_Toon2.gToonParam[2].x);
var13 = Fma(var3, U_Toon2.gToonParam[2].y, var12);
var14 = Fma(var3, U_Toon2.gToonParam[2].z, var13);
var15 = Fma(var14, 0.5, 0.5);
var16 = Clamp(var15, 0.0, 1.0);
var17 = Negate(U_Toon2.gToonParam[3].z);
var18 = Mul(var16, var17);
var19 = Fma(var11, var18, var11);
var20 = Fma(var3, var19, var7);
var21 = Mul(var20, U_Static.gmProj[3].x);
var22 = Fma(var20, U_Static.gmProj[3].y, var21);
var23 = Fma(var20, U_Static.gmProj[3].z, var22);
var24 = Add(var23, U_Static.gmProj[3].w);
var25 = Div(1.0, var24);
var26 = Mul(var20, U_Static.gmProj[0].x);
var27 = Fma(var20, U_Static.gmProj[0].y, var26);
var28 = Fma(var20, U_Static.gmProj[0].z, var27);
var29 = Add(var28, U_Static.gmProj[0].w);
var30 = UintBitsToFloat(U_OdB.data);
var31 = Mul(var30, vPos.x);
var32 = Fma(var30, vPos.y, var31);
var33 = Fma(var30, vPos.z, var32);
var34 = Fma(var30, vPos.w, var33);
var35 = Fma(var3, var19, var34);
var36 = Mul(var35, U_Static.gmProj[0].x);
var37 = Fma(var35, U_Static.gmProj[0].y, var36);
var38 = Fma(var35, U_Static.gmProj[0].z, var37);
var39 = Add(var38, U_Static.gmProj[0].w);
var40 = Mul(var35, U_Static.gmProj[3].x);
var41 = Fma(var35, U_Static.gmProj[3].y, var40);
var42 = Fma(var35, U_Static.gmProj[3].z, var41);
var43 = Add(var42, U_Static.gmProj[3].w);
var44 = Div(var39, var43);
var45 = Negate(var44);
var46 = Fma(var25, var29, var45);
var47 = Mul(var46, 0.5);
var48 = Abs(var47);
var49 = Mul(var20, U_Static.gmProj[1].x);
var50 = Fma(var20, U_Static.gmProj[1].y, var49);
var51 = Fma(var20, U_Static.gmProj[1].z, var50);
var52 = Add(var51, U_Static.gmProj[1].w);
var53 = Mul(var35, U_Static.gmProj[1].x);
var54 = Fma(var35, U_Static.gmProj[1].y, var53);
var55 = Fma(var35, U_Static.gmProj[1].z, var54);
var56 = Add(var55, U_Static.gmProj[1].w);
var57 = Div(var56, var43);
var58 = Negate(var57);
var59 = Fma(var25, var52, var58);
var60 = Mul(var59, 0.5);
var61 = Abs(var60);
var62 = Max(var48, var61);
var63 = Max(var62, 1.0);
var64 = Div(var47, var63);
var65 = Abs(var64);
var66 = InverseSqrt(var65);
var67 = Div(1.0, var66);
o3.x = var67;

var0 = UintBitsToFloat(U_Bone.data);
var1 = Mul(var0, vNormal.x);
var2 = Fma(var0, vNormal.y, var1);
var3 = Fma(var0, vNormal.z, var2);
var4 = Mul(var0, vPos.x);
var5 = Fma(var0, vPos.y, var4);
var6 = Fma(var0, vPos.z, var5);
var7 = Fma(var0, vPos.w, var6);
var8 = Mul(vColor.w, U_Mate.gWrkFl4[0].z);
var9 = Negate(var8);
var10 = Mul(var7, var9);
var11 = Div(var10, U_Static.gmProj[1].y);
var12 = Mul(var3, U_Toon2.gToonParam[2].x);
var13 = Fma(var3, U_Toon2.gToonParam[2].y, var12);
var14 = Fma(var3, U_Toon2.gToonParam[2].z, var13);
var15 = Fma(var14, 0.5, 0.5);
var16 = Clamp(var15, 0.0, 1.0);
var17 = Negate(U_Toon2.gToonParam[3].z);
var18 = Mul(var16, var17);
var19 = Fma(var11, var18, var11);
var20 = Fma(var3, var19, var7);
var21 = Mul(var20, U_Static.gmProj[3].x);
var22 = Fma(var20, U_Static.gmProj[3].y, var21);
var23 = Fma(var20, U_Static.gmProj[3].z, var22);
var24 = Add(var23, U_Static.gmProj[3].w);
var25 = Div(1.0, var24);
var26 = Mul(var20, U_Static.gmProj[1].x);
var27 = Fma(var20, U_Static.gmProj[1].y, var26);
var28 = Fma(var20, U_Static.gmProj[1].z, var27);
var29 = Add(var28, U_Static.gmProj[1].w);
var30 = UintBitsToFloat(U_OdB.data);
var31 = Mul(var30, vPos.x);
var32 = Fma(var30, vPos.y, var31);
var33 = Fma(var30, vPos.z, var32);
var34 = Fma(var30, vPos.w, var33);
var35 = Fma(var3, var19, var34);
var36 = Mul(var35, U_Static.gmProj[1].x);
var37 = Fma(var35, U_Static.gmProj[1].y, var36);
var38 = Fma(var35, U_Static.gmProj[1].z, var37);
var39 = Add(var38, U_Static.gmProj[1].w);
var40 = Mul(var35, U_Static.gmProj[3].x);
var41 = Fma(var35, U_Static.gmProj[3].y, var40);
var42 = Fma(var35, U_Static.gmProj[3].z, var41);
var43 = Add(var42, U_Static.gmProj[3].w);
var44 = Div(var39, var43);
var45 = Negate(var44);
var46 = Fma(var25, var29, var45);
var47 = Mul(var46, 0.5);
var48 = Mul(var20, U_Static.gmProj[0].x);
var49 = Fma(var20, U_Static.gmProj[0].y, var48);
var50 = Fma(var20, U_Static.gmProj[0].z, var49);
var51 = Add(var50, U_Static.gmProj[0].w);
var52 = Mul(var35, U_Static.gmProj[0].x);
var53 = Fma(var35, U_Static.gmProj[0].y, var52);
var54 = Fma(var35, U_Static.gmProj[0].z, var53);
var55 = Add(var54, U_Static.gmProj[0].w);
var56 = Div(var55, var43);
var57 = Negate(var56);
var58 = Fma(var25, var51, var57);
var59 = Mul(var58, 0.5);
var60 = Abs(var59);
var61 = Abs(var47);
var62 = Max(var60, var61);
var63 = Max(var62, 1.0);
var64 = Div(var47, var63);
var65 = Abs(var64);
var66 = InverseSqrt(var65);
var67 = Div(1.0, var66);
o3.y = var67;

o3.z = 0.0;

var0 = UintBitsToFloat(U_Bone.data);
var1 = Mul(var0, vNormal.x);
var2 = Fma(var0, vNormal.y, var1);
var3 = Fma(var0, vNormal.z, var2);
var4 = Mul(var0, vPos.x);
var5 = Fma(var0, vPos.y, var4);
var6 = Fma(var0, vPos.z, var5);
var7 = Fma(var0, vPos.w, var6);
var8 = Mul(vColor.w, U_Mate.gWrkFl4[0].z);
var9 = Negate(var8);
var10 = Mul(var7, var9);
var11 = Div(var10, U_Static.gmProj[1].y);
var12 = Mul(var3, U_Toon2.gToonParam[2].x);
var13 = Fma(var3, U_Toon2.gToonParam[2].y, var12);
var14 = Fma(var3, U_Toon2.gToonParam[2].z, var13);
var15 = Fma(var14, 0.5, 0.5);
var16 = Clamp(var15, 0.0, 1.0);
var17 = Negate(U_Toon2.gToonParam[3].z);
var18 = Mul(var16, var17);
var19 = Fma(var11, var18, var11);
var20 = Fma(var3, var19, var7);
var21 = Mul(var20, U_Static.gmProj[3].x);
var22 = Fma(var20, U_Static.gmProj[3].y, var21);
var23 = Fma(var20, U_Static.gmProj[3].z, var22);
var24 = Add(var23, U_Static.gmProj[3].w);
var25 = Div(1.0, var24);
var26 = Mul(var20, U_Static.gmProj[0].x);
var27 = Fma(var20, U_Static.gmProj[0].y, var26);
var28 = Fma(var20, U_Static.gmProj[0].z, var27);
var29 = Add(var28, U_Static.gmProj[0].w);
var30 = UintBitsToFloat(U_OdB.data);
var31 = Mul(var30, vPos.x);
var32 = Fma(var30, vPos.y, var31);
var33 = Fma(var30, vPos.z, var32);
var34 = Fma(var30, vPos.w, var33);
var35 = Fma(var3, var19, var34);
var36 = Mul(var35, U_Static.gmProj[0].x);
var37 = Fma(var35, U_Static.gmProj[0].y, var36);
var38 = Fma(var35, U_Static.gmProj[0].z, var37);
var39 = Add(var38, U_Static.gmProj[0].w);
var40 = Mul(var35, U_Static.gmProj[3].x);
var41 = Fma(var35, U_Static.gmProj[3].y, var40);
var42 = Fma(var35, U_Static.gmProj[3].z, var41);
var43 = Add(var42, U_Static.gmProj[3].w);
var44 = Div(var39, var43);
var45 = Negate(var44);
var46 = Fma(var25, var29, var45);
var47 = Mul(var46, 0.5);
var48 = Abs(var47);
var49 = Mul(var20, U_Static.gmProj[1].x);
var50 = Fma(var20, U_Static.gmProj[1].y, var49);
var51 = Fma(var20, U_Static.gmProj[1].z, var50);
var52 = Add(var51, U_Static.gmProj[1].w);
var53 = Mul(var35, U_Static.gmProj[1].x);
var54 = Fma(var35, U_Static.gmProj[1].y, var53);
var55 = Fma(var35, U_Static.gmProj[1].z, var54);
var56 = Add(var55, U_Static.gmProj[1].w);
var57 = Div(var56, var43);
var58 = Negate(var57);
var59 = Fma(var25, var52, var58);
var60 = Mul(var59, 0.5);
var61 = Abs(var60);
var62 = Max(var48, var61);
var63 = Max(var62, 1.0);
var64 = Div(var47, var63);
var65 = GreaterEqual(var64, 0.0);
var66 = Select(var65, 1.0, 0.0);
var67 = Div(var60, var63);
var68 = GreaterEqual(var67, 0.0);
var69 = Select(var68, 1.0, 0.0);
var70 = Mul(var69, 0.6666667);
var71 = Fma(var66, 0.33333334, var70);
var72 = Add(var71, 0.01);
o3.w = var72;

var0 = UintBitsToFloat(U_Bone.data);
var1 = Mul(var0, vNormal.x);
var2 = Fma(var0, vNormal.y, var1);
var3 = Fma(var0, vNormal.z, var2);
var4 = Mul(var0, vPos.x);
var5 = Fma(var0, vPos.y, var4);
var6 = Fma(var0, vPos.z, var5);
var7 = Fma(var0, vPos.w, var6);
var8 = Mul(vColor.w, U_Mate.gWrkFl4[0].z);
var9 = Negate(var8);
var10 = Mul(var7, var9);
var11 = Div(var10, U_Static.gmProj[1].y);
var12 = Mul(var3, U_Toon2.gToonParam[2].x);
var13 = Fma(var3, U_Toon2.gToonParam[2].y, var12);
var14 = Fma(var3, U_Toon2.gToonParam[2].z, var13);
var15 = Fma(var14, 0.5, 0.5);
var16 = Clamp(var15, 0.0, 1.0);
var17 = Negate(U_Toon2.gToonParam[3].z);
var18 = Mul(var16, var17);
var19 = Fma(var11, var18, var11);
var20 = Fma(var3, var19, var7);
var21 = Mul(var20, U_Static.gmProj[2].x);
var22 = Fma(var20, U_Static.gmProj[2].y, var21);
var23 = Fma(var20, U_Static.gmProj[2].z, var22);
var24 = Add(var23, U_Static.gmProj[2].w);
var25 = Sub(var24, U_Static.gCDep.y);
var26 = Mul(var25, U_Static.gCDep.z);
var27 = Mul(var26, 8.0);
var28 = Floor(var27);
var29 = Sub(var27, var28);
o4.x = var29;

var0 = UintBitsToFloat(U_Bone.data);
var1 = Mul(var0, vNormal.x);
var2 = Fma(var0, vNormal.y, var1);
var3 = Fma(var0, vNormal.z, var2);
var4 = Mul(var0, vPos.x);
var5 = Fma(var0, vPos.y, var4);
var6 = Fma(var0, vPos.z, var5);
var7 = Fma(var0, vPos.w, var6);
var8 = Mul(vColor.w, U_Mate.gWrkFl4[0].z);
var9 = Negate(var8);
var10 = Mul(var7, var9);
var11 = Div(var10, U_Static.gmProj[1].y);
var12 = Mul(var3, U_Toon2.gToonParam[2].x);
var13 = Fma(var3, U_Toon2.gToonParam[2].y, var12);
var14 = Fma(var3, U_Toon2.gToonParam[2].z, var13);
var15 = Fma(var14, 0.5, 0.5);
var16 = Clamp(var15, 0.0, 1.0);
var17 = Negate(U_Toon2.gToonParam[3].z);
var18 = Mul(var16, var17);
var19 = Fma(var11, var18, var11);
var20 = Fma(var3, var19, var7);
var21 = Mul(var20, U_Static.gmProj[2].x);
var22 = Fma(var20, U_Static.gmProj[2].y, var21);
var23 = Fma(var20, U_Static.gmProj[2].z, var22);
var24 = Add(var23, U_Static.gmProj[2].w);
var25 = Sub(var24, U_Static.gCDep.y);
var26 = Mul(var25, U_Static.gCDep.z);
var27 = Mul(var26, 8.0);
var28 = Floor(var27);
var29 = Mul(var28, 0.003921569);
var30 = Floor(var29);
var31 = Sub(var29, var30);
o4.y = var31;

var0 = UintBitsToFloat(U_Bone.data);
var1 = Mul(var0, vNormal.x);
var2 = Fma(var0, vNormal.y, var1);
var3 = Fma(var0, vNormal.z, var2);
var4 = Mul(var0, vPos.x);
var5 = Fma(var0, vPos.y, var4);
var6 = Fma(var0, vPos.z, var5);
var7 = Fma(var0, vPos.w, var6);
var8 = Mul(vColor.w, U_Mate.gWrkFl4[0].z);
var9 = Negate(var8);
var10 = Mul(var7, var9);
var11 = Div(var10, U_Static.gmProj[1].y);
var12 = Mul(var3, U_Toon2.gToonParam[2].x);
var13 = Fma(var3, U_Toon2.gToonParam[2].y, var12);
var14 = Fma(var3, U_Toon2.gToonParam[2].z, var13);
var15 = Fma(var14, 0.5, 0.5);
var16 = Clamp(var15, 0.0, 1.0);
var17 = Negate(U_Toon2.gToonParam[3].z);
var18 = Mul(var16, var17);
var19 = Fma(var11, var18, var11);
var20 = Fma(var3, var19, var7);
var21 = Mul(var20, U_Static.gmProj[2].x);
var22 = Fma(var20, U_Static.gmProj[2].y, var21);
var23 = Fma(var20, U_Static.gmProj[2].z, var22);
var24 = Add(var23, U_Static.gmProj[2].w);
var25 = Sub(var24, U_Static.gCDep.y);
var26 = Mul(var25, U_Static.gCDep.z);
var27 = Mul(var26, 8.0);
var28 = Floor(var27);
var29 = Mul(var28, 0.003921569);
var30 = Floor(var29);
var31 = Mul(var30, 0.003921569);
o4.z = var31;

o4.w = 0.5;

outline_width = U_Mate.gWrkFl4[0].z;

var0 = UintBitsToFloat(U_Bone.data);
var1 = Mul(var0, vPos.x);
var2 = Fma(var0, vPos.y, var1);
var3 = Fma(var0, vPos.z, var2);
var4 = Fma(var0, vPos.w, var3);
var5 = Mul(vColor.w, U_Mate.gWrkFl4[0].z);
var6 = Negate(var5);
var7 = Mul(var4, var6);
var8 = Div(var7, U_Static.gmProj[1].y);
var9 = Mul(var0, vNormal.x);
var10 = Fma(var0, vNormal.y, var9);
var11 = Fma(var0, vNormal.z, var10);
var12 = Mul(var11, U_Toon2.gToonParam[2].x);
var13 = Fma(var11, U_Toon2.gToonParam[2].y, var12);
var14 = Fma(var11, U_Toon2.gToonParam[2].z, var13);
var15 = Fma(var14, 0.5, 0.5);
var16 = Clamp(var15, 0.0, 1.0);
var17 = Negate(U_Toon2.gToonParam[3].z);
var18 = Mul(var16, var17);
var19 = Fma(var8, var18, var8);
var20 = LessEqual(var19, 0.0);
discard = var20;

var0 = Mul(vColor.xyz, U_Mate.gMatCol.xyz);
var1 = Monochrome(var0, U_Mate.gWrkFl4[1].zzz).xyz;
o0.xyz = var1;
