---
source: xc3_shader/src/database.rs
---
var0 = U_Mate.values[10].x;
var1 = U_Mate.values[10].w;
var2 = vTan.w;
var3 = vTan.x;
var4 = U_Bone.values.x;
var5 = vTan.z;
var6 = U_Bone.values.z;
var7 = vTan.y;
var8 = U_Bone.values.y;
var9 = Mul(var7, var8);
var10 = Fma(var5, var6, var9);
var11 = Fma(var3, var4, var10);
var12 = Negate(var11);
var13 = vNormal.x;
var14 = vNormal.y;
var15 = vNormal.z;
var16 = Mul(var15, var6);
var17 = Fma(var14, var8, var16);
var18 = Fma(var13, var4, var17);
var19 = Mul(var5, var6);
var20 = 0.0;
var21 = 1.0;
var22 = Dot4(var3, var7, var19, var20, var4, var8, var21, var20);
var23 = Mul(var18, var22);
var24 = Fma(var12, var18, var23);
var25 = Mul(var2, var24);
var26 = Negate(var22);
var27 = Fma(var7, var8, var19);
var28 = Fma(var3, var4, var27);
var29 = Mul(var18, var28);
var30 = Fma(var26, var18, var29);
var31 = Mul(var2, var30);
var32 = Negate(var28);
var33 = Mul(var18, var11);
var34 = Fma(var32, var18, var33);
var35 = Mul(var2, var34);
var36 = NormalizeX(var25, var31, var35);
var37 = NormalizeY(var18, var18, var18);
var38 = Negate(var37);
var39 = 2.0;
var40 = Mul(var38, var39);
var41 = NormalizeX(var28, var11, var22);
var42 = NormalizeX(var18, var18, var18);
var43 = Mul(var42, var39);
var44 = Mul(var41, var43);
var45 = Fma(var36, var40, var44);
var46 = Mul(var45, var39);
var47 = vTex0.x;
var48 = vTex0.y;
var49 = U_Mate.values[6].x;
var50 = U_Mate.values[6].y;
var51 = U_Mate.values[6].z;
var52 = U_Mate.values[6].w;
var53 = Dot4(var47, var48, var20, var21, var49, var50, var51, var52);
var54 = Fma(var1, var46, var53);
var55 = NormalizeY(var25, var31, var35);
var56 = NormalizeY(var28, var11, var22);
var57 = Mul(var56, var43);
var58 = Fma(var55, var40, var57);
var59 = Mul(var58, var39);
var60 = U_Mate.values[7].x;
var61 = U_Mate.values[7].y;
var62 = U_Mate.values[7].z;
var63 = U_Mate.values[7].w;
var64 = Dot4(var47, var48, var20, var21, var60, var61, var62, var63);
var65 = Fma(var1, var59, var64);
var66 = Texture(s3, var54, var65).y;
var67 = U_Static.values[29].x;
var68 = 0.4;
var69 = Max(var67, var68);
var70 = 100.0;
var71 = Min(var69, var70);
var72 = U_Mate.values[9].w;
var73 = Add(var42, var21);
var74 = Div(var73, var39);
var75 = Add(var37, var21);
var76 = Div(var75, var39);
var77 = Sub(var21, var76);
var78 = Texture(s0, var74, var77).w;
var79 = Mul(var72, var78);
var80 = Fma(var66, var71, var79);
var81 = U_Static.values[3].x;
var82 = U_Static.values[3].y;
var83 = U_Static.values[3].z;
var84 = U_Static.values[3].w;
var85 = vPos.x;
var86 = vPos.y;
var87 = vPos.z;
var88 = vPos.w;
var89 = U_Bone.values.w;
var90 = Dot4(var85, var86, var87, var88, var4, var8, var6, var89);
var91 = Dot4(var81, var82, var83, var84, var90, var90, var90, var21);
var92 = U_Static.values[6].x;
var93 = U_Static.values[6].y;
var94 = U_Static.values[6].z;
var95 = U_Static.values[6].w;
var96 = Dot4(var92, var93, var94, var95, var90, var90, var90, var21);
var97 = Div(var91, var96);
var98 = Div(var97, var39);
var99 = 0.5;
var100 = Add(var98, var99);
var101 = U_Static.values[4].x;
var102 = U_Static.values[4].y;
var103 = U_Static.values[4].z;
var104 = U_Static.values[4].w;
var105 = Dot4(var101, var102, var103, var104, var90, var90, var90, var21);
var106 = Div(var105, var96);
var107 = Negate(var106);
var108 = Div(var107, var39);
var109 = Add(var108, var99);
var110 = Texture(s6, var100, var109).x;
var111 = NormalizeZ(var18, var18, var18);
var112 = Negate(var111);
var113 = Max(var111, var112);
var114 = U_Static.values[25].x;
var115 = U_Static.values[25].y;
var116 = U_Static.values[25].z;
var117 = Dot4(var42, var37, var113, var20, var114, var115, var116, var20);
var118 = Clamp(var117, var20, var21);
var119 = U_Static.values[27].x;
var120 = Mul(var118, var119);
var121 = U_Static.values[26].x;
var122 = U_Static.values[26].y;
var123 = U_Static.values[26].z;
var124 = Dot4(var42, var37, var113, var20, var121, var122, var123, var20);
var125 = Clamp(var124, var20, var21);
var126 = U_Static.values[28].x;
var127 = U_Mate.values[9].x;
var128 = Texture(s0, var74, var77).x;
var129 = Mul(var127, var128);
var130 = Fma(var125, var126, var129);
var131 = Fma(var110, var120, var130);
var132 = Negate(var129);
var133 = Texture(s5, var100, var109).x;
var134 = Fma(var132, var99, var133);
var135 = Max(var134, var20);
var136 = 10.0;
var137 = Min(var135, var136);
var138 = Mul(var137, var39);
var139 = Add(var131, var138);
var140 = vColor.x;
var141 = U_Mate.values[4].x;
var142 = U_Mate.values[4].y;
var143 = U_Mate.values[4].z;
var144 = U_Mate.values[4].w;
var145 = Dot4(var47, var48, var20, var21, var141, var142, var143, var144);
var146 = U_Mate.values[5].x;
var147 = U_Mate.values[5].y;
var148 = U_Mate.values[5].z;
var149 = U_Mate.values[5].w;
var150 = Dot4(var47, var48, var20, var21, var146, var147, var148, var149);
var151 = Texture(s3, var145, var150).z;
var152 = Mul(var37, var39);
var153 = Fma(var36, var152, var44);
var154 = 0.35;
var155 = Mul(var153, var154);
var156 = U_Mate.values[0].w;
var157 = U_Mate.values[0].x;
var158 = U_Mate.values[0].y;
var159 = U_Mate.values[0].z;
var160 = Dot4(var47, var48, var20, var156, var157, var158, var159, var21);
var161 = Fma(var151, var155, var160);
var162 = Fma(var55, var152, var57);
var163 = -0.35;
var164 = Mul(var162, var163);
var165 = U_Mate.values[1].w;
var166 = U_Mate.values[1].x;
var167 = U_Mate.values[1].y;
var168 = U_Mate.values[1].z;
var169 = Dot4(var47, var48, var20, var165, var166, var167, var168, var21);
var170 = Fma(var151, var164, var169);
var171 = Texture(s1, var161, var170).x;
var172 = U_Static.values[11].x;
var173 = U_Static.values[11].y;
var174 = U_Static.values[11].z;
var175 = NormalizeX(var90, var90, var90);
var176 = NormalizeY(var90, var90, var90);
var177 = NormalizeZ(var90, var90, var90);
var178 = Dot4(var175, var176, var177, var20, var42, var37, var111, var20);
var179 = Add(var178, var178);
var180 = Negate(var179);
var181 = Fma(var180, var42, var175);
var182 = Fma(var180, var37, var176);
var183 = Fma(var180, var111, var177);
var184 = Dot4(var172, var173, var174, var20, var181, var182, var183, var20);
var185 = U_Static.values[12].x;
var186 = U_Static.values[12].y;
var187 = U_Static.values[12].z;
var188 = Dot4(var185, var186, var187, var20, var181, var182, var183, var20);
var189 = U_Static.values[13].x;
var190 = U_Static.values[13].y;
var191 = U_Static.values[13].z;
var192 = Dot4(var189, var190, var191, var20, var181, var182, var183, var20);
var193 = NormalizeX(var184, var188, var192);
var194 = NormalizeY(var184, var188, var192);
var195 = NormalizeZ(var184, var188, var192);
var196 = Texture(s2, var193, var194, var195).x;
var197 = U_Mate.values[8].x;
var198 = Mix(var171, var196, var197);
var199 = Mul(var140, var198);
var200 = U_Static.values[23].w;
var201 = Power(var199, var200);
var202 = Mul(var139, var201);
var203 = Fma(var0, var80, var202);
var204 = U_FOG.values[4].x;
var205 = U_FOG.values[1].z;
var206 = Mul(var177, var205);
var207 = U_FOG.values[1].x;
var208 = U_FOG.values[1].y;
var209 = Dot4(var175, var176, var206, var20, var207, var208, var21, var20);
var210 = Clamp(var209, var20, var21);
var211 = U_FOG.values[4].w;
var212 = Power(var210, var211);
var213 = U_FOG.values[3].x;
var214 = U_FOG.values[0].x;
var215 = U_FOG.values[0].y;
var216 = U_FOG.values[0].z;
var217 = Dot4(var175, var176, var177, var20, var214, var215, var216, var20);
var218 = Negate(var217);
var219 = Max(var217, var218);
var220 = Sub(var21, var219);
var221 = Clamp(var220, var20, var21);
var222 = U_FOG.values[3].w;
var223 = Power(var221, var222);
var224 = 0.95;
var225 = 0.8;
var226 = Sub(var223, var225);
var227 = 5.0;
var228 = Mul(var226, var227);
var229 = Clamp(var228, var20, var21);
var230 = MulRatio(var223, var224, var229);
var231 = U_FOG.values[2].x;
var232 = Fma(var213, var230, var231);
var233 = Fma(var204, var212, var232);
var234 = U_Mate.values[8].y;
var235 = U_FOG.values[5].w;
var236 = U_FOG.values[5].y;
var237 = U_FOG.values[5].x;
var238 = Negate(var237);
var239 = Sub(var238, var90);
var240 = Mul(var236, var239);
var241 = Clamp(var240, var20, var21);
var242 = U_FOG.values[5].z;
var243 = Power(var241, var242);
var244 = Mul(var235, var243);
var245 = Mul(var234, var244);
var246 = Mix(var203, var233, var245);
o0.x = var246;

var247 = U_Mate.values[10].y;
var1 = U_Mate.values[10].w;
var2 = vTan.w;
var3 = vTan.x;
var4 = U_Bone.values.x;
var5 = vTan.z;
var6 = U_Bone.values.z;
var7 = vTan.y;
var8 = U_Bone.values.y;
var9 = Mul(var7, var8);
var10 = Fma(var5, var6, var9);
var11 = Fma(var3, var4, var10);
var12 = Negate(var11);
var13 = vNormal.x;
var14 = vNormal.y;
var15 = vNormal.z;
var16 = Mul(var15, var6);
var17 = Fma(var14, var8, var16);
var18 = Fma(var13, var4, var17);
var19 = Mul(var5, var6);
var20 = 0.0;
var21 = 1.0;
var22 = Dot4(var3, var7, var19, var20, var4, var8, var21, var20);
var23 = Mul(var18, var22);
var24 = Fma(var12, var18, var23);
var25 = Mul(var2, var24);
var26 = Negate(var22);
var27 = Fma(var7, var8, var19);
var28 = Fma(var3, var4, var27);
var29 = Mul(var18, var28);
var30 = Fma(var26, var18, var29);
var31 = Mul(var2, var30);
var32 = Negate(var28);
var33 = Mul(var18, var11);
var34 = Fma(var32, var18, var33);
var35 = Mul(var2, var34);
var36 = NormalizeX(var25, var31, var35);
var37 = NormalizeY(var18, var18, var18);
var38 = Negate(var37);
var39 = 2.0;
var40 = Mul(var38, var39);
var41 = NormalizeX(var28, var11, var22);
var42 = NormalizeX(var18, var18, var18);
var43 = Mul(var42, var39);
var44 = Mul(var41, var43);
var45 = Fma(var36, var40, var44);
var46 = Mul(var45, var39);
var47 = vTex0.x;
var48 = vTex0.y;
var49 = U_Mate.values[6].x;
var50 = U_Mate.values[6].y;
var51 = U_Mate.values[6].z;
var52 = U_Mate.values[6].w;
var53 = Dot4(var47, var48, var20, var21, var49, var50, var51, var52);
var54 = Fma(var1, var46, var53);
var55 = NormalizeY(var25, var31, var35);
var56 = NormalizeY(var28, var11, var22);
var57 = Mul(var56, var43);
var58 = Fma(var55, var40, var57);
var59 = Mul(var58, var39);
var60 = U_Mate.values[7].x;
var61 = U_Mate.values[7].y;
var62 = U_Mate.values[7].z;
var63 = U_Mate.values[7].w;
var64 = Dot4(var47, var48, var20, var21, var60, var61, var62, var63);
var65 = Fma(var1, var59, var64);
var66 = Texture(s3, var54, var65).y;
var248 = U_Static.values[29].y;
var68 = 0.4;
var249 = Max(var248, var68);
var70 = 100.0;
var250 = Min(var249, var70);
var72 = U_Mate.values[9].w;
var73 = Add(var42, var21);
var74 = Div(var73, var39);
var75 = Add(var37, var21);
var76 = Div(var75, var39);
var77 = Sub(var21, var76);
var78 = Texture(s0, var74, var77).w;
var79 = Mul(var72, var78);
var251 = Fma(var66, var250, var79);
var81 = U_Static.values[3].x;
var82 = U_Static.values[3].y;
var83 = U_Static.values[3].z;
var84 = U_Static.values[3].w;
var85 = vPos.x;
var86 = vPos.y;
var87 = vPos.z;
var88 = vPos.w;
var89 = U_Bone.values.w;
var90 = Dot4(var85, var86, var87, var88, var4, var8, var6, var89);
var91 = Dot4(var81, var82, var83, var84, var90, var90, var90, var21);
var92 = U_Static.values[6].x;
var93 = U_Static.values[6].y;
var94 = U_Static.values[6].z;
var95 = U_Static.values[6].w;
var96 = Dot4(var92, var93, var94, var95, var90, var90, var90, var21);
var97 = Div(var91, var96);
var98 = Div(var97, var39);
var99 = 0.5;
var100 = Add(var98, var99);
var101 = U_Static.values[4].x;
var102 = U_Static.values[4].y;
var103 = U_Static.values[4].z;
var104 = U_Static.values[4].w;
var105 = Dot4(var101, var102, var103, var104, var90, var90, var90, var21);
var106 = Div(var105, var96);
var107 = Negate(var106);
var108 = Div(var107, var39);
var109 = Add(var108, var99);
var110 = Texture(s6, var100, var109).x;
var111 = NormalizeZ(var18, var18, var18);
var112 = Negate(var111);
var113 = Max(var111, var112);
var114 = U_Static.values[25].x;
var115 = U_Static.values[25].y;
var116 = U_Static.values[25].z;
var117 = Dot4(var42, var37, var113, var20, var114, var115, var116, var20);
var118 = Clamp(var117, var20, var21);
var252 = U_Static.values[27].y;
var253 = Mul(var118, var252);
var121 = U_Static.values[26].x;
var122 = U_Static.values[26].y;
var123 = U_Static.values[26].z;
var124 = Dot4(var42, var37, var113, var20, var121, var122, var123, var20);
var125 = Clamp(var124, var20, var21);
var254 = U_Static.values[28].y;
var255 = U_Mate.values[9].y;
var256 = Texture(s0, var74, var77).y;
var257 = Mul(var255, var256);
var258 = Fma(var125, var254, var257);
var259 = Fma(var110, var253, var258);
var260 = Negate(var257);
var261 = Texture(s5, var100, var109).y;
var262 = Fma(var260, var99, var261);
var263 = Max(var262, var20);
var136 = 10.0;
var264 = Min(var263, var136);
var265 = Mul(var264, var39);
var266 = Add(var259, var265);
var267 = vColor.y;
var141 = U_Mate.values[4].x;
var142 = U_Mate.values[4].y;
var143 = U_Mate.values[4].z;
var144 = U_Mate.values[4].w;
var145 = Dot4(var47, var48, var20, var21, var141, var142, var143, var144);
var146 = U_Mate.values[5].x;
var147 = U_Mate.values[5].y;
var148 = U_Mate.values[5].z;
var149 = U_Mate.values[5].w;
var150 = Dot4(var47, var48, var20, var21, var146, var147, var148, var149);
var151 = Texture(s3, var145, var150).z;
var152 = Mul(var37, var39);
var153 = Fma(var36, var152, var44);
var154 = 0.35;
var155 = Mul(var153, var154);
var156 = U_Mate.values[0].w;
var157 = U_Mate.values[0].x;
var158 = U_Mate.values[0].y;
var159 = U_Mate.values[0].z;
var160 = Dot4(var47, var48, var20, var156, var157, var158, var159, var21);
var161 = Fma(var151, var155, var160);
var162 = Fma(var55, var152, var57);
var163 = -0.35;
var164 = Mul(var162, var163);
var165 = U_Mate.values[1].w;
var166 = U_Mate.values[1].x;
var167 = U_Mate.values[1].y;
var168 = U_Mate.values[1].z;
var169 = Dot4(var47, var48, var20, var165, var166, var167, var168, var21);
var170 = Fma(var151, var164, var169);
var268 = Texture(s1, var161, var170).y;
var172 = U_Static.values[11].x;
var173 = U_Static.values[11].y;
var174 = U_Static.values[11].z;
var175 = NormalizeX(var90, var90, var90);
var176 = NormalizeY(var90, var90, var90);
var177 = NormalizeZ(var90, var90, var90);
var178 = Dot4(var175, var176, var177, var20, var42, var37, var111, var20);
var179 = Add(var178, var178);
var180 = Negate(var179);
var181 = Fma(var180, var42, var175);
var182 = Fma(var180, var37, var176);
var183 = Fma(var180, var111, var177);
var184 = Dot4(var172, var173, var174, var20, var181, var182, var183, var20);
var185 = U_Static.values[12].x;
var186 = U_Static.values[12].y;
var187 = U_Static.values[12].z;
var188 = Dot4(var185, var186, var187, var20, var181, var182, var183, var20);
var189 = U_Static.values[13].x;
var190 = U_Static.values[13].y;
var191 = U_Static.values[13].z;
var192 = Dot4(var189, var190, var191, var20, var181, var182, var183, var20);
var193 = NormalizeX(var184, var188, var192);
var194 = NormalizeY(var184, var188, var192);
var195 = NormalizeZ(var184, var188, var192);
var269 = Texture(s2, var193, var194, var195).y;
var197 = U_Mate.values[8].x;
var270 = Mix(var268, var269, var197);
var271 = Mul(var267, var270);
var200 = U_Static.values[23].w;
var272 = Power(var271, var200);
var273 = Mul(var266, var272);
var274 = Fma(var247, var251, var273);
var275 = U_FOG.values[4].y;
var205 = U_FOG.values[1].z;
var206 = Mul(var177, var205);
var207 = U_FOG.values[1].x;
var208 = U_FOG.values[1].y;
var209 = Dot4(var175, var176, var206, var20, var207, var208, var21, var20);
var210 = Clamp(var209, var20, var21);
var211 = U_FOG.values[4].w;
var212 = Power(var210, var211);
var276 = U_FOG.values[3].y;
var214 = U_FOG.values[0].x;
var215 = U_FOG.values[0].y;
var216 = U_FOG.values[0].z;
var217 = Dot4(var175, var176, var177, var20, var214, var215, var216, var20);
var218 = Negate(var217);
var219 = Max(var217, var218);
var220 = Sub(var21, var219);
var221 = Clamp(var220, var20, var21);
var222 = U_FOG.values[3].w;
var223 = Power(var221, var222);
var224 = 0.95;
var225 = 0.8;
var226 = Sub(var223, var225);
var227 = 5.0;
var228 = Mul(var226, var227);
var229 = Clamp(var228, var20, var21);
var230 = MulRatio(var223, var224, var229);
var277 = U_FOG.values[2].y;
var278 = Fma(var276, var230, var277);
var279 = Fma(var275, var212, var278);
var234 = U_Mate.values[8].y;
var235 = U_FOG.values[5].w;
var236 = U_FOG.values[5].y;
var237 = U_FOG.values[5].x;
var238 = Negate(var237);
var239 = Sub(var238, var90);
var240 = Mul(var236, var239);
var241 = Clamp(var240, var20, var21);
var242 = U_FOG.values[5].z;
var243 = Power(var241, var242);
var244 = Mul(var235, var243);
var245 = Mul(var234, var244);
var280 = Mix(var274, var279, var245);
o0.y = var280;

var281 = U_Mate.values[10].z;
var1 = U_Mate.values[10].w;
var2 = vTan.w;
var3 = vTan.x;
var4 = U_Bone.values.x;
var5 = vTan.z;
var6 = U_Bone.values.z;
var7 = vTan.y;
var8 = U_Bone.values.y;
var9 = Mul(var7, var8);
var10 = Fma(var5, var6, var9);
var11 = Fma(var3, var4, var10);
var12 = Negate(var11);
var13 = vNormal.x;
var14 = vNormal.y;
var15 = vNormal.z;
var16 = Mul(var15, var6);
var17 = Fma(var14, var8, var16);
var18 = Fma(var13, var4, var17);
var19 = Mul(var5, var6);
var20 = 0.0;
var21 = 1.0;
var22 = Dot4(var3, var7, var19, var20, var4, var8, var21, var20);
var23 = Mul(var18, var22);
var24 = Fma(var12, var18, var23);
var25 = Mul(var2, var24);
var26 = Negate(var22);
var27 = Fma(var7, var8, var19);
var28 = Fma(var3, var4, var27);
var29 = Mul(var18, var28);
var30 = Fma(var26, var18, var29);
var31 = Mul(var2, var30);
var32 = Negate(var28);
var33 = Mul(var18, var11);
var34 = Fma(var32, var18, var33);
var35 = Mul(var2, var34);
var36 = NormalizeX(var25, var31, var35);
var37 = NormalizeY(var18, var18, var18);
var38 = Negate(var37);
var39 = 2.0;
var40 = Mul(var38, var39);
var41 = NormalizeX(var28, var11, var22);
var42 = NormalizeX(var18, var18, var18);
var43 = Mul(var42, var39);
var44 = Mul(var41, var43);
var45 = Fma(var36, var40, var44);
var46 = Mul(var45, var39);
var47 = vTex0.x;
var48 = vTex0.y;
var49 = U_Mate.values[6].x;
var50 = U_Mate.values[6].y;
var51 = U_Mate.values[6].z;
var52 = U_Mate.values[6].w;
var53 = Dot4(var47, var48, var20, var21, var49, var50, var51, var52);
var54 = Fma(var1, var46, var53);
var55 = NormalizeY(var25, var31, var35);
var56 = NormalizeY(var28, var11, var22);
var57 = Mul(var56, var43);
var58 = Fma(var55, var40, var57);
var59 = Mul(var58, var39);
var60 = U_Mate.values[7].x;
var61 = U_Mate.values[7].y;
var62 = U_Mate.values[7].z;
var63 = U_Mate.values[7].w;
var64 = Dot4(var47, var48, var20, var21, var60, var61, var62, var63);
var65 = Fma(var1, var59, var64);
var66 = Texture(s3, var54, var65).y;
var282 = U_Static.values[29].z;
var68 = 0.4;
var283 = Max(var282, var68);
var70 = 100.0;
var284 = Min(var283, var70);
var72 = U_Mate.values[9].w;
var73 = Add(var42, var21);
var74 = Div(var73, var39);
var75 = Add(var37, var21);
var76 = Div(var75, var39);
var77 = Sub(var21, var76);
var78 = Texture(s0, var74, var77).w;
var79 = Mul(var72, var78);
var285 = Fma(var66, var284, var79);
var81 = U_Static.values[3].x;
var82 = U_Static.values[3].y;
var83 = U_Static.values[3].z;
var84 = U_Static.values[3].w;
var85 = vPos.x;
var86 = vPos.y;
var87 = vPos.z;
var88 = vPos.w;
var89 = U_Bone.values.w;
var90 = Dot4(var85, var86, var87, var88, var4, var8, var6, var89);
var91 = Dot4(var81, var82, var83, var84, var90, var90, var90, var21);
var92 = U_Static.values[6].x;
var93 = U_Static.values[6].y;
var94 = U_Static.values[6].z;
var95 = U_Static.values[6].w;
var96 = Dot4(var92, var93, var94, var95, var90, var90, var90, var21);
var97 = Div(var91, var96);
var98 = Div(var97, var39);
var99 = 0.5;
var100 = Add(var98, var99);
var101 = U_Static.values[4].x;
var102 = U_Static.values[4].y;
var103 = U_Static.values[4].z;
var104 = U_Static.values[4].w;
var105 = Dot4(var101, var102, var103, var104, var90, var90, var90, var21);
var106 = Div(var105, var96);
var107 = Negate(var106);
var108 = Div(var107, var39);
var109 = Add(var108, var99);
var110 = Texture(s6, var100, var109).x;
var111 = NormalizeZ(var18, var18, var18);
var112 = Negate(var111);
var113 = Max(var111, var112);
var114 = U_Static.values[25].x;
var115 = U_Static.values[25].y;
var116 = U_Static.values[25].z;
var117 = Dot4(var42, var37, var113, var20, var114, var115, var116, var20);
var118 = Clamp(var117, var20, var21);
var286 = U_Static.values[27].z;
var287 = Mul(var118, var286);
var121 = U_Static.values[26].x;
var122 = U_Static.values[26].y;
var123 = U_Static.values[26].z;
var124 = Dot4(var42, var37, var113, var20, var121, var122, var123, var20);
var125 = Clamp(var124, var20, var21);
var288 = U_Static.values[28].z;
var289 = U_Mate.values[9].z;
var290 = Texture(s0, var74, var77).z;
var291 = Mul(var289, var290);
var292 = Fma(var125, var288, var291);
var293 = Fma(var110, var287, var292);
var294 = Negate(var291);
var295 = Texture(s5, var100, var109).z;
var296 = Fma(var294, var99, var295);
var297 = Max(var296, var20);
var136 = 10.0;
var298 = Min(var297, var136);
var299 = Mul(var298, var39);
var300 = Add(var293, var299);
var301 = vColor.z;
var141 = U_Mate.values[4].x;
var142 = U_Mate.values[4].y;
var143 = U_Mate.values[4].z;
var144 = U_Mate.values[4].w;
var145 = Dot4(var47, var48, var20, var21, var141, var142, var143, var144);
var146 = U_Mate.values[5].x;
var147 = U_Mate.values[5].y;
var148 = U_Mate.values[5].z;
var149 = U_Mate.values[5].w;
var150 = Dot4(var47, var48, var20, var21, var146, var147, var148, var149);
var151 = Texture(s3, var145, var150).z;
var152 = Mul(var37, var39);
var153 = Fma(var36, var152, var44);
var154 = 0.35;
var155 = Mul(var153, var154);
var156 = U_Mate.values[0].w;
var157 = U_Mate.values[0].x;
var158 = U_Mate.values[0].y;
var159 = U_Mate.values[0].z;
var160 = Dot4(var47, var48, var20, var156, var157, var158, var159, var21);
var161 = Fma(var151, var155, var160);
var162 = Fma(var55, var152, var57);
var163 = -0.35;
var164 = Mul(var162, var163);
var165 = U_Mate.values[1].w;
var166 = U_Mate.values[1].x;
var167 = U_Mate.values[1].y;
var168 = U_Mate.values[1].z;
var169 = Dot4(var47, var48, var20, var165, var166, var167, var168, var21);
var170 = Fma(var151, var164, var169);
var302 = Texture(s1, var161, var170).z;
var172 = U_Static.values[11].x;
var173 = U_Static.values[11].y;
var174 = U_Static.values[11].z;
var175 = NormalizeX(var90, var90, var90);
var176 = NormalizeY(var90, var90, var90);
var177 = NormalizeZ(var90, var90, var90);
var178 = Dot4(var175, var176, var177, var20, var42, var37, var111, var20);
var179 = Add(var178, var178);
var180 = Negate(var179);
var181 = Fma(var180, var42, var175);
var182 = Fma(var180, var37, var176);
var183 = Fma(var180, var111, var177);
var184 = Dot4(var172, var173, var174, var20, var181, var182, var183, var20);
var185 = U_Static.values[12].x;
var186 = U_Static.values[12].y;
var187 = U_Static.values[12].z;
var188 = Dot4(var185, var186, var187, var20, var181, var182, var183, var20);
var189 = U_Static.values[13].x;
var190 = U_Static.values[13].y;
var191 = U_Static.values[13].z;
var192 = Dot4(var189, var190, var191, var20, var181, var182, var183, var20);
var193 = NormalizeX(var184, var188, var192);
var194 = NormalizeY(var184, var188, var192);
var195 = NormalizeZ(var184, var188, var192);
var303 = Texture(s2, var193, var194, var195).z;
var197 = U_Mate.values[8].x;
var304 = Mix(var302, var303, var197);
var305 = Mul(var301, var304);
var200 = U_Static.values[23].w;
var306 = Power(var305, var200);
var307 = Mul(var300, var306);
var308 = Fma(var281, var285, var307);
var309 = U_FOG.values[4].z;
var205 = U_FOG.values[1].z;
var206 = Mul(var177, var205);
var207 = U_FOG.values[1].x;
var208 = U_FOG.values[1].y;
var209 = Dot4(var175, var176, var206, var20, var207, var208, var21, var20);
var210 = Clamp(var209, var20, var21);
var211 = U_FOG.values[4].w;
var212 = Power(var210, var211);
var310 = U_FOG.values[3].z;
var214 = U_FOG.values[0].x;
var215 = U_FOG.values[0].y;
var216 = U_FOG.values[0].z;
var217 = Dot4(var175, var176, var177, var20, var214, var215, var216, var20);
var218 = Negate(var217);
var219 = Max(var217, var218);
var220 = Sub(var21, var219);
var221 = Clamp(var220, var20, var21);
var222 = U_FOG.values[3].w;
var223 = Power(var221, var222);
var224 = 0.95;
var225 = 0.8;
var226 = Sub(var223, var225);
var227 = 5.0;
var228 = Mul(var226, var227);
var229 = Clamp(var228, var20, var21);
var230 = MulRatio(var223, var224, var229);
var311 = U_FOG.values[2].z;
var312 = Fma(var310, var230, var311);
var313 = Fma(var309, var212, var312);
var234 = U_Mate.values[8].y;
var235 = U_FOG.values[5].w;
var236 = U_FOG.values[5].y;
var237 = U_FOG.values[5].x;
var238 = Negate(var237);
var239 = Sub(var238, var90);
var240 = Mul(var236, var239);
var241 = Clamp(var240, var20, var21);
var242 = U_FOG.values[5].z;
var243 = Power(var241, var242);
var244 = Mul(var235, var243);
var245 = Mul(var234, var244);
var314 = Mix(var308, var313, var245);
o0.z = var314;

var315 = U_Mate.values[11].z;
var316 = vColor.w;
var47 = vTex0.x;
var48 = vTex0.y;
var20 = 0.0;
var21 = 1.0;
var317 = U_Mate.values[2].x;
var318 = U_Mate.values[2].y;
var319 = U_Mate.values[2].z;
var320 = U_Mate.values[2].w;
var321 = Dot4(var47, var48, var20, var21, var317, var318, var319, var320);
var322 = U_Mate.values[3].x;
var323 = U_Mate.values[3].y;
var324 = U_Mate.values[3].z;
var325 = U_Mate.values[3].w;
var326 = Dot4(var47, var48, var20, var21, var322, var323, var324, var325);
var327 = Texture(s1, var321, var326).w;
var328 = Mul(var316, var327);
var329 = Mul(var315, var328);
o0.w = var329;
