---
source: xc3_shader/src/database.rs
---
var0 = Mul(vTan.y, U_Bone.values.y);
var1 = Fma(vTan.z, U_Bone.values.z, var0);
var2 = Fma(vTan.x, U_Bone.values.x, var1);
var3 = Negate(var2);
var4 = Mul(vNormal.z, U_Bone.values.z);
var5 = Fma(vNormal.y, U_Bone.values.y, var4);
var6 = Fma(vNormal.x, U_Bone.values.x, var5);
var7 = Mul(vTan.z, U_Bone.values.z);
var8 = Dot4(vTan.x, vTan.y, var7, 0.0, U_Bone.values.x, U_Bone.values.y, 1.0, 0.0);
var9 = Mul(var6, var8);
var10 = Fma(var3, var6, var9);
var11 = Mul(vTan.w, var10);
var12 = Negate(var8);
var13 = Fma(vTan.y, U_Bone.values.y, var7);
var14 = Fma(vTan.x, U_Bone.values.x, var13);
var15 = Mul(var6, var14);
var16 = Fma(var12, var6, var15);
var17 = Mul(vTan.w, var16);
var18 = Negate(var14);
var19 = Mul(var6, var2);
var20 = Fma(var18, var6, var19);
var21 = Mul(vTan.w, var20);
var22 = NormalizeX(var11, var17, var21);
var23 = NormalizeY(var6, var6, var6);
var24 = Negate(var23);
var25 = Mul(var24, 2.0);
var26 = NormalizeX(var14, var2, var8);
var27 = NormalizeX(var6, var6, var6);
var28 = Mul(var27, 2.0);
var29 = Mul(var26, var28);
var30 = Fma(var22, var25, var29);
var31 = Mul(var30, 2.0);
var32 = Dot4(vTex0.x, vTex0.y, 0.0, 1.0, U_Mate.values[6].x, U_Mate.values[6].y, U_Mate.values[6].z, U_Mate.values[6].w);
var33 = Fma(U_Mate.values[10].w, var31, var32);
var34 = NormalizeY(var11, var17, var21);
var35 = NormalizeY(var14, var2, var8);
var36 = Mul(var35, var28);
var37 = Fma(var34, var25, var36);
var38 = Mul(var37, 2.0);
var39 = Dot4(vTex0.x, vTex0.y, 0.0, 1.0, U_Mate.values[7].x, U_Mate.values[7].y, U_Mate.values[7].z, U_Mate.values[7].w);
var40 = Fma(U_Mate.values[10].w, var38, var39);
var41 = Max(U_Static.values[29].x, 0.4);
var42 = Min(var41, 100.0);
var43 = Add(var27, 1.0);
var44 = Div(var43, 2.0);
var45 = Add(var23, 1.0);
var46 = Div(var45, 2.0);
var47 = Sub(1.0, var46);
var48 = Mul(U_Mate.values[9].w, Texture(s0, var44, var47).w);
var49 = Fma(Texture(s3, var33, var40).y, var42, var48);
var50 = Dot4(vPos.x, vPos.y, vPos.z, vPos.w, U_Bone.values.x, U_Bone.values.y, U_Bone.values.z, U_Bone.values.w);
var51 = Dot4(U_Static.values[3].x, U_Static.values[3].y, U_Static.values[3].z, U_Static.values[3].w, var50, var50, var50, 1.0);
var52 = Dot4(U_Static.values[6].x, U_Static.values[6].y, U_Static.values[6].z, U_Static.values[6].w, var50, var50, var50, 1.0);
var53 = Div(var51, var52);
var54 = Div(var53, 2.0);
var55 = Add(var54, 0.5);
var56 = Dot4(U_Static.values[4].x, U_Static.values[4].y, U_Static.values[4].z, U_Static.values[4].w, var50, var50, var50, 1.0);
var57 = Div(var56, var52);
var58 = Negate(var57);
var59 = Div(var58, 2.0);
var60 = Add(var59, 0.5);
var61 = NormalizeZ(var6, var6, var6);
var62 = Negate(var61);
var63 = Max(var61, var62);
var64 = Dot4(var27, var23, var63, 0.0, U_Static.values[25].x, U_Static.values[25].y, U_Static.values[25].z, 0.0);
var65 = Clamp(var64, 0.0, 1.0);
var66 = Mul(var65, U_Static.values[27].x);
var67 = Dot4(var27, var23, var63, 0.0, U_Static.values[26].x, U_Static.values[26].y, U_Static.values[26].z, 0.0);
var68 = Clamp(var67, 0.0, 1.0);
var69 = Mul(U_Mate.values[9].x, Texture(s0, var44, var47).x);
var70 = Fma(var68, U_Static.values[28].x, var69);
var71 = Fma(Texture(s6, var55, var60).x, var66, var70);
var72 = Negate(var69);
var73 = Fma(var72, 0.5, Texture(s5, var55, var60).x);
var74 = Max(var73, 0.0);
var75 = Min(var74, 10.0);
var76 = Mul(var75, 2.0);
var77 = Add(var71, var76);
var78 = Dot4(vTex0.x, vTex0.y, 0.0, 1.0, U_Mate.values[4].x, U_Mate.values[4].y, U_Mate.values[4].z, U_Mate.values[4].w);
var79 = Dot4(vTex0.x, vTex0.y, 0.0, 1.0, U_Mate.values[5].x, U_Mate.values[5].y, U_Mate.values[5].z, U_Mate.values[5].w);
var80 = Mul(var23, 2.0);
var81 = Fma(var22, var80, var29);
var82 = Mul(var81, 0.35);
var83 = Dot4(vTex0.x, vTex0.y, 0.0, U_Mate.values[0].w, U_Mate.values[0].x, U_Mate.values[0].y, U_Mate.values[0].z, 1.0);
var84 = Fma(Texture(s3, var78, var79).z, var82, var83);
var85 = Fma(var34, var80, var36);
var86 = Mul(var85, -0.35);
var87 = Dot4(vTex0.x, vTex0.y, 0.0, U_Mate.values[1].w, U_Mate.values[1].x, U_Mate.values[1].y, U_Mate.values[1].z, 1.0);
var88 = Fma(Texture(s3, var78, var79).z, var86, var87);
var89 = NormalizeX(var50, var50, var50);
var90 = NormalizeY(var50, var50, var50);
var91 = NormalizeZ(var50, var50, var50);
var92 = Dot4(var89, var90, var91, 0.0, var27, var23, var61, 0.0);
var93 = Add(var92, var92);
var94 = Negate(var93);
var95 = Fma(var94, var27, var89);
var96 = Fma(var94, var23, var90);
var97 = Fma(var94, var61, var91);
var98 = Dot4(U_Static.values[11].x, U_Static.values[11].y, U_Static.values[11].z, 0.0, var95, var96, var97, 0.0);
var99 = Dot4(U_Static.values[12].x, U_Static.values[12].y, U_Static.values[12].z, 0.0, var95, var96, var97, 0.0);
var100 = Dot4(U_Static.values[13].x, U_Static.values[13].y, U_Static.values[13].z, 0.0, var95, var96, var97, 0.0);
var101 = NormalizeX(var98, var99, var100);
var102 = NormalizeY(var98, var99, var100);
var103 = NormalizeZ(var98, var99, var100);
var104 = Mix(Texture(s1, var84, var88).x, Texture(s2, var101, var102, var103).x, U_Mate.values[8].x);
var105 = Mul(vColor.x, var104);
var106 = Power(var105, U_Static.values[23].w);
var107 = Mul(var77, var106);
var108 = Fma(U_Mate.values[10].x, var49, var107);
var109 = Mul(var91, U_FOG.values[1].z);
var110 = Dot4(var89, var90, var109, 0.0, U_FOG.values[1].x, U_FOG.values[1].y, 1.0, 0.0);
var111 = Clamp(var110, 0.0, 1.0);
var112 = Power(var111, U_FOG.values[4].w);
var113 = Dot4(var89, var90, var91, 0.0, U_FOG.values[0].x, U_FOG.values[0].y, U_FOG.values[0].z, 0.0);
var114 = Negate(var113);
var115 = Max(var113, var114);
var116 = Sub(1.0, var115);
var117 = Clamp(var116, 0.0, 1.0);
var118 = Power(var117, U_FOG.values[3].w);
var119 = Sub(var118, 0.8);
var120 = Mul(var119, 5.0);
var121 = Clamp(var120, 0.0, 1.0);
var122 = MulRatio(var118, 0.95, var121);
var123 = Fma(U_FOG.values[3].x, var122, U_FOG.values[2].x);
var124 = Fma(U_FOG.values[4].x, var112, var123);
var125 = Negate(U_FOG.values[5].x);
var126 = Sub(var125, var50);
var127 = Mul(U_FOG.values[5].y, var126);
var128 = Clamp(var127, 0.0, 1.0);
var129 = Power(var128, U_FOG.values[5].z);
var130 = Mul(U_FOG.values[5].w, var129);
var131 = Mul(U_Mate.values[8].y, var130);
var132 = Mix(var108, var124, var131);
o0.x = var132;

var0 = Mul(vTan.y, U_Bone.values.y);
var1 = Fma(vTan.z, U_Bone.values.z, var0);
var2 = Fma(vTan.x, U_Bone.values.x, var1);
var3 = Negate(var2);
var4 = Mul(vNormal.z, U_Bone.values.z);
var5 = Fma(vNormal.y, U_Bone.values.y, var4);
var6 = Fma(vNormal.x, U_Bone.values.x, var5);
var7 = Mul(vTan.z, U_Bone.values.z);
var8 = Dot4(vTan.x, vTan.y, var7, 0.0, U_Bone.values.x, U_Bone.values.y, 1.0, 0.0);
var9 = Mul(var6, var8);
var10 = Fma(var3, var6, var9);
var11 = Mul(vTan.w, var10);
var12 = Negate(var8);
var13 = Fma(vTan.y, U_Bone.values.y, var7);
var14 = Fma(vTan.x, U_Bone.values.x, var13);
var15 = Mul(var6, var14);
var16 = Fma(var12, var6, var15);
var17 = Mul(vTan.w, var16);
var18 = Negate(var14);
var19 = Mul(var6, var2);
var20 = Fma(var18, var6, var19);
var21 = Mul(vTan.w, var20);
var22 = NormalizeX(var11, var17, var21);
var23 = NormalizeY(var6, var6, var6);
var24 = Negate(var23);
var25 = Mul(var24, 2.0);
var26 = NormalizeX(var14, var2, var8);
var27 = NormalizeX(var6, var6, var6);
var28 = Mul(var27, 2.0);
var29 = Mul(var26, var28);
var30 = Fma(var22, var25, var29);
var31 = Mul(var30, 2.0);
var32 = Dot4(vTex0.x, vTex0.y, 0.0, 1.0, U_Mate.values[6].x, U_Mate.values[6].y, U_Mate.values[6].z, U_Mate.values[6].w);
var33 = Fma(U_Mate.values[10].w, var31, var32);
var34 = NormalizeY(var11, var17, var21);
var35 = NormalizeY(var14, var2, var8);
var36 = Mul(var35, var28);
var37 = Fma(var34, var25, var36);
var38 = Mul(var37, 2.0);
var39 = Dot4(vTex0.x, vTex0.y, 0.0, 1.0, U_Mate.values[7].x, U_Mate.values[7].y, U_Mate.values[7].z, U_Mate.values[7].w);
var40 = Fma(U_Mate.values[10].w, var38, var39);
var41 = Max(U_Static.values[29].y, 0.4);
var42 = Min(var41, 100.0);
var43 = Add(var27, 1.0);
var44 = Div(var43, 2.0);
var45 = Add(var23, 1.0);
var46 = Div(var45, 2.0);
var47 = Sub(1.0, var46);
var48 = Mul(U_Mate.values[9].w, Texture(s0, var44, var47).w);
var49 = Fma(Texture(s3, var33, var40).y, var42, var48);
var50 = Dot4(vPos.x, vPos.y, vPos.z, vPos.w, U_Bone.values.x, U_Bone.values.y, U_Bone.values.z, U_Bone.values.w);
var51 = Dot4(U_Static.values[3].x, U_Static.values[3].y, U_Static.values[3].z, U_Static.values[3].w, var50, var50, var50, 1.0);
var52 = Dot4(U_Static.values[6].x, U_Static.values[6].y, U_Static.values[6].z, U_Static.values[6].w, var50, var50, var50, 1.0);
var53 = Div(var51, var52);
var54 = Div(var53, 2.0);
var55 = Add(var54, 0.5);
var56 = Dot4(U_Static.values[4].x, U_Static.values[4].y, U_Static.values[4].z, U_Static.values[4].w, var50, var50, var50, 1.0);
var57 = Div(var56, var52);
var58 = Negate(var57);
var59 = Div(var58, 2.0);
var60 = Add(var59, 0.5);
var61 = NormalizeZ(var6, var6, var6);
var62 = Negate(var61);
var63 = Max(var61, var62);
var64 = Dot4(var27, var23, var63, 0.0, U_Static.values[25].x, U_Static.values[25].y, U_Static.values[25].z, 0.0);
var65 = Clamp(var64, 0.0, 1.0);
var66 = Mul(var65, U_Static.values[27].y);
var67 = Dot4(var27, var23, var63, 0.0, U_Static.values[26].x, U_Static.values[26].y, U_Static.values[26].z, 0.0);
var68 = Clamp(var67, 0.0, 1.0);
var69 = Mul(U_Mate.values[9].y, Texture(s0, var44, var47).y);
var70 = Fma(var68, U_Static.values[28].y, var69);
var71 = Fma(Texture(s6, var55, var60).x, var66, var70);
var72 = Negate(var69);
var73 = Fma(var72, 0.5, Texture(s5, var55, var60).y);
var74 = Max(var73, 0.0);
var75 = Min(var74, 10.0);
var76 = Mul(var75, 2.0);
var77 = Add(var71, var76);
var78 = Dot4(vTex0.x, vTex0.y, 0.0, 1.0, U_Mate.values[4].x, U_Mate.values[4].y, U_Mate.values[4].z, U_Mate.values[4].w);
var79 = Dot4(vTex0.x, vTex0.y, 0.0, 1.0, U_Mate.values[5].x, U_Mate.values[5].y, U_Mate.values[5].z, U_Mate.values[5].w);
var80 = Mul(var23, 2.0);
var81 = Fma(var22, var80, var29);
var82 = Mul(var81, 0.35);
var83 = Dot4(vTex0.x, vTex0.y, 0.0, U_Mate.values[0].w, U_Mate.values[0].x, U_Mate.values[0].y, U_Mate.values[0].z, 1.0);
var84 = Fma(Texture(s3, var78, var79).z, var82, var83);
var85 = Fma(var34, var80, var36);
var86 = Mul(var85, -0.35);
var87 = Dot4(vTex0.x, vTex0.y, 0.0, U_Mate.values[1].w, U_Mate.values[1].x, U_Mate.values[1].y, U_Mate.values[1].z, 1.0);
var88 = Fma(Texture(s3, var78, var79).z, var86, var87);
var89 = NormalizeX(var50, var50, var50);
var90 = NormalizeY(var50, var50, var50);
var91 = NormalizeZ(var50, var50, var50);
var92 = Dot4(var89, var90, var91, 0.0, var27, var23, var61, 0.0);
var93 = Add(var92, var92);
var94 = Negate(var93);
var95 = Fma(var94, var27, var89);
var96 = Fma(var94, var23, var90);
var97 = Fma(var94, var61, var91);
var98 = Dot4(U_Static.values[11].x, U_Static.values[11].y, U_Static.values[11].z, 0.0, var95, var96, var97, 0.0);
var99 = Dot4(U_Static.values[12].x, U_Static.values[12].y, U_Static.values[12].z, 0.0, var95, var96, var97, 0.0);
var100 = Dot4(U_Static.values[13].x, U_Static.values[13].y, U_Static.values[13].z, 0.0, var95, var96, var97, 0.0);
var101 = NormalizeX(var98, var99, var100);
var102 = NormalizeY(var98, var99, var100);
var103 = NormalizeZ(var98, var99, var100);
var104 = Mix(Texture(s1, var84, var88).y, Texture(s2, var101, var102, var103).y, U_Mate.values[8].x);
var105 = Mul(vColor.y, var104);
var106 = Power(var105, U_Static.values[23].w);
var107 = Mul(var77, var106);
var108 = Fma(U_Mate.values[10].y, var49, var107);
var109 = Mul(var91, U_FOG.values[1].z);
var110 = Dot4(var89, var90, var109, 0.0, U_FOG.values[1].x, U_FOG.values[1].y, 1.0, 0.0);
var111 = Clamp(var110, 0.0, 1.0);
var112 = Power(var111, U_FOG.values[4].w);
var113 = Dot4(var89, var90, var91, 0.0, U_FOG.values[0].x, U_FOG.values[0].y, U_FOG.values[0].z, 0.0);
var114 = Negate(var113);
var115 = Max(var113, var114);
var116 = Sub(1.0, var115);
var117 = Clamp(var116, 0.0, 1.0);
var118 = Power(var117, U_FOG.values[3].w);
var119 = Sub(var118, 0.8);
var120 = Mul(var119, 5.0);
var121 = Clamp(var120, 0.0, 1.0);
var122 = MulRatio(var118, 0.95, var121);
var123 = Fma(U_FOG.values[3].y, var122, U_FOG.values[2].y);
var124 = Fma(U_FOG.values[4].y, var112, var123);
var125 = Negate(U_FOG.values[5].x);
var126 = Sub(var125, var50);
var127 = Mul(U_FOG.values[5].y, var126);
var128 = Clamp(var127, 0.0, 1.0);
var129 = Power(var128, U_FOG.values[5].z);
var130 = Mul(U_FOG.values[5].w, var129);
var131 = Mul(U_Mate.values[8].y, var130);
var132 = Mix(var108, var124, var131);
o0.y = var132;

var0 = Mul(vTan.y, U_Bone.values.y);
var1 = Fma(vTan.z, U_Bone.values.z, var0);
var2 = Fma(vTan.x, U_Bone.values.x, var1);
var3 = Negate(var2);
var4 = Mul(vNormal.z, U_Bone.values.z);
var5 = Fma(vNormal.y, U_Bone.values.y, var4);
var6 = Fma(vNormal.x, U_Bone.values.x, var5);
var7 = Mul(vTan.z, U_Bone.values.z);
var8 = Dot4(vTan.x, vTan.y, var7, 0.0, U_Bone.values.x, U_Bone.values.y, 1.0, 0.0);
var9 = Mul(var6, var8);
var10 = Fma(var3, var6, var9);
var11 = Mul(vTan.w, var10);
var12 = Negate(var8);
var13 = Fma(vTan.y, U_Bone.values.y, var7);
var14 = Fma(vTan.x, U_Bone.values.x, var13);
var15 = Mul(var6, var14);
var16 = Fma(var12, var6, var15);
var17 = Mul(vTan.w, var16);
var18 = Negate(var14);
var19 = Mul(var6, var2);
var20 = Fma(var18, var6, var19);
var21 = Mul(vTan.w, var20);
var22 = NormalizeX(var11, var17, var21);
var23 = NormalizeY(var6, var6, var6);
var24 = Negate(var23);
var25 = Mul(var24, 2.0);
var26 = NormalizeX(var14, var2, var8);
var27 = NormalizeX(var6, var6, var6);
var28 = Mul(var27, 2.0);
var29 = Mul(var26, var28);
var30 = Fma(var22, var25, var29);
var31 = Mul(var30, 2.0);
var32 = Dot4(vTex0.x, vTex0.y, 0.0, 1.0, U_Mate.values[6].x, U_Mate.values[6].y, U_Mate.values[6].z, U_Mate.values[6].w);
var33 = Fma(U_Mate.values[10].w, var31, var32);
var34 = NormalizeY(var11, var17, var21);
var35 = NormalizeY(var14, var2, var8);
var36 = Mul(var35, var28);
var37 = Fma(var34, var25, var36);
var38 = Mul(var37, 2.0);
var39 = Dot4(vTex0.x, vTex0.y, 0.0, 1.0, U_Mate.values[7].x, U_Mate.values[7].y, U_Mate.values[7].z, U_Mate.values[7].w);
var40 = Fma(U_Mate.values[10].w, var38, var39);
var41 = Max(U_Static.values[29].z, 0.4);
var42 = Min(var41, 100.0);
var43 = Add(var27, 1.0);
var44 = Div(var43, 2.0);
var45 = Add(var23, 1.0);
var46 = Div(var45, 2.0);
var47 = Sub(1.0, var46);
var48 = Mul(U_Mate.values[9].w, Texture(s0, var44, var47).w);
var49 = Fma(Texture(s3, var33, var40).y, var42, var48);
var50 = Dot4(vPos.x, vPos.y, vPos.z, vPos.w, U_Bone.values.x, U_Bone.values.y, U_Bone.values.z, U_Bone.values.w);
var51 = Dot4(U_Static.values[3].x, U_Static.values[3].y, U_Static.values[3].z, U_Static.values[3].w, var50, var50, var50, 1.0);
var52 = Dot4(U_Static.values[6].x, U_Static.values[6].y, U_Static.values[6].z, U_Static.values[6].w, var50, var50, var50, 1.0);
var53 = Div(var51, var52);
var54 = Div(var53, 2.0);
var55 = Add(var54, 0.5);
var56 = Dot4(U_Static.values[4].x, U_Static.values[4].y, U_Static.values[4].z, U_Static.values[4].w, var50, var50, var50, 1.0);
var57 = Div(var56, var52);
var58 = Negate(var57);
var59 = Div(var58, 2.0);
var60 = Add(var59, 0.5);
var61 = NormalizeZ(var6, var6, var6);
var62 = Negate(var61);
var63 = Max(var61, var62);
var64 = Dot4(var27, var23, var63, 0.0, U_Static.values[25].x, U_Static.values[25].y, U_Static.values[25].z, 0.0);
var65 = Clamp(var64, 0.0, 1.0);
var66 = Mul(var65, U_Static.values[27].z);
var67 = Dot4(var27, var23, var63, 0.0, U_Static.values[26].x, U_Static.values[26].y, U_Static.values[26].z, 0.0);
var68 = Clamp(var67, 0.0, 1.0);
var69 = Mul(U_Mate.values[9].z, Texture(s0, var44, var47).z);
var70 = Fma(var68, U_Static.values[28].z, var69);
var71 = Fma(Texture(s6, var55, var60).x, var66, var70);
var72 = Negate(var69);
var73 = Fma(var72, 0.5, Texture(s5, var55, var60).z);
var74 = Max(var73, 0.0);
var75 = Min(var74, 10.0);
var76 = Mul(var75, 2.0);
var77 = Add(var71, var76);
var78 = Dot4(vTex0.x, vTex0.y, 0.0, 1.0, U_Mate.values[4].x, U_Mate.values[4].y, U_Mate.values[4].z, U_Mate.values[4].w);
var79 = Dot4(vTex0.x, vTex0.y, 0.0, 1.0, U_Mate.values[5].x, U_Mate.values[5].y, U_Mate.values[5].z, U_Mate.values[5].w);
var80 = Mul(var23, 2.0);
var81 = Fma(var22, var80, var29);
var82 = Mul(var81, 0.35);
var83 = Dot4(vTex0.x, vTex0.y, 0.0, U_Mate.values[0].w, U_Mate.values[0].x, U_Mate.values[0].y, U_Mate.values[0].z, 1.0);
var84 = Fma(Texture(s3, var78, var79).z, var82, var83);
var85 = Fma(var34, var80, var36);
var86 = Mul(var85, -0.35);
var87 = Dot4(vTex0.x, vTex0.y, 0.0, U_Mate.values[1].w, U_Mate.values[1].x, U_Mate.values[1].y, U_Mate.values[1].z, 1.0);
var88 = Fma(Texture(s3, var78, var79).z, var86, var87);
var89 = NormalizeX(var50, var50, var50);
var90 = NormalizeY(var50, var50, var50);
var91 = NormalizeZ(var50, var50, var50);
var92 = Dot4(var89, var90, var91, 0.0, var27, var23, var61, 0.0);
var93 = Add(var92, var92);
var94 = Negate(var93);
var95 = Fma(var94, var27, var89);
var96 = Fma(var94, var23, var90);
var97 = Fma(var94, var61, var91);
var98 = Dot4(U_Static.values[11].x, U_Static.values[11].y, U_Static.values[11].z, 0.0, var95, var96, var97, 0.0);
var99 = Dot4(U_Static.values[12].x, U_Static.values[12].y, U_Static.values[12].z, 0.0, var95, var96, var97, 0.0);
var100 = Dot4(U_Static.values[13].x, U_Static.values[13].y, U_Static.values[13].z, 0.0, var95, var96, var97, 0.0);
var101 = NormalizeX(var98, var99, var100);
var102 = NormalizeY(var98, var99, var100);
var103 = NormalizeZ(var98, var99, var100);
var104 = Mix(Texture(s1, var84, var88).z, Texture(s2, var101, var102, var103).z, U_Mate.values[8].x);
var105 = Mul(vColor.z, var104);
var106 = Power(var105, U_Static.values[23].w);
var107 = Mul(var77, var106);
var108 = Fma(U_Mate.values[10].z, var49, var107);
var109 = Mul(var91, U_FOG.values[1].z);
var110 = Dot4(var89, var90, var109, 0.0, U_FOG.values[1].x, U_FOG.values[1].y, 1.0, 0.0);
var111 = Clamp(var110, 0.0, 1.0);
var112 = Power(var111, U_FOG.values[4].w);
var113 = Dot4(var89, var90, var91, 0.0, U_FOG.values[0].x, U_FOG.values[0].y, U_FOG.values[0].z, 0.0);
var114 = Negate(var113);
var115 = Max(var113, var114);
var116 = Sub(1.0, var115);
var117 = Clamp(var116, 0.0, 1.0);
var118 = Power(var117, U_FOG.values[3].w);
var119 = Sub(var118, 0.8);
var120 = Mul(var119, 5.0);
var121 = Clamp(var120, 0.0, 1.0);
var122 = MulRatio(var118, 0.95, var121);
var123 = Fma(U_FOG.values[3].z, var122, U_FOG.values[2].z);
var124 = Fma(U_FOG.values[4].z, var112, var123);
var125 = Negate(U_FOG.values[5].x);
var126 = Sub(var125, var50);
var127 = Mul(U_FOG.values[5].y, var126);
var128 = Clamp(var127, 0.0, 1.0);
var129 = Power(var128, U_FOG.values[5].z);
var130 = Mul(U_FOG.values[5].w, var129);
var131 = Mul(U_Mate.values[8].y, var130);
var132 = Mix(var108, var124, var131);
o0.z = var132;

var0 = Dot4(vTex0.x, vTex0.y, 0.0, 1.0, U_Mate.values[2].x, U_Mate.values[2].y, U_Mate.values[2].z, U_Mate.values[2].w);
var1 = Dot4(vTex0.x, vTex0.y, 0.0, 1.0, U_Mate.values[3].x, U_Mate.values[3].y, U_Mate.values[3].z, U_Mate.values[3].w);
var2 = Mul(vColor.w, Texture(s1, var0, var1).w);
var3 = Mul(U_Mate.values[11].z, var2);
o0.w = var3;
