---
source: xc3_shader/src/database.rs
---
var4 = Mul(Texture(s2, vTex0.x, vTex0.y).y, 0.5);
var7 = NormalMapX(Texture(s1, vTex0.x, vTex0.y).x, Texture(s1, vTex0.x, vTex0.y).y);
var8 = Fma(var7, 0.5, 0.5);
var11 = Clamp(var8, 0.0, 1.0);
var12 = NormalMapY(Texture(s1, vTex0.x, vTex0.y).x, Texture(s1, vTex0.x, vTex0.y).y);
var13 = Fma(var12, 0.5, 0.5);
var14 = Sub(1.0, var13);
var15 = Clamp(var14, 0.0, 1.0);
var18 = Mul(Texture(gIBL, var11, var15).x, U_Mate.gMatAmb.x);
var19 = Mul(var4, var18);
o0.x = var19;

var4 = Mul(Texture(s2, vTex0.x, vTex0.y).y, 0.5);
var7 = NormalMapX(Texture(s1, vTex0.x, vTex0.y).x, Texture(s1, vTex0.x, vTex0.y).y);
var8 = Fma(var7, 0.5, 0.5);
var11 = Clamp(var8, 0.0, 1.0);
var12 = NormalMapY(Texture(s1, vTex0.x, vTex0.y).x, Texture(s1, vTex0.x, vTex0.y).y);
var13 = Fma(var12, 0.5, 0.5);
var14 = Sub(1.0, var13);
var15 = Clamp(var14, 0.0, 1.0);
var22 = Mul(Texture(gIBL, var11, var15).y, U_Mate.gMatAmb.y);
var23 = Mul(var4, var22);
o0.y = var23;

var4 = Mul(Texture(s2, vTex0.x, vTex0.y).y, 0.5);
var7 = NormalMapX(Texture(s1, vTex0.x, vTex0.y).x, Texture(s1, vTex0.x, vTex0.y).y);
var8 = Fma(var7, 0.5, 0.5);
var11 = Clamp(var8, 0.0, 1.0);
var12 = NormalMapY(Texture(s1, vTex0.x, vTex0.y).x, Texture(s1, vTex0.x, vTex0.y).y);
var13 = Fma(var12, 0.5, 0.5);
var14 = Sub(1.0, var13);
var15 = Clamp(var14, 0.0, 1.0);
var26 = Mul(Texture(gIBL, var11, var15).z, U_Mate.gMatAmb.z);
var27 = Mul(var4, var26);
o0.z = var27;

var7 = NormalMapX(Texture(s1, vTex0.x, vTex0.y).x, Texture(s1, vTex0.x, vTex0.y).y);
var8 = Fma(var7, 0.5, 0.5);
var11 = Clamp(var8, 0.0, 1.0);
var12 = NormalMapY(Texture(s1, vTex0.x, vTex0.y).x, Texture(s1, vTex0.x, vTex0.y).y);
var13 = Fma(var12, 0.5, 0.5);
var14 = Sub(1.0, var13);
var15 = Clamp(var14, 0.0, 1.0);
var29 = Mul(Texture(gIBL, var11, var15).w, 0.5);
var31 = Mul(var29, U_Mate.gMatAmb.w);
o0.w = var31;

var34 = Overlay(Texture(s0, vTex0.x, vTex0.y).x, U_CHR.gAvaSkin.x);
var36 = Mul(var34, vColor.x);
o1.x = var36;

var39 = Overlay(Texture(s0, vTex0.x, vTex0.y).y, U_CHR.gAvaSkin.y);
var41 = Mul(var39, vColor.y);
o1.y = var41;

var44 = Overlay(Texture(s0, vTex0.x, vTex0.y).z, U_CHR.gAvaSkin.z);
var46 = Mul(var44, vColor.z);
o1.z = var46;

o1.w = 0.0;

o2.x = Texture(s1, vTex0.x, vTex0.y).x;

o2.y = Texture(s1, vTex0.x, vTex0.y).y;

var49 = Mul(Texture(s2, vTex0.x, vTex0.y).z, U_CHR.gAvaSkin.w);
o3.x = var49;

var49 = Mul(Texture(s2, vTex0.x, vTex0.y).z, U_CHR.gAvaSkin.w);
o3.y = var49;

var49 = Mul(Texture(s2, vTex0.x, vTex0.y).z, U_CHR.gAvaSkin.w);
o3.z = var49;

o3.w = U_Mate.gWrkFl4.x;

var53 = Min(vPos.z, 8191.9995);
var55 = Mul(var53, 8.0);
var56 = Floor(var55);
var57 = Sub(var55, var56);
var58 = Negate(var57);
var59 = Fma(0.0, var58, var57);
var61 = Mul(var59, 1.0039216);
o4.x = var61;

var53 = Min(vPos.z, 8191.9995);
var63 = Mul(var53, 0.03125);
var64 = Floor(var63);
var65 = Sub(var63, var64);
var55 = Mul(var53, 8.0);
var67 = Mix(var65, var55, -0.00390625);
var68 = Mul(var67, 1.0039216);
o4.y = var68;

var53 = Min(vPos.z, 8191.9995);
var70 = Mul(var53, 0.00012207031);
var71 = Floor(var70);
var72 = Sub(var70, var71);
var63 = Mul(var53, 0.03125);
var73 = Mix(var72, var63, -0.00390625);
var74 = Mul(var73, 1.0039216);
o4.z = var74;

o4.w = Texture(s2, vTex0.x, vTex0.y).x;

o6.x = 1.0;

o6.y = Texture(s3, vTex0.x, vTex0.y).x;

o6.z = Texture(s3, vTex0.x, vTex0.y).y;

o6.w = 0.0;

o2.z = Texture(s2, vTex0.x, vTex0.y).y;

var2 = Mul(Texture(s2, vTex0.x, vTex0.y).yyy, [0.5, 0.5, 0.5]);
var7 = NormalMapX(Texture(s1, vTex0.x, vTex0.y).x, Texture(s1, vTex0.x, vTex0.y).y);
var8 = Fma(var7, 0.5, 0.5);
var11 = Clamp(var8, 0.0, 1.0);
var12 = NormalMapY(Texture(s1, vTex0.x, vTex0.y).x, Texture(s1, vTex0.x, vTex0.y).y);
var13 = Fma(var12, 0.5, 0.5);
var14 = Sub(1.0, var13);
var15 = Clamp(var14, 0.0, 1.0);
var5 = Mul(Texture(gIBL, var11, var15).xyz, U_Mate.gMatAmb.xyz);
var6 = Mul(var2, var5);
o0.xyz = var6;

var9 = Overlay(Texture(s0, vTex0.x, vTex0.y).xyz, U_CHR.gAvaSkin.xyz);
var11 = Mul(var9, vColor.xyz);
o1.xyz = var11;

var14 = Mul(Texture(s2, vTex0.x, vTex0.y).zzz, U_CHR.gAvaSkin.www);
o3.xyz = var14;
