---
source: xc3_shader/src/database.rs
---
var0 = 100.0;
var1 = U_Static.gLgtPreSpe[0].x;
var2 = Min(var0, var1);
var3 = 0.4;
var4 = Max(var2, var3);
var5 = vTex0.x;
var6 = vTex0.y;
var7 = U_Mate.gTexMat[6].x;
var8 = U_Mate.gTexMat[6].y;
var9 = U_Mate.gTexMat[6].z;
var10 = U_Mate.gTexMat[6].w;
var11 = TexMatrix(var5, var6, var7, var8, var9, var10);
var12 = U_Mate.gMatSpec.w;
var13 = TexParallaxX(var11, var12);
var14 = U_Mate.gTexMat[7].x;
var15 = U_Mate.gTexMat[7].y;
var16 = U_Mate.gTexMat[7].z;
var17 = U_Mate.gTexMat[7].w;
var18 = TexMatrix(var5, var6, var14, var15, var16, var17);
var19 = TexParallaxX(var18, var12);
var20 = Texture(s1, var13, var19).y;
var21 = vNormal.x;
var22 = vNormal.y;
var23 = vNormal.z;
var24 = NormalizeX(var21, var22, var23);
var25 = 0.5;
var26 = Fma(var24, var25, var25);
var27 = 1.0;
var28 = NormalizeY(var21, var22, var23);
var29 = Fma(var28, var25, var25);
var30 = Sub(var27, var29);
var31 = Texture(gIBL, var26, var30).w;
var32 = U_Mate.gMatAmb.w;
var33 = Mul(var31, var32);
var34 = Fma(var4, var20, var33);
var35 = U_Mate.gMatSpec.x;
var36 = 0.0;
var37 = Texture(gIBL, var26, var30).x;
var38 = U_Mate.gMatAmb.x;
var39 = Mul(var37, var38);
var40 = -0.5;
var41 = vPos.x;
var42 = vPos.w;
var43 = Div(var41, var42);
var44 = Fma(var43, var25, var25);
var45 = vPos.y;
var46 = Div(var45, var42);
var47 = Fma(var46, var40, var25);
var48 = Texture(texLgt, var44, var47).x;
var49 = Fma(var39, var40, var48);
var50 = 10.0;
var51 = Min(var49, var50);
var52 = Max(var36, var51);
var53 = 2.0;
var54 = NormalizeZ(var21, var22, var23);
var55 = Abs(var54);
var56 = U_Static.gLgtPreDir[0].z;
var57 = U_Static.gLgtPreDir[0].y;
var58 = U_Static.gLgtPreDir[0].x;
var59 = Mul(var24, var58);
var60 = Fma(var28, var57, var59);
var61 = Fma(var55, var56, var60);
var62 = Clamp(var61, var36, var27);
var63 = U_Static.gLgtPreCol[0].x;
var64 = Mul(var62, var63);
var65 = Texture(texShadow, var44, var47).x;
var66 = U_Static.gLgtPreDir[1].z;
var67 = U_Static.gLgtPreDir[1].y;
var68 = U_Static.gLgtPreDir[1].x;
var69 = Mul(var24, var68);
var70 = Fma(var28, var67, var69);
var71 = Fma(var55, var66, var70);
var72 = Clamp(var71, var36, var27);
var73 = U_Static.gLgtPreCol[1].x;
var74 = Mul(var72, var73);
var75 = Fma(var64, var65, var74);
var76 = Add(var39, var75);
var77 = Fma(var52, var53, var76);
var78 = U_Mate.gTexMat[0].x;
var79 = U_Mate.gTexMat[0].y;
var80 = U_Mate.gTexMat[0].z;
var81 = U_Mate.gTexMat[0].w;
var82 = TexMatrix(var5, var6, var78, var79, var80, var81);
var83 = U_Mate.gTexMat[4].x;
var84 = U_Mate.gTexMat[4].y;
var85 = U_Mate.gTexMat[4].z;
var86 = U_Mate.gTexMat[4].w;
var87 = TexMatrix(var5, var6, var83, var84, var85, var86);
var88 = U_Mate.gTexMat[5].x;
var89 = U_Mate.gTexMat[5].y;
var90 = U_Mate.gTexMat[5].z;
var91 = U_Mate.gTexMat[5].w;
var92 = TexMatrix(var5, var6, var88, var89, var90, var91);
var93 = Texture(s1, var87, var92).z;
var94 = TexParallaxX(var82, var93);
var95 = U_Mate.gTexMat[1].x;
var96 = U_Mate.gTexMat[1].y;
var97 = U_Mate.gTexMat[1].z;
var98 = U_Mate.gTexMat[1].w;
var99 = TexMatrix(var5, var6, var95, var96, var97, var98);
var100 = TexParallaxX(var99, var93);
var101 = Texture(s0, var94, var100).x;
var102 = vColor.x;
var103 = Mul(var101, var102);
var104 = Max(var36, var103);
var105 = U_Static.gCDep.w;
var106 = Power(var104, var105);
var107 = Mul(var77, var106);
var108 = Fma(var34, var35, var107);
var109 = U_Bone.data;
var110 = UintBitsToFloat(var109);
var111 = vPos.z;
var112 = Mul(var110, var41);
var113 = Fma(var110, var45, var112);
var114 = Fma(var110, var111, var113);
var115 = Fma(var110, var42, var114);
var116 = NormalizeZ(var115, var115, var115);
var117 = U_FOG.gFogPa[1].z;
var118 = NormalizeY(var115, var115, var115);
var119 = U_FOG.gFogPa[1].y;
var120 = NormalizeX(var115, var115, var115);
var121 = U_FOG.gFogPa[1].x;
var122 = Mul(var120, var121);
var123 = Fma(var118, var119, var122);
var124 = Fma(var116, var117, var123);
var125 = Clamp(var124, var36, var27);
var126 = U_FOG.gFogPa[4].w;
var127 = Power(var125, var126);
var128 = U_FOG.gFogPa[4].x;
var129 = U_FOG.gFogPa[0].z;
var130 = U_FOG.gFogPa[0].y;
var131 = U_FOG.gFogPa[0].x;
var132 = Mul(var120, var131);
var133 = Fma(var118, var130, var132);
var134 = Fma(var116, var129, var133);
var135 = Abs(var134);
var136 = Sub(var27, var135);
var137 = Clamp(var136, var36, var27);
var138 = U_FOG.gFogPa[3].w;
var139 = Power(var137, var138);
var140 = vp_c1.data[0].x;
var141 = 0.8;
var142 = Sub(var139, var141);
var143 = 5.0;
var144 = Mul(var142, var143);
var145 = Clamp(var144, var36, var27);
var146 = MulRatio(var139, var140, var145);
var147 = U_FOG.gFogPa[3].x;
var148 = U_FOG.gFogPa[2].x;
var149 = Fma(var146, var147, var148);
var150 = Fma(var127, var128, var149);
var151 = U_FOG.gFogPa[5].x;
var152 = Negate(var151);
var153 = Sub(var152, var115);
var154 = U_FOG.gFogPa[5].y;
var155 = Mul(var153, var154);
var156 = Clamp(var155, var36, var27);
var157 = U_FOG.gFogPa[5].z;
var158 = Power(var156, var157);
var159 = U_FOG.gFogPa[5].w;
var160 = Mul(var158, var159);
var161 = U_Mate.gWrkFl4.x;
var162 = Mul(var160, var161);
var163 = Mix(var108, var150, var162);
o0.x = var163;

var0 = 100.0;
var164 = U_Static.gLgtPreSpe[0].y;
var165 = Min(var0, var164);
var3 = 0.4;
var166 = Max(var165, var3);
var5 = vTex0.x;
var6 = vTex0.y;
var7 = U_Mate.gTexMat[6].x;
var8 = U_Mate.gTexMat[6].y;
var9 = U_Mate.gTexMat[6].z;
var10 = U_Mate.gTexMat[6].w;
var11 = TexMatrix(var5, var6, var7, var8, var9, var10);
var12 = U_Mate.gMatSpec.w;
var13 = TexParallaxX(var11, var12);
var14 = U_Mate.gTexMat[7].x;
var15 = U_Mate.gTexMat[7].y;
var16 = U_Mate.gTexMat[7].z;
var17 = U_Mate.gTexMat[7].w;
var18 = TexMatrix(var5, var6, var14, var15, var16, var17);
var19 = TexParallaxX(var18, var12);
var20 = Texture(s1, var13, var19).y;
var21 = vNormal.x;
var22 = vNormal.y;
var23 = vNormal.z;
var24 = NormalizeX(var21, var22, var23);
var25 = 0.5;
var26 = Fma(var24, var25, var25);
var27 = 1.0;
var28 = NormalizeY(var21, var22, var23);
var29 = Fma(var28, var25, var25);
var30 = Sub(var27, var29);
var31 = Texture(gIBL, var26, var30).w;
var32 = U_Mate.gMatAmb.w;
var33 = Mul(var31, var32);
var167 = Fma(var166, var20, var33);
var168 = U_Mate.gMatSpec.y;
var36 = 0.0;
var169 = Texture(gIBL, var26, var30).y;
var170 = U_Mate.gMatAmb.y;
var171 = Mul(var169, var170);
var40 = -0.5;
var41 = vPos.x;
var42 = vPos.w;
var43 = Div(var41, var42);
var44 = Fma(var43, var25, var25);
var45 = vPos.y;
var46 = Div(var45, var42);
var47 = Fma(var46, var40, var25);
var172 = Texture(texLgt, var44, var47).y;
var173 = Fma(var171, var40, var172);
var50 = 10.0;
var174 = Min(var173, var50);
var175 = Max(var36, var174);
var53 = 2.0;
var54 = NormalizeZ(var21, var22, var23);
var55 = Abs(var54);
var56 = U_Static.gLgtPreDir[0].z;
var57 = U_Static.gLgtPreDir[0].y;
var58 = U_Static.gLgtPreDir[0].x;
var59 = Mul(var24, var58);
var60 = Fma(var28, var57, var59);
var61 = Fma(var55, var56, var60);
var62 = Clamp(var61, var36, var27);
var176 = U_Static.gLgtPreCol[0].y;
var177 = Mul(var62, var176);
var65 = Texture(texShadow, var44, var47).x;
var66 = U_Static.gLgtPreDir[1].z;
var67 = U_Static.gLgtPreDir[1].y;
var68 = U_Static.gLgtPreDir[1].x;
var69 = Mul(var24, var68);
var70 = Fma(var28, var67, var69);
var71 = Fma(var55, var66, var70);
var72 = Clamp(var71, var36, var27);
var178 = U_Static.gLgtPreCol[1].y;
var179 = Mul(var72, var178);
var180 = Fma(var177, var65, var179);
var181 = Add(var171, var180);
var182 = Fma(var175, var53, var181);
var78 = U_Mate.gTexMat[0].x;
var79 = U_Mate.gTexMat[0].y;
var80 = U_Mate.gTexMat[0].z;
var81 = U_Mate.gTexMat[0].w;
var82 = TexMatrix(var5, var6, var78, var79, var80, var81);
var83 = U_Mate.gTexMat[4].x;
var84 = U_Mate.gTexMat[4].y;
var85 = U_Mate.gTexMat[4].z;
var86 = U_Mate.gTexMat[4].w;
var87 = TexMatrix(var5, var6, var83, var84, var85, var86);
var88 = U_Mate.gTexMat[5].x;
var89 = U_Mate.gTexMat[5].y;
var90 = U_Mate.gTexMat[5].z;
var91 = U_Mate.gTexMat[5].w;
var92 = TexMatrix(var5, var6, var88, var89, var90, var91);
var93 = Texture(s1, var87, var92).z;
var94 = TexParallaxX(var82, var93);
var95 = U_Mate.gTexMat[1].x;
var96 = U_Mate.gTexMat[1].y;
var97 = U_Mate.gTexMat[1].z;
var98 = U_Mate.gTexMat[1].w;
var99 = TexMatrix(var5, var6, var95, var96, var97, var98);
var100 = TexParallaxX(var99, var93);
var183 = Texture(s0, var94, var100).y;
var184 = vColor.y;
var185 = Mul(var183, var184);
var186 = Max(var36, var185);
var105 = U_Static.gCDep.w;
var187 = Power(var186, var105);
var188 = Mul(var182, var187);
var189 = Fma(var167, var168, var188);
var109 = U_Bone.data;
var110 = UintBitsToFloat(var109);
var111 = vPos.z;
var112 = Mul(var110, var41);
var113 = Fma(var110, var45, var112);
var114 = Fma(var110, var111, var113);
var115 = Fma(var110, var42, var114);
var116 = NormalizeZ(var115, var115, var115);
var117 = U_FOG.gFogPa[1].z;
var118 = NormalizeY(var115, var115, var115);
var119 = U_FOG.gFogPa[1].y;
var120 = NormalizeX(var115, var115, var115);
var121 = U_FOG.gFogPa[1].x;
var122 = Mul(var120, var121);
var123 = Fma(var118, var119, var122);
var124 = Fma(var116, var117, var123);
var125 = Clamp(var124, var36, var27);
var126 = U_FOG.gFogPa[4].w;
var127 = Power(var125, var126);
var190 = U_FOG.gFogPa[4].y;
var129 = U_FOG.gFogPa[0].z;
var130 = U_FOG.gFogPa[0].y;
var131 = U_FOG.gFogPa[0].x;
var132 = Mul(var120, var131);
var133 = Fma(var118, var130, var132);
var134 = Fma(var116, var129, var133);
var135 = Abs(var134);
var136 = Sub(var27, var135);
var137 = Clamp(var136, var36, var27);
var138 = U_FOG.gFogPa[3].w;
var139 = Power(var137, var138);
var140 = vp_c1.data[0].x;
var141 = 0.8;
var142 = Sub(var139, var141);
var143 = 5.0;
var144 = Mul(var142, var143);
var145 = Clamp(var144, var36, var27);
var146 = MulRatio(var139, var140, var145);
var191 = U_FOG.gFogPa[3].y;
var192 = U_FOG.gFogPa[2].y;
var193 = Fma(var146, var191, var192);
var194 = Fma(var127, var190, var193);
var151 = U_FOG.gFogPa[5].x;
var152 = Negate(var151);
var153 = Sub(var152, var115);
var154 = U_FOG.gFogPa[5].y;
var155 = Mul(var153, var154);
var156 = Clamp(var155, var36, var27);
var157 = U_FOG.gFogPa[5].z;
var158 = Power(var156, var157);
var159 = U_FOG.gFogPa[5].w;
var160 = Mul(var158, var159);
var161 = U_Mate.gWrkFl4.x;
var162 = Mul(var160, var161);
var195 = Mix(var189, var194, var162);
o0.y = var195;

var0 = 100.0;
var196 = U_Static.gLgtPreSpe[0].z;
var197 = Min(var0, var196);
var3 = 0.4;
var198 = Max(var197, var3);
var5 = vTex0.x;
var6 = vTex0.y;
var7 = U_Mate.gTexMat[6].x;
var8 = U_Mate.gTexMat[6].y;
var9 = U_Mate.gTexMat[6].z;
var10 = U_Mate.gTexMat[6].w;
var11 = TexMatrix(var5, var6, var7, var8, var9, var10);
var12 = U_Mate.gMatSpec.w;
var13 = TexParallaxX(var11, var12);
var14 = U_Mate.gTexMat[7].x;
var15 = U_Mate.gTexMat[7].y;
var16 = U_Mate.gTexMat[7].z;
var17 = U_Mate.gTexMat[7].w;
var18 = TexMatrix(var5, var6, var14, var15, var16, var17);
var19 = TexParallaxX(var18, var12);
var20 = Texture(s1, var13, var19).y;
var21 = vNormal.x;
var22 = vNormal.y;
var23 = vNormal.z;
var24 = NormalizeX(var21, var22, var23);
var25 = 0.5;
var26 = Fma(var24, var25, var25);
var27 = 1.0;
var28 = NormalizeY(var21, var22, var23);
var29 = Fma(var28, var25, var25);
var30 = Sub(var27, var29);
var31 = Texture(gIBL, var26, var30).w;
var32 = U_Mate.gMatAmb.w;
var33 = Mul(var31, var32);
var199 = Fma(var198, var20, var33);
var200 = U_Mate.gMatSpec.z;
var36 = 0.0;
var201 = Texture(gIBL, var26, var30).z;
var202 = U_Mate.gMatAmb.z;
var203 = Mul(var201, var202);
var40 = -0.5;
var41 = vPos.x;
var42 = vPos.w;
var43 = Div(var41, var42);
var44 = Fma(var43, var25, var25);
var45 = vPos.y;
var46 = Div(var45, var42);
var47 = Fma(var46, var40, var25);
var204 = Texture(texLgt, var44, var47).z;
var205 = Fma(var203, var40, var204);
var50 = 10.0;
var206 = Min(var205, var50);
var207 = Max(var36, var206);
var53 = 2.0;
var54 = NormalizeZ(var21, var22, var23);
var55 = Abs(var54);
var56 = U_Static.gLgtPreDir[0].z;
var57 = U_Static.gLgtPreDir[0].y;
var58 = U_Static.gLgtPreDir[0].x;
var59 = Mul(var24, var58);
var60 = Fma(var28, var57, var59);
var61 = Fma(var55, var56, var60);
var62 = Clamp(var61, var36, var27);
var208 = U_Static.gLgtPreCol[0].z;
var209 = Mul(var62, var208);
var65 = Texture(texShadow, var44, var47).x;
var66 = U_Static.gLgtPreDir[1].z;
var67 = U_Static.gLgtPreDir[1].y;
var68 = U_Static.gLgtPreDir[1].x;
var69 = Mul(var24, var68);
var70 = Fma(var28, var67, var69);
var71 = Fma(var55, var66, var70);
var72 = Clamp(var71, var36, var27);
var210 = U_Static.gLgtPreCol[1].z;
var211 = Mul(var72, var210);
var212 = Fma(var209, var65, var211);
var213 = Add(var203, var212);
var214 = Fma(var207, var53, var213);
var78 = U_Mate.gTexMat[0].x;
var79 = U_Mate.gTexMat[0].y;
var80 = U_Mate.gTexMat[0].z;
var81 = U_Mate.gTexMat[0].w;
var82 = TexMatrix(var5, var6, var78, var79, var80, var81);
var83 = U_Mate.gTexMat[4].x;
var84 = U_Mate.gTexMat[4].y;
var85 = U_Mate.gTexMat[4].z;
var86 = U_Mate.gTexMat[4].w;
var87 = TexMatrix(var5, var6, var83, var84, var85, var86);
var88 = U_Mate.gTexMat[5].x;
var89 = U_Mate.gTexMat[5].y;
var90 = U_Mate.gTexMat[5].z;
var91 = U_Mate.gTexMat[5].w;
var92 = TexMatrix(var5, var6, var88, var89, var90, var91);
var93 = Texture(s1, var87, var92).z;
var94 = TexParallaxX(var82, var93);
var95 = U_Mate.gTexMat[1].x;
var96 = U_Mate.gTexMat[1].y;
var97 = U_Mate.gTexMat[1].z;
var98 = U_Mate.gTexMat[1].w;
var99 = TexMatrix(var5, var6, var95, var96, var97, var98);
var100 = TexParallaxX(var99, var93);
var215 = Texture(s0, var94, var100).z;
var216 = vColor.z;
var217 = Mul(var215, var216);
var218 = Max(var36, var217);
var105 = U_Static.gCDep.w;
var219 = Power(var218, var105);
var220 = Mul(var214, var219);
var221 = Fma(var199, var200, var220);
var109 = U_Bone.data;
var110 = UintBitsToFloat(var109);
var111 = vPos.z;
var112 = Mul(var110, var41);
var113 = Fma(var110, var45, var112);
var114 = Fma(var110, var111, var113);
var115 = Fma(var110, var42, var114);
var116 = NormalizeZ(var115, var115, var115);
var117 = U_FOG.gFogPa[1].z;
var118 = NormalizeY(var115, var115, var115);
var119 = U_FOG.gFogPa[1].y;
var120 = NormalizeX(var115, var115, var115);
var121 = U_FOG.gFogPa[1].x;
var122 = Mul(var120, var121);
var123 = Fma(var118, var119, var122);
var124 = Fma(var116, var117, var123);
var125 = Clamp(var124, var36, var27);
var126 = U_FOG.gFogPa[4].w;
var127 = Power(var125, var126);
var222 = U_FOG.gFogPa[4].z;
var129 = U_FOG.gFogPa[0].z;
var130 = U_FOG.gFogPa[0].y;
var131 = U_FOG.gFogPa[0].x;
var132 = Mul(var120, var131);
var133 = Fma(var118, var130, var132);
var134 = Fma(var116, var129, var133);
var135 = Abs(var134);
var136 = Sub(var27, var135);
var137 = Clamp(var136, var36, var27);
var138 = U_FOG.gFogPa[3].w;
var139 = Power(var137, var138);
var140 = vp_c1.data[0].x;
var141 = 0.8;
var142 = Sub(var139, var141);
var143 = 5.0;
var144 = Mul(var142, var143);
var145 = Clamp(var144, var36, var27);
var146 = MulRatio(var139, var140, var145);
var223 = U_FOG.gFogPa[3].z;
var224 = U_FOG.gFogPa[2].z;
var225 = Fma(var146, var223, var224);
var226 = Fma(var127, var222, var225);
var151 = U_FOG.gFogPa[5].x;
var152 = Negate(var151);
var153 = Sub(var152, var115);
var154 = U_FOG.gFogPa[5].y;
var155 = Mul(var153, var154);
var156 = Clamp(var155, var36, var27);
var157 = U_FOG.gFogPa[5].z;
var158 = Power(var156, var157);
var159 = U_FOG.gFogPa[5].w;
var160 = Mul(var158, var159);
var161 = U_Mate.gWrkFl4.x;
var162 = Mul(var160, var161);
var227 = Mix(var221, var226, var162);
o0.z = var227;

var5 = vTex0.x;
var6 = vTex0.y;
var228 = U_Mate.gTexMat[2].x;
var229 = U_Mate.gTexMat[2].y;
var230 = U_Mate.gTexMat[2].z;
var231 = U_Mate.gTexMat[2].w;
var232 = TexMatrix(var5, var6, var228, var229, var230, var231);
var233 = U_Mate.gTexMat[3].x;
var234 = U_Mate.gTexMat[3].y;
var235 = U_Mate.gTexMat[3].z;
var236 = U_Mate.gTexMat[3].w;
var237 = TexMatrix(var5, var6, var233, var234, var235, var236);
var238 = Texture(s0, var232, var237).w;
var239 = vColor.w;
var240 = Mul(var238, var239);
var241 = U_Mate.gAlInf.z;
var242 = Mul(var240, var241);
o0.w = var242;

var27 = 1.0;
var41 = vPos.x;
var42 = vPos.w;
var43 = Div(var41, var42);
var25 = 0.5;
var44 = Fma(var43, var25, var25);
var45 = vPos.y;
var46 = Div(var45, var42);
var40 = -0.5;
var47 = Fma(var46, var40, var25);
var243 = Texture(texDep, var44, var47).z;
var244 = 8160.0;
var245 = Texture(texDep, var44, var47).y;
var246 = 31.875;
var247 = Texture(texDep, var44, var47).x;
var248 = 0.12451172;
var249 = Mul(var247, var248);
var250 = Fma(var245, var246, var249);
var251 = Fma(var243, var244, var250);
var111 = vPos.z;
var252 = Sub(var251, var111);
var253 = Abs(var252);
var254 = 25.0;
var255 = Mul(var253, var254);
var256 = Floor(var255);
var257 = Sub(var27, var256);
var36 = 0.0;
var258 = Clamp(var257, var36, var27);
var259 = LessEqual(var258, var36);
discard = 259;

var0 = [100.0, 100.0, 100.0];
var1 = U_Static.gLgtPreSpe[0].xyz;
var2 = Min(var0, var1);
var3 = [0.4, 0.4, 0.4];
var4 = Max(var2, var3);
var5 = vTex0.x;
var6 = vTex0.y;
var7 = U_Mate.gTexMat[6].x;
var8 = U_Mate.gTexMat[6].y;
var9 = U_Mate.gTexMat[6].z;
var10 = U_Mate.gTexMat[6].w;
var11 = TexMatrix(var5, var6, var7, var8, var9, var10);
var12 = U_Mate.gMatSpec.w;
var13 = TexParallaxX(var11, var12);
var14 = U_Mate.gTexMat[7].x;
var15 = U_Mate.gTexMat[7].y;
var16 = U_Mate.gTexMat[7].z;
var17 = U_Mate.gTexMat[7].w;
var18 = TexMatrix(var5, var6, var14, var15, var16, var17);
var19 = TexParallaxX(var18, var12);
var5 = Texture(s1, var13, var19).yyy;
var21 = vNormal.x;
var22 = vNormal.y;
var23 = vNormal.z;
var24 = NormalizeX(var21, var22, var23);
var25 = 0.5;
var26 = Fma(var24, var25, var25);
var27 = 1.0;
var28 = NormalizeY(var21, var22, var23);
var29 = Fma(var28, var25, var25);
var30 = Sub(var27, var29);
var6 = Texture(gIBL, var26, var30).www;
var7 = U_Mate.gMatAmb.www;
var8 = Mul(var6, var7);
var9 = Fma(var4, var5, var8);
var10 = U_Mate.gMatSpec.xyz;
var11 = [0.0, 0.0, 0.0];
var12 = Texture(gIBL, var26, var30).xyz;
var13 = U_Mate.gMatAmb.xyz;
var14 = Mul(var12, var13);
var15 = [-0.5, -0.5, -0.5];
var41 = vPos.x;
var42 = vPos.w;
var43 = Div(var41, var42);
var44 = Fma(var43, var25, var25);
var45 = vPos.y;
var46 = Div(var45, var42);
var40 = -0.5;
var47 = Fma(var46, var40, var25);
var16 = Texture(texLgt, var44, var47).xyz;
var17 = Fma(var14, var15, var16);
var18 = [10.0, 10.0, 10.0];
var19 = Min(var17, var18);
var20 = Max(var11, var19);
var21 = [2.0, 2.0, 2.0];
var22 = vNormal.xyz;
var23 = Normalize(var22).yyy;
var24 = Abs(var23);
var25 = U_Static.gLgtPreDir[0].zzz;
var26 = Normalize(var22).zzz;
var27 = U_Static.gLgtPreDir[0].yyy;
var28 = Normalize(var22).xxx;
var29 = U_Static.gLgtPreDir[0].xxx;
var30 = Mul(var28, var29);
var31 = Fma(var26, var27, var30);
var32 = Fma(var24, var25, var31);
var33 = [1.0, 1.0, 1.0];
var34 = Clamp(var32, var11, var33);
var35 = U_Static.gLgtPreCol[0].xyz;
var36 = Mul(var34, var35);
var37 = Texture(texShadow, var44, var47).xxx;
var38 = U_Static.gLgtPreDir[1].zzz;
var39 = U_Static.gLgtPreDir[1].yyy;
var40 = U_Static.gLgtPreDir[1].xxx;
var41 = Mul(var28, var40);
var42 = Fma(var26, var39, var41);
var43 = Fma(var24, var38, var42);
var44 = Clamp(var43, var11, var33);
var45 = U_Static.gLgtPreCol[1].xyz;
var46 = Mul(var44, var45);
var47 = Fma(var36, var37, var46);
var48 = Add(var14, var47);
var49 = Fma(var20, var21, var48);
var78 = U_Mate.gTexMat[0].x;
var79 = U_Mate.gTexMat[0].y;
var80 = U_Mate.gTexMat[0].z;
var81 = U_Mate.gTexMat[0].w;
var82 = TexMatrix(var5, var6, var78, var79, var80, var81);
var83 = U_Mate.gTexMat[4].x;
var84 = U_Mate.gTexMat[4].y;
var85 = U_Mate.gTexMat[4].z;
var86 = U_Mate.gTexMat[4].w;
var87 = TexMatrix(var5, var6, var83, var84, var85, var86);
var88 = U_Mate.gTexMat[5].x;
var89 = U_Mate.gTexMat[5].y;
var90 = U_Mate.gTexMat[5].z;
var91 = U_Mate.gTexMat[5].w;
var92 = TexMatrix(var5, var6, var88, var89, var90, var91);
var93 = Texture(s1, var87, var92).z;
var94 = TexParallaxX(var82, var93);
var95 = U_Mate.gTexMat[1].x;
var96 = U_Mate.gTexMat[1].y;
var97 = U_Mate.gTexMat[1].z;
var98 = U_Mate.gTexMat[1].w;
var99 = TexMatrix(var5, var6, var95, var96, var97, var98);
var100 = TexParallaxX(var99, var93);
var50 = Texture(s0, var94, var100).xyz;
var51 = vColor.xyz;
var52 = Mul(var50, var51);
var53 = Max(var11, var52);
var54 = U_Static.gCDep.www;
var55 = Power(var53, var54);
var56 = Mul(var49, var55);
var57 = Fma(var9, var10, var56);
var58 = U_Bone.data;
var59 = UintBitsToFloat(var58);
var60 = vPos.www;
var61 = vPos.zzz;
var62 = vPos.yyy;
var63 = vPos.xxx;
var64 = Mul(var59, var63);
var65 = Fma(var59, var62, var64);
var66 = Fma(var59, var61, var65);
var67 = Fma(var59, var60, var66);
var68 = Normalize(var67).yyy;
var69 = U_FOG.gFogPa[1].zzz;
var70 = Normalize(var67).zzz;
var71 = U_FOG.gFogPa[1].yyy;
var72 = Normalize(var67).xxx;
var73 = U_FOG.gFogPa[1].xxx;
var74 = Mul(var72, var73);
var75 = Fma(var70, var71, var74);
var76 = Fma(var68, var69, var75);
var77 = Clamp(var76, var11, var33);
var78 = U_FOG.gFogPa[4].www;
var79 = Power(var77, var78);
var80 = U_FOG.gFogPa[4].xyz;
var81 = U_FOG.gFogPa[0].zzz;
var82 = U_FOG.gFogPa[0].yyy;
var83 = U_FOG.gFogPa[0].xxx;
var84 = Mul(var72, var83);
var85 = Fma(var70, var82, var84);
var86 = Fma(var68, var81, var85);
var87 = Abs(var86);
var88 = Sub(var33, var87);
var89 = Clamp(var88, var11, var33);
var90 = U_FOG.gFogPa[3].www;
var91 = Power(var89, var90);
var92 = vp_c1.data[0].xxx;
var93 = [0.8, 0.8, 0.8];
var94 = Sub(var91, var93);
var95 = [5.0, 5.0, 5.0];
var96 = Mul(var94, var95);
var97 = Clamp(var96, var11, var33);
var98 = MulRatio(var91, var92, var97);
var99 = U_FOG.gFogPa[3].xyz;
var100 = U_FOG.gFogPa[2].xyz;
var101 = Fma(var98, var99, var100);
var102 = Fma(var79, var80, var101);
var103 = U_FOG.gFogPa[5].xxx;
var104 = Negate(var103);
var105 = Sub(var104, var67);
var106 = U_FOG.gFogPa[5].yyy;
var107 = Mul(var105, var106);
var108 = Clamp(var107, var11, var33);
var109 = U_FOG.gFogPa[5].zzz;
var110 = Power(var108, var109);
var111 = U_FOG.gFogPa[5].www;
var112 = Mul(var110, var111);
var113 = U_Mate.gWrkFl4.xxx;
var114 = Mul(var112, var113);
var115 = Mix(var57, var102, var114);
o0.xyz = var115;
