---
source: xc3_shader/src/database.rs
---
var0 = Min(100.0, U_Static.gLgtPreSpe[0].x);
var1 = Max(var0, 0.4);
var2 = TexMatrix(vTex0.x, vTex0.y, U_Mate.gTexMat[6].x, U_Mate.gTexMat[6].y, U_Mate.gTexMat[6].z, U_Mate.gTexMat[6].w);
var3 = TexParallaxX(var2, U_Mate.gMatSpec.w);
var4 = TexMatrix(vTex0.x, vTex0.y, U_Mate.gTexMat[7].x, U_Mate.gTexMat[7].y, U_Mate.gTexMat[7].z, U_Mate.gTexMat[7].w);
var5 = TexParallaxX(var4, U_Mate.gMatSpec.w);
var6 = NormalizeX(vNormal.x, vNormal.y, vNormal.z);
var7 = Fma(var6, 0.5, 0.5);
var8 = NormalizeY(vNormal.x, vNormal.y, vNormal.z);
var9 = Fma(var8, 0.5, 0.5);
var10 = Sub(1.0, var9);
var11 = Mul(Texture(gIBL, var7, var10).w, U_Mate.gMatAmb.w);
var12 = Fma(var1, Texture(s1, var3, var5).y, var11);
var13 = Mul(Texture(gIBL, var7, var10).x, U_Mate.gMatAmb.x);
var14 = Div(vPos.x, vPos.w);
var15 = Fma(var14, 0.5, 0.5);
var16 = Div(vPos.y, vPos.w);
var17 = Fma(var16, -0.5, 0.5);
var18 = Fma(var13, -0.5, Texture(texLgt, var15, var17).x);
var19 = Min(var18, 10.0);
var20 = Max(0.0, var19);
var21 = NormalizeZ(vNormal.x, vNormal.y, vNormal.z);
var22 = Abs(var21);
var23 = Mul(var6, U_Static.gLgtPreDir[0].x);
var24 = Fma(var8, U_Static.gLgtPreDir[0].y, var23);
var25 = Fma(var22, U_Static.gLgtPreDir[0].z, var24);
var26 = Clamp(var25, 0.0, 1.0);
var27 = Mul(var26, U_Static.gLgtPreCol[0].x);
var28 = Mul(var6, U_Static.gLgtPreDir[1].x);
var29 = Fma(var8, U_Static.gLgtPreDir[1].y, var28);
var30 = Fma(var22, U_Static.gLgtPreDir[1].z, var29);
var31 = Clamp(var30, 0.0, 1.0);
var32 = Mul(var31, U_Static.gLgtPreCol[1].x);
var33 = Fma(var27, Texture(texShadow, var15, var17).x, var32);
var34 = Add(var13, var33);
var35 = Fma(var20, 2.0, var34);
var36 = TexMatrix(vTex0.x, vTex0.y, U_Mate.gTexMat[0].x, U_Mate.gTexMat[0].y, U_Mate.gTexMat[0].z, U_Mate.gTexMat[0].w);
var37 = TexMatrix(vTex0.x, vTex0.y, U_Mate.gTexMat[4].x, U_Mate.gTexMat[4].y, U_Mate.gTexMat[4].z, U_Mate.gTexMat[4].w);
var38 = TexMatrix(vTex0.x, vTex0.y, U_Mate.gTexMat[5].x, U_Mate.gTexMat[5].y, U_Mate.gTexMat[5].z, U_Mate.gTexMat[5].w);
var39 = TexParallaxX(var36, Texture(s1, var37, var38).z);
var40 = TexMatrix(vTex0.x, vTex0.y, U_Mate.gTexMat[1].x, U_Mate.gTexMat[1].y, U_Mate.gTexMat[1].z, U_Mate.gTexMat[1].w);
var41 = TexParallaxX(var40, Texture(s1, var37, var38).z);
var42 = Mul(Texture(s0, var39, var41).x, vColor.x);
var43 = Max(0.0, var42);
var44 = Power(var43, U_Static.gCDep.w);
var45 = Mul(var35, var44);
var46 = Fma(var12, U_Mate.gMatSpec.x, var45);
var47 = UintBitsToFloat(U_Bone.data);
var48 = Mul(var47, vPos.x);
var49 = Fma(var47, vPos.y, var48);
var50 = Fma(var47, vPos.z, var49);
var51 = Fma(var47, vPos.w, var50);
var52 = NormalizeZ(var51, var51, var51);
var53 = NormalizeY(var51, var51, var51);
var54 = NormalizeX(var51, var51, var51);
var55 = Mul(var54, U_FOG.gFogPa[1].x);
var56 = Fma(var53, U_FOG.gFogPa[1].y, var55);
var57 = Fma(var52, U_FOG.gFogPa[1].z, var56);
var58 = Clamp(var57, 0.0, 1.0);
var59 = Power(var58, U_FOG.gFogPa[4].w);
var60 = Mul(var54, U_FOG.gFogPa[0].x);
var61 = Fma(var53, U_FOG.gFogPa[0].y, var60);
var62 = Fma(var52, U_FOG.gFogPa[0].z, var61);
var63 = Abs(var62);
var64 = Sub(1.0, var63);
var65 = Clamp(var64, 0.0, 1.0);
var66 = Power(var65, U_FOG.gFogPa[3].w);
var67 = Sub(var66, 0.8);
var68 = Mul(var67, 5.0);
var69 = Clamp(var68, 0.0, 1.0);
var70 = MulRatio(var66, vp_c1.data[0].x, var69);
var71 = Fma(var70, U_FOG.gFogPa[3].x, U_FOG.gFogPa[2].x);
var72 = Fma(var59, U_FOG.gFogPa[4].x, var71);
var73 = Negate(U_FOG.gFogPa[5].x);
var74 = Sub(var73, var51);
var75 = Mul(var74, U_FOG.gFogPa[5].y);
var76 = Clamp(var75, 0.0, 1.0);
var77 = Power(var76, U_FOG.gFogPa[5].z);
var78 = Mul(var77, U_FOG.gFogPa[5].w);
var79 = Mul(var78, U_Mate.gWrkFl4.x);
var80 = Mix(var46, var72, var79);
o0.x = var80;

var0 = Min(100.0, U_Static.gLgtPreSpe[0].y);
var1 = Max(var0, 0.4);
var2 = TexMatrix(vTex0.x, vTex0.y, U_Mate.gTexMat[6].x, U_Mate.gTexMat[6].y, U_Mate.gTexMat[6].z, U_Mate.gTexMat[6].w);
var3 = TexParallaxX(var2, U_Mate.gMatSpec.w);
var4 = TexMatrix(vTex0.x, vTex0.y, U_Mate.gTexMat[7].x, U_Mate.gTexMat[7].y, U_Mate.gTexMat[7].z, U_Mate.gTexMat[7].w);
var5 = TexParallaxX(var4, U_Mate.gMatSpec.w);
var6 = NormalizeX(vNormal.x, vNormal.y, vNormal.z);
var7 = Fma(var6, 0.5, 0.5);
var8 = NormalizeY(vNormal.x, vNormal.y, vNormal.z);
var9 = Fma(var8, 0.5, 0.5);
var10 = Sub(1.0, var9);
var11 = Mul(Texture(gIBL, var7, var10).w, U_Mate.gMatAmb.w);
var12 = Fma(var1, Texture(s1, var3, var5).y, var11);
var13 = Mul(Texture(gIBL, var7, var10).y, U_Mate.gMatAmb.y);
var14 = Div(vPos.x, vPos.w);
var15 = Fma(var14, 0.5, 0.5);
var16 = Div(vPos.y, vPos.w);
var17 = Fma(var16, -0.5, 0.5);
var18 = Fma(var13, -0.5, Texture(texLgt, var15, var17).y);
var19 = Min(var18, 10.0);
var20 = Max(0.0, var19);
var21 = NormalizeZ(vNormal.x, vNormal.y, vNormal.z);
var22 = Abs(var21);
var23 = Mul(var6, U_Static.gLgtPreDir[0].x);
var24 = Fma(var8, U_Static.gLgtPreDir[0].y, var23);
var25 = Fma(var22, U_Static.gLgtPreDir[0].z, var24);
var26 = Clamp(var25, 0.0, 1.0);
var27 = Mul(var26, U_Static.gLgtPreCol[0].y);
var28 = Mul(var6, U_Static.gLgtPreDir[1].x);
var29 = Fma(var8, U_Static.gLgtPreDir[1].y, var28);
var30 = Fma(var22, U_Static.gLgtPreDir[1].z, var29);
var31 = Clamp(var30, 0.0, 1.0);
var32 = Mul(var31, U_Static.gLgtPreCol[1].y);
var33 = Fma(var27, Texture(texShadow, var15, var17).x, var32);
var34 = Add(var13, var33);
var35 = Fma(var20, 2.0, var34);
var36 = TexMatrix(vTex0.x, vTex0.y, U_Mate.gTexMat[0].x, U_Mate.gTexMat[0].y, U_Mate.gTexMat[0].z, U_Mate.gTexMat[0].w);
var37 = TexMatrix(vTex0.x, vTex0.y, U_Mate.gTexMat[4].x, U_Mate.gTexMat[4].y, U_Mate.gTexMat[4].z, U_Mate.gTexMat[4].w);
var38 = TexMatrix(vTex0.x, vTex0.y, U_Mate.gTexMat[5].x, U_Mate.gTexMat[5].y, U_Mate.gTexMat[5].z, U_Mate.gTexMat[5].w);
var39 = TexParallaxX(var36, Texture(s1, var37, var38).z);
var40 = TexMatrix(vTex0.x, vTex0.y, U_Mate.gTexMat[1].x, U_Mate.gTexMat[1].y, U_Mate.gTexMat[1].z, U_Mate.gTexMat[1].w);
var41 = TexParallaxX(var40, Texture(s1, var37, var38).z);
var42 = Mul(Texture(s0, var39, var41).y, vColor.y);
var43 = Max(0.0, var42);
var44 = Power(var43, U_Static.gCDep.w);
var45 = Mul(var35, var44);
var46 = Fma(var12, U_Mate.gMatSpec.y, var45);
var47 = UintBitsToFloat(U_Bone.data);
var48 = Mul(var47, vPos.x);
var49 = Fma(var47, vPos.y, var48);
var50 = Fma(var47, vPos.z, var49);
var51 = Fma(var47, vPos.w, var50);
var52 = NormalizeZ(var51, var51, var51);
var53 = NormalizeY(var51, var51, var51);
var54 = NormalizeX(var51, var51, var51);
var55 = Mul(var54, U_FOG.gFogPa[1].x);
var56 = Fma(var53, U_FOG.gFogPa[1].y, var55);
var57 = Fma(var52, U_FOG.gFogPa[1].z, var56);
var58 = Clamp(var57, 0.0, 1.0);
var59 = Power(var58, U_FOG.gFogPa[4].w);
var60 = Mul(var54, U_FOG.gFogPa[0].x);
var61 = Fma(var53, U_FOG.gFogPa[0].y, var60);
var62 = Fma(var52, U_FOG.gFogPa[0].z, var61);
var63 = Abs(var62);
var64 = Sub(1.0, var63);
var65 = Clamp(var64, 0.0, 1.0);
var66 = Power(var65, U_FOG.gFogPa[3].w);
var67 = Sub(var66, 0.8);
var68 = Mul(var67, 5.0);
var69 = Clamp(var68, 0.0, 1.0);
var70 = MulRatio(var66, vp_c1.data[0].x, var69);
var71 = Fma(var70, U_FOG.gFogPa[3].y, U_FOG.gFogPa[2].y);
var72 = Fma(var59, U_FOG.gFogPa[4].y, var71);
var73 = Negate(U_FOG.gFogPa[5].x);
var74 = Sub(var73, var51);
var75 = Mul(var74, U_FOG.gFogPa[5].y);
var76 = Clamp(var75, 0.0, 1.0);
var77 = Power(var76, U_FOG.gFogPa[5].z);
var78 = Mul(var77, U_FOG.gFogPa[5].w);
var79 = Mul(var78, U_Mate.gWrkFl4.x);
var80 = Mix(var46, var72, var79);
o0.y = var80;

var0 = Min(100.0, U_Static.gLgtPreSpe[0].z);
var1 = Max(var0, 0.4);
var2 = TexMatrix(vTex0.x, vTex0.y, U_Mate.gTexMat[6].x, U_Mate.gTexMat[6].y, U_Mate.gTexMat[6].z, U_Mate.gTexMat[6].w);
var3 = TexParallaxX(var2, U_Mate.gMatSpec.w);
var4 = TexMatrix(vTex0.x, vTex0.y, U_Mate.gTexMat[7].x, U_Mate.gTexMat[7].y, U_Mate.gTexMat[7].z, U_Mate.gTexMat[7].w);
var5 = TexParallaxX(var4, U_Mate.gMatSpec.w);
var6 = NormalizeX(vNormal.x, vNormal.y, vNormal.z);
var7 = Fma(var6, 0.5, 0.5);
var8 = NormalizeY(vNormal.x, vNormal.y, vNormal.z);
var9 = Fma(var8, 0.5, 0.5);
var10 = Sub(1.0, var9);
var11 = Mul(Texture(gIBL, var7, var10).w, U_Mate.gMatAmb.w);
var12 = Fma(var1, Texture(s1, var3, var5).y, var11);
var13 = Mul(Texture(gIBL, var7, var10).z, U_Mate.gMatAmb.z);
var14 = Div(vPos.x, vPos.w);
var15 = Fma(var14, 0.5, 0.5);
var16 = Div(vPos.y, vPos.w);
var17 = Fma(var16, -0.5, 0.5);
var18 = Fma(var13, -0.5, Texture(texLgt, var15, var17).z);
var19 = Min(var18, 10.0);
var20 = Max(0.0, var19);
var21 = NormalizeZ(vNormal.x, vNormal.y, vNormal.z);
var22 = Abs(var21);
var23 = Mul(var6, U_Static.gLgtPreDir[0].x);
var24 = Fma(var8, U_Static.gLgtPreDir[0].y, var23);
var25 = Fma(var22, U_Static.gLgtPreDir[0].z, var24);
var26 = Clamp(var25, 0.0, 1.0);
var27 = Mul(var26, U_Static.gLgtPreCol[0].z);
var28 = Mul(var6, U_Static.gLgtPreDir[1].x);
var29 = Fma(var8, U_Static.gLgtPreDir[1].y, var28);
var30 = Fma(var22, U_Static.gLgtPreDir[1].z, var29);
var31 = Clamp(var30, 0.0, 1.0);
var32 = Mul(var31, U_Static.gLgtPreCol[1].z);
var33 = Fma(var27, Texture(texShadow, var15, var17).x, var32);
var34 = Add(var13, var33);
var35 = Fma(var20, 2.0, var34);
var36 = TexMatrix(vTex0.x, vTex0.y, U_Mate.gTexMat[0].x, U_Mate.gTexMat[0].y, U_Mate.gTexMat[0].z, U_Mate.gTexMat[0].w);
var37 = TexMatrix(vTex0.x, vTex0.y, U_Mate.gTexMat[4].x, U_Mate.gTexMat[4].y, U_Mate.gTexMat[4].z, U_Mate.gTexMat[4].w);
var38 = TexMatrix(vTex0.x, vTex0.y, U_Mate.gTexMat[5].x, U_Mate.gTexMat[5].y, U_Mate.gTexMat[5].z, U_Mate.gTexMat[5].w);
var39 = TexParallaxX(var36, Texture(s1, var37, var38).z);
var40 = TexMatrix(vTex0.x, vTex0.y, U_Mate.gTexMat[1].x, U_Mate.gTexMat[1].y, U_Mate.gTexMat[1].z, U_Mate.gTexMat[1].w);
var41 = TexParallaxX(var40, Texture(s1, var37, var38).z);
var42 = Mul(Texture(s0, var39, var41).z, vColor.z);
var43 = Max(0.0, var42);
var44 = Power(var43, U_Static.gCDep.w);
var45 = Mul(var35, var44);
var46 = Fma(var12, U_Mate.gMatSpec.z, var45);
var47 = UintBitsToFloat(U_Bone.data);
var48 = Mul(var47, vPos.x);
var49 = Fma(var47, vPos.y, var48);
var50 = Fma(var47, vPos.z, var49);
var51 = Fma(var47, vPos.w, var50);
var52 = NormalizeZ(var51, var51, var51);
var53 = NormalizeY(var51, var51, var51);
var54 = NormalizeX(var51, var51, var51);
var55 = Mul(var54, U_FOG.gFogPa[1].x);
var56 = Fma(var53, U_FOG.gFogPa[1].y, var55);
var57 = Fma(var52, U_FOG.gFogPa[1].z, var56);
var58 = Clamp(var57, 0.0, 1.0);
var59 = Power(var58, U_FOG.gFogPa[4].w);
var60 = Mul(var54, U_FOG.gFogPa[0].x);
var61 = Fma(var53, U_FOG.gFogPa[0].y, var60);
var62 = Fma(var52, U_FOG.gFogPa[0].z, var61);
var63 = Abs(var62);
var64 = Sub(1.0, var63);
var65 = Clamp(var64, 0.0, 1.0);
var66 = Power(var65, U_FOG.gFogPa[3].w);
var67 = Sub(var66, 0.8);
var68 = Mul(var67, 5.0);
var69 = Clamp(var68, 0.0, 1.0);
var70 = MulRatio(var66, vp_c1.data[0].x, var69);
var71 = Fma(var70, U_FOG.gFogPa[3].z, U_FOG.gFogPa[2].z);
var72 = Fma(var59, U_FOG.gFogPa[4].z, var71);
var73 = Negate(U_FOG.gFogPa[5].x);
var74 = Sub(var73, var51);
var75 = Mul(var74, U_FOG.gFogPa[5].y);
var76 = Clamp(var75, 0.0, 1.0);
var77 = Power(var76, U_FOG.gFogPa[5].z);
var78 = Mul(var77, U_FOG.gFogPa[5].w);
var79 = Mul(var78, U_Mate.gWrkFl4.x);
var80 = Mix(var46, var72, var79);
o0.z = var80;

var0 = TexMatrix(vTex0.x, vTex0.y, U_Mate.gTexMat[2].x, U_Mate.gTexMat[2].y, U_Mate.gTexMat[2].z, U_Mate.gTexMat[2].w);
var1 = TexMatrix(vTex0.x, vTex0.y, U_Mate.gTexMat[3].x, U_Mate.gTexMat[3].y, U_Mate.gTexMat[3].z, U_Mate.gTexMat[3].w);
var2 = Mul(Texture(s0, var0, var1).w, vColor.w);
var3 = Mul(var2, U_Mate.gAlInf.z);
o0.w = var3;

var0 = Div(vPos.x, vPos.w);
var1 = Fma(var0, 0.5, 0.5);
var2 = Div(vPos.y, vPos.w);
var3 = Fma(var2, -0.5, 0.5);
var4 = Mul(Texture(texDep, var1, var3).x, 0.12451172);
var5 = Fma(Texture(texDep, var1, var3).y, 31.875, var4);
var6 = Fma(Texture(texDep, var1, var3).z, 8160.0, var5);
var7 = Sub(var6, vPos.z);
var8 = Abs(var7);
var9 = Mul(var8, 25.0);
var10 = Floor(var9);
var11 = Sub(1.0, var10);
var12 = Clamp(var11, 0.0, 1.0);
var13 = LessEqual(var12, 0.0);
discard = var13;

var0 = Min([100.0, 100.0, 100.0], U_Static.gLgtPreSpe[0].xyz);
var1 = Max(var0, [0.4, 0.4, 0.4]);
var0 = TexMatrix(vTex0.x, vTex0.y, U_Mate.gTexMat[6].x, U_Mate.gTexMat[6].y, U_Mate.gTexMat[6].z, U_Mate.gTexMat[6].w);
var1 = TexParallaxX(var0, U_Mate.gMatSpec.w);
var2 = TexMatrix(vTex0.x, vTex0.y, U_Mate.gTexMat[7].x, U_Mate.gTexMat[7].y, U_Mate.gTexMat[7].z, U_Mate.gTexMat[7].w);
var3 = TexParallaxX(var2, U_Mate.gMatSpec.w);
var4 = NormalizeX(vNormal.x, vNormal.y, vNormal.z);
var5 = Fma(var4, 0.5, 0.5);
var6 = NormalizeY(vNormal.x, vNormal.y, vNormal.z);
var7 = Fma(var6, 0.5, 0.5);
var8 = Sub(1.0, var7);
var2 = Mul(Texture(gIBL, var5, var8).www, U_Mate.gMatAmb.www);
var3 = Fma(var1, Texture(s1, var1, var3).yyy, var2);
var4 = Mul(Texture(gIBL, var5, var8).xyz, U_Mate.gMatAmb.xyz);
var9 = Div(vPos.x, vPos.w);
var10 = Fma(var9, 0.5, 0.5);
var11 = Div(vPos.y, vPos.w);
var12 = Fma(var11, -0.5, 0.5);
var5 = Fma(var4, [-0.5, -0.5, -0.5], Texture(texLgt, var10, var12).xyz);
var6 = Min(var5, [10.0, 10.0, 10.0]);
var7 = Max([0.0, 0.0, 0.0], var6);
var8 = Normalize(vNormal.xyz).yyy;
var9 = Abs(var8);
var10 = Normalize(vNormal.xyz).zzz;
var11 = Normalize(vNormal.xyz).xxx;
var12 = Mul(var11, U_Static.gLgtPreDir[0].xxx);
var13 = Fma(var10, U_Static.gLgtPreDir[0].yyy, var12);
var14 = Fma(var9, U_Static.gLgtPreDir[0].zzz, var13);
var15 = Clamp(var14, [0.0, 0.0, 0.0], [1.0, 1.0, 1.0]);
var16 = Mul(var15, U_Static.gLgtPreCol[0].xyz);
var17 = Mul(var11, U_Static.gLgtPreDir[1].xxx);
var18 = Fma(var10, U_Static.gLgtPreDir[1].yyy, var17);
var19 = Fma(var9, U_Static.gLgtPreDir[1].zzz, var18);
var20 = Clamp(var19, [0.0, 0.0, 0.0], [1.0, 1.0, 1.0]);
var21 = Mul(var20, U_Static.gLgtPreCol[1].xyz);
var22 = Fma(var16, Texture(texShadow, var10, var12).xxx, var21);
var23 = Add(var4, var22);
var24 = Fma(var7, [2.0, 2.0, 2.0], var23);
var13 = TexMatrix(vTex0.x, vTex0.y, U_Mate.gTexMat[0].x, U_Mate.gTexMat[0].y, U_Mate.gTexMat[0].z, U_Mate.gTexMat[0].w);
var14 = TexMatrix(vTex0.x, vTex0.y, U_Mate.gTexMat[4].x, U_Mate.gTexMat[4].y, U_Mate.gTexMat[4].z, U_Mate.gTexMat[4].w);
var15 = TexMatrix(vTex0.x, vTex0.y, U_Mate.gTexMat[5].x, U_Mate.gTexMat[5].y, U_Mate.gTexMat[5].z, U_Mate.gTexMat[5].w);
var16 = TexParallaxX(var13, Texture(s1, var14, var15).z);
var17 = TexMatrix(vTex0.x, vTex0.y, U_Mate.gTexMat[1].x, U_Mate.gTexMat[1].y, U_Mate.gTexMat[1].z, U_Mate.gTexMat[1].w);
var18 = TexParallaxX(var17, Texture(s1, var14, var15).z);
var25 = Mul(Texture(s0, var16, var18).xyz, vColor.xyz);
var26 = Max([0.0, 0.0, 0.0], var25);
var27 = Power(var26, U_Static.gCDep.www);
var28 = Mul(var24, var27);
var29 = Fma(var3, U_Mate.gMatSpec.xyz, var28);
var30 = UintBitsToFloat(U_Bone.data);
var31 = Mul(var30, vPos.xxx);
var32 = Fma(var30, vPos.yyy, var31);
var33 = Fma(var30, vPos.zzz, var32);
var34 = Fma(var30, vPos.www, var33);
var35 = Normalize(var34).yyy;
var36 = Normalize(var34).zzz;
var37 = Normalize(var34).xxx;
var38 = Mul(var37, U_FOG.gFogPa[1].xxx);
var39 = Fma(var36, U_FOG.gFogPa[1].yyy, var38);
var40 = Fma(var35, U_FOG.gFogPa[1].zzz, var39);
var41 = Clamp(var40, [0.0, 0.0, 0.0], [1.0, 1.0, 1.0]);
var42 = Power(var41, U_FOG.gFogPa[4].www);
var43 = Mul(var37, U_FOG.gFogPa[0].xxx);
var44 = Fma(var36, U_FOG.gFogPa[0].yyy, var43);
var45 = Fma(var35, U_FOG.gFogPa[0].zzz, var44);
var46 = Abs(var45);
var47 = Sub([1.0, 1.0, 1.0], var46);
var48 = Clamp(var47, [0.0, 0.0, 0.0], [1.0, 1.0, 1.0]);
var49 = Power(var48, U_FOG.gFogPa[3].www);
var50 = Sub(var49, [0.8, 0.8, 0.8]);
var51 = Mul(var50, [5.0, 5.0, 5.0]);
var52 = Clamp(var51, [0.0, 0.0, 0.0], [1.0, 1.0, 1.0]);
var53 = MulRatio(var49, vp_c1.data[0].xxx, var52);
var54 = Fma(var53, U_FOG.gFogPa[3].xyz, U_FOG.gFogPa[2].xyz);
var55 = Fma(var42, U_FOG.gFogPa[4].xyz, var54);
var56 = Negate(U_FOG.gFogPa[5].xxx);
var57 = Sub(var56, var34);
var58 = Mul(var57, U_FOG.gFogPa[5].yyy);
var59 = Clamp(var58, [0.0, 0.0, 0.0], [1.0, 1.0, 1.0]);
var60 = Power(var59, U_FOG.gFogPa[5].zzz);
var61 = Mul(var60, U_FOG.gFogPa[5].www);
var62 = Mul(var61, U_Mate.gWrkFl4.xxx);
var63 = Mix(var29, var55, var62);
o0.xyz = var63;
