---
source: xc3_shader/src/database.rs
---
var0 = NormalizeZ(U_Static.gNewRimLgtPreDir.x, U_Static.gNewRimLgtPreDir.y, U_Static.gNewRimLgtPreDir.z);
var1 = NormalMapZ(Texture(s1, vTex0.x, vTex0.y).x, Texture(s1, vTex0.x, vTex0.y).y);
var2 = Abs(var1);
var3 = NormalMapY(Texture(s1, vTex0.x, vTex0.y).x, Texture(s1, vTex0.x, vTex0.y).y);
var4 = NormalizeY(U_Static.gNewRimLgtPreDir.x, U_Static.gNewRimLgtPreDir.y, U_Static.gNewRimLgtPreDir.z);
var5 = NormalMapX(Texture(s1, vTex0.x, vTex0.y).x, Texture(s1, vTex0.x, vTex0.y).y);
var6 = NormalizeX(U_Static.gNewRimLgtPreDir.x, U_Static.gNewRimLgtPreDir.y, U_Static.gNewRimLgtPreDir.z);
var7 = Mul(var5, var6);
var8 = Fma(var3, var4, var7);
var9 = Fma(var0, var2, var8);
var10 = Fma(var9, 0.5, 0.5);
var11 = Clamp(var10, 0.0, 1.0);
var12 = Power(var11, U_Mate.gWrkCol[1].x);
var13 = SkinPointX(vPos.x, vPos.y, vPos.z);
var14 = SkinPointY(vPos.x, vPos.y, vPos.z);
var15 = SkinPointZ(vPos.x, vPos.y, vPos.z);
var16 = NormalizeZ(var13, var14, var15);
var17 = Negate(var2);
var18 = NormalizeY(var13, var14, var15);
var19 = Negate(var18);
var20 = NormalizeX(var13, var14, var15);
var21 = Negate(var20);
var22 = Mul(var5, var21);
var23 = Fma(var3, var19, var22);
var24 = Fma(var16, var17, var23);
var25 = Abs(var24);
var26 = Sub(1.0, var25);
var27 = Clamp(var26, 0.0, 1.0);
var28 = Power(var27, U_Mate.gWrkCol[1].x);
var29 = Mul(var12, var28);
var30 = Mul(var29, U_Static.gNewRimLgtPreCol.x);
var31 = Mul(var30, U_Mate.gWrkCol[1].y);
var32 = Mul(var31, U_Mate.gWrkCol[2].x);
var33 = MulRatio(var32, U_Static.gNewRimLgtPreCol.w, var32);
var34 = NormalizeX(vBitan.x, vBitan.y, vBitan.z);
var35 = NormalizeY(vBitan.x, vBitan.y, vBitan.z);
var36 = NormalizeZ(vBitan.x, vBitan.y, vBitan.z);
var37 = NormalizeX(var34, var35, var36);
var38 = Mix(var37, Texture(s0, vTex0.x, vTex0.y).x, var5);
var39 = NormalizeY(var34, var35, var36);
var40 = Mix(var39, Texture(s0, vTex0.x, vTex0.y).x, var3);
var41 = NormalizeZ(var34, var35, var36);
var42 = Mix(var41, Texture(s0, vTex0.x, vTex0.y).x, var2);
var43 = NormalizeZ(var38, var40, var42);
var44 = Add(var43, 1.0);
var45 = Clamp(var44, 0.0, 1.0);
var46 = Fma(var45, -2.0, 3.0);
var47 = Mul(var45, var45);
var48 = Mul(var46, var47);
var49 = Negate(var43);
var50 = Fma(var43, var49, 1.0);
var51 = Sqrt(var50);
var52 = Mul(U_Mate.gMatSpec.w, 400.0);
var53 = Power(var51, var52);
var54 = Sub(Texture(s0, vTex0.x, vTex0.y).x, 0.5);
var55 = Negate(var54);
var56 = Fma(var5, var55, var37);
var57 = Fma(var3, var55, var39);
var58 = Mix(var41, Texture(s0, vTex0.x, vTex0.y).x, var17);
var59 = NormalizeZ(var56, var57, var58);
var60 = Add(var59, 1.0);
var61 = Clamp(var60, 0.0, 1.0);
var62 = Fma(var61, -2.0, 3.0);
var63 = Mul(var61, var61);
var64 = Mul(var62, var63);
var65 = Negate(var59);
var66 = Fma(var59, var65, 1.0);
var67 = Sqrt(var66);
var68 = Power(var67, var52);
var69 = Mul(var64, var68);
var70 = Fma(var48, var53, var69);
var71 = Mul(var70, 0.25);
var72 = Clamp(var71, 0.0, 1.0);
var73 = Mul(var72, U_Static.gLgtPreSpe[0].x);
var74 = Mul(var5, U_Static.gLgtPreDir[0].x);
var75 = Fma(var3, U_Static.gLgtPreDir[0].y, var74);
var76 = Fma(var2, U_Static.gLgtPreDir[0].z, var75);
var77 = Fma(var76, 0.6, 0.4);
var78 = Clamp(var77, 0.0, 1.0);
var79 = Mul(var73, var78);
var80 = MatMulPointProjX(var13, var14, var15);
var81 = MatMulPointProjW(var13, var14, var15);
var82 = Div(var80, var81);
var83 = Fma(var82, 0.5, 0.5);
var84 = MatMulPointProjY(var13, var14, var15);
var85 = Div(var84, var81);
var86 = Fma(var85, -0.5, 0.5);
var87 = Fma(Texture(texShadow, var83, var86).x, 0.75, 0.25);
var88 = Mul(var79, var87);
var89 = Fma(var5, 0.5, 0.5);
var90 = Fma(var3, 0.5, 0.5);
var91 = Sub(1.0, var90);
var92 = Mul(Texture(gIBL, var89, var91).x, U_Mate.gMatAmb.x);
var93 = Fma(var92, -0.5, Texture(texLgt, var83, var86).x);
var94 = Min(var93, 10.0);
var95 = Max(0.0, var94);
var96 = Clamp(var76, 0.0, 1.0);
var97 = Mul(Texture(texShadow, var83, var86).x, var96);
var98 = Fma(var76, 0.5, 0.5);
var99 = MulRatio(var97, var98, U_Static.gLgtPreCol[0].w);
var100 = Mul(var5, U_Static.gLgtPreDir[1].x);
var101 = Fma(var3, U_Static.gLgtPreDir[1].y, var100);
var102 = Fma(var2, U_Static.gLgtPreDir[1].z, var101);
var103 = Clamp(var102, 0.0, 1.0);
var104 = Mul(Texture(texShadow, var83, var86).x, var103);
var105 = MulRatio(var104, var87, U_Static.gLgtPreCol[0].w);
var106 = Mul(var105, U_Static.gLgtPreCol[1].x);
var107 = Fma(var99, U_Static.gLgtPreCol[0].x, var106);
var108 = Add(var107, var92);
var109 = Fma(var95, 2.0, var108);
var110 = Mix(U_Mate.gWrkCol[0].x, Texture(s0, vTex0.x, vTex0.y).x, U_Mate.gWrkFl4.x);
var111 = Mul(var110, vColor.x);
var112 = Max(0.0, var111);
var113 = Power(var112, U_Static.gCDep.w);
var114 = Mul(var109, var113);
var115 = Fma(var88, U_Mate.gMatSpec.x, var114);
var116 = Fma(var33, U_Static.gNewRimLgtPreDir.w, var115);
var117 = Mul(var20, U_FOG.gFogPa[1].x);
var118 = Fma(var18, U_FOG.gFogPa[1].y, var117);
var119 = Fma(var16, U_FOG.gFogPa[1].z, var118);
var120 = Clamp(var119, 0.0, 1.0);
var121 = Power(var120, U_FOG.gFogPa[4].w);
var122 = Mul(var20, U_FOG.gFogPa[0].x);
var123 = Fma(var18, U_FOG.gFogPa[0].y, var122);
var124 = Fma(var16, U_FOG.gFogPa[0].z, var123);
var125 = Abs(var124);
var126 = Sub(1.0, var125);
var127 = Clamp(var126, 0.0, 1.0);
var128 = Power(var127, U_FOG.gFogPa[3].w);
var129 = Sub(var128, 0.8);
var130 = Mul(var129, 5.0);
var131 = Clamp(var130, 0.0, 1.0);
var132 = MulRatio(var128, vp_c1.data[0].x, var131);
var133 = Fma(var132, U_FOG.gFogPa[3].x, U_FOG.gFogPa[2].x);
var134 = Fma(var121, U_FOG.gFogPa[4].x, var133);
var135 = Negate(U_FOG.gFogPa[5].x);
var136 = Sub(var135, var15);
var137 = Mul(var136, U_FOG.gFogPa[5].y);
var138 = Clamp(var137, 0.0, 1.0);
var139 = Power(var138, U_FOG.gFogPa[5].z);
var140 = Mul(var139, U_FOG.gFogPa[5].w);
var141 = Mul(var140, U_Mate.gWrkFl4.y);
var142 = Mix(var116, var134, var141);
o0.x = var142;

var0 = NormalizeZ(U_Static.gNewRimLgtPreDir.x, U_Static.gNewRimLgtPreDir.y, U_Static.gNewRimLgtPreDir.z);
var1 = NormalMapZ(Texture(s1, vTex0.x, vTex0.y).x, Texture(s1, vTex0.x, vTex0.y).y);
var2 = Abs(var1);
var3 = NormalMapY(Texture(s1, vTex0.x, vTex0.y).x, Texture(s1, vTex0.x, vTex0.y).y);
var4 = NormalizeY(U_Static.gNewRimLgtPreDir.x, U_Static.gNewRimLgtPreDir.y, U_Static.gNewRimLgtPreDir.z);
var5 = NormalMapX(Texture(s1, vTex0.x, vTex0.y).x, Texture(s1, vTex0.x, vTex0.y).y);
var6 = NormalizeX(U_Static.gNewRimLgtPreDir.x, U_Static.gNewRimLgtPreDir.y, U_Static.gNewRimLgtPreDir.z);
var7 = Mul(var5, var6);
var8 = Fma(var3, var4, var7);
var9 = Fma(var0, var2, var8);
var10 = Fma(var9, 0.5, 0.5);
var11 = Clamp(var10, 0.0, 1.0);
var12 = Power(var11, U_Mate.gWrkCol[1].x);
var13 = SkinPointX(vPos.x, vPos.y, vPos.z);
var14 = SkinPointY(vPos.x, vPos.y, vPos.z);
var15 = SkinPointZ(vPos.x, vPos.y, vPos.z);
var16 = NormalizeZ(var13, var14, var15);
var17 = Negate(var2);
var18 = NormalizeY(var13, var14, var15);
var19 = Negate(var18);
var20 = NormalizeX(var13, var14, var15);
var21 = Negate(var20);
var22 = Mul(var5, var21);
var23 = Fma(var3, var19, var22);
var24 = Fma(var16, var17, var23);
var25 = Abs(var24);
var26 = Sub(1.0, var25);
var27 = Clamp(var26, 0.0, 1.0);
var28 = Power(var27, U_Mate.gWrkCol[1].x);
var29 = Mul(var12, var28);
var30 = Mul(var29, U_Static.gNewRimLgtPreCol.y);
var31 = Mul(var30, U_Mate.gWrkCol[1].y);
var32 = Mul(var31, U_Mate.gWrkCol[2].y);
var33 = MulRatio(var32, U_Static.gNewRimLgtPreCol.w, var32);
var34 = NormalizeX(vBitan.x, vBitan.y, vBitan.z);
var35 = NormalizeY(vBitan.x, vBitan.y, vBitan.z);
var36 = NormalizeZ(vBitan.x, vBitan.y, vBitan.z);
var37 = NormalizeX(var34, var35, var36);
var38 = Mix(var37, Texture(s0, vTex0.x, vTex0.y).x, var5);
var39 = NormalizeY(var34, var35, var36);
var40 = Mix(var39, Texture(s0, vTex0.x, vTex0.y).x, var3);
var41 = NormalizeZ(var34, var35, var36);
var42 = Mix(var41, Texture(s0, vTex0.x, vTex0.y).x, var2);
var43 = NormalizeZ(var38, var40, var42);
var44 = Add(var43, 1.0);
var45 = Clamp(var44, 0.0, 1.0);
var46 = Fma(var45, -2.0, 3.0);
var47 = Mul(var45, var45);
var48 = Mul(var46, var47);
var49 = Negate(var43);
var50 = Fma(var43, var49, 1.0);
var51 = Sqrt(var50);
var52 = Mul(U_Mate.gMatSpec.w, 400.0);
var53 = Power(var51, var52);
var54 = Sub(Texture(s0, vTex0.x, vTex0.y).x, 0.5);
var55 = Negate(var54);
var56 = Fma(var5, var55, var37);
var57 = Fma(var3, var55, var39);
var58 = Mix(var41, Texture(s0, vTex0.x, vTex0.y).x, var17);
var59 = NormalizeZ(var56, var57, var58);
var60 = Add(var59, 1.0);
var61 = Clamp(var60, 0.0, 1.0);
var62 = Fma(var61, -2.0, 3.0);
var63 = Mul(var61, var61);
var64 = Mul(var62, var63);
var65 = Negate(var59);
var66 = Fma(var59, var65, 1.0);
var67 = Sqrt(var66);
var68 = Power(var67, var52);
var69 = Mul(var64, var68);
var70 = Fma(var48, var53, var69);
var71 = Mul(var70, 0.25);
var72 = Clamp(var71, 0.0, 1.0);
var73 = Mul(var72, U_Static.gLgtPreSpe[0].y);
var74 = Mul(var5, U_Static.gLgtPreDir[0].x);
var75 = Fma(var3, U_Static.gLgtPreDir[0].y, var74);
var76 = Fma(var2, U_Static.gLgtPreDir[0].z, var75);
var77 = Fma(var76, 0.6, 0.4);
var78 = Clamp(var77, 0.0, 1.0);
var79 = Mul(var73, var78);
var80 = MatMulPointProjX(var13, var14, var15);
var81 = MatMulPointProjW(var13, var14, var15);
var82 = Div(var80, var81);
var83 = Fma(var82, 0.5, 0.5);
var84 = MatMulPointProjY(var13, var14, var15);
var85 = Div(var84, var81);
var86 = Fma(var85, -0.5, 0.5);
var87 = Fma(Texture(texShadow, var83, var86).x, 0.75, 0.25);
var88 = Mul(var79, var87);
var89 = Fma(var5, 0.5, 0.5);
var90 = Fma(var3, 0.5, 0.5);
var91 = Sub(1.0, var90);
var92 = Mul(Texture(gIBL, var89, var91).y, U_Mate.gMatAmb.y);
var93 = Fma(var92, -0.5, Texture(texLgt, var83, var86).y);
var94 = Min(var93, 10.0);
var95 = Max(0.0, var94);
var96 = Clamp(var76, 0.0, 1.0);
var97 = Mul(Texture(texShadow, var83, var86).x, var96);
var98 = Fma(var76, 0.5, 0.5);
var99 = MulRatio(var97, var98, U_Static.gLgtPreCol[0].w);
var100 = Mul(var5, U_Static.gLgtPreDir[1].x);
var101 = Fma(var3, U_Static.gLgtPreDir[1].y, var100);
var102 = Fma(var2, U_Static.gLgtPreDir[1].z, var101);
var103 = Clamp(var102, 0.0, 1.0);
var104 = Mul(Texture(texShadow, var83, var86).x, var103);
var105 = MulRatio(var104, var87, U_Static.gLgtPreCol[0].w);
var106 = Mul(var105, U_Static.gLgtPreCol[1].y);
var107 = Fma(var99, U_Static.gLgtPreCol[0].y, var106);
var108 = Add(var107, var92);
var109 = Fma(var95, 2.0, var108);
var110 = Mix(U_Mate.gWrkCol[0].y, Texture(s0, vTex0.x, vTex0.y).y, U_Mate.gWrkFl4.x);
var111 = Mul(var110, vColor.y);
var112 = Max(0.0, var111);
var113 = Power(var112, U_Static.gCDep.w);
var114 = Mul(var109, var113);
var115 = Fma(var88, U_Mate.gMatSpec.y, var114);
var116 = Fma(var33, U_Static.gNewRimLgtPreDir.w, var115);
var117 = Mul(var20, U_FOG.gFogPa[1].x);
var118 = Fma(var18, U_FOG.gFogPa[1].y, var117);
var119 = Fma(var16, U_FOG.gFogPa[1].z, var118);
var120 = Clamp(var119, 0.0, 1.0);
var121 = Power(var120, U_FOG.gFogPa[4].w);
var122 = Mul(var20, U_FOG.gFogPa[0].x);
var123 = Fma(var18, U_FOG.gFogPa[0].y, var122);
var124 = Fma(var16, U_FOG.gFogPa[0].z, var123);
var125 = Abs(var124);
var126 = Sub(1.0, var125);
var127 = Clamp(var126, 0.0, 1.0);
var128 = Power(var127, U_FOG.gFogPa[3].w);
var129 = Sub(var128, 0.8);
var130 = Mul(var129, 5.0);
var131 = Clamp(var130, 0.0, 1.0);
var132 = MulRatio(var128, vp_c1.data[0].x, var131);
var133 = Fma(var132, U_FOG.gFogPa[3].y, U_FOG.gFogPa[2].y);
var134 = Fma(var121, U_FOG.gFogPa[4].y, var133);
var135 = Negate(U_FOG.gFogPa[5].x);
var136 = Sub(var135, var15);
var137 = Mul(var136, U_FOG.gFogPa[5].y);
var138 = Clamp(var137, 0.0, 1.0);
var139 = Power(var138, U_FOG.gFogPa[5].z);
var140 = Mul(var139, U_FOG.gFogPa[5].w);
var141 = Mul(var140, U_Mate.gWrkFl4.y);
var142 = Mix(var116, var134, var141);
o0.y = var142;

var0 = NormalizeZ(U_Static.gNewRimLgtPreDir.x, U_Static.gNewRimLgtPreDir.y, U_Static.gNewRimLgtPreDir.z);
var1 = NormalMapZ(Texture(s1, vTex0.x, vTex0.y).x, Texture(s1, vTex0.x, vTex0.y).y);
var2 = Abs(var1);
var3 = NormalMapY(Texture(s1, vTex0.x, vTex0.y).x, Texture(s1, vTex0.x, vTex0.y).y);
var4 = NormalizeY(U_Static.gNewRimLgtPreDir.x, U_Static.gNewRimLgtPreDir.y, U_Static.gNewRimLgtPreDir.z);
var5 = NormalMapX(Texture(s1, vTex0.x, vTex0.y).x, Texture(s1, vTex0.x, vTex0.y).y);
var6 = NormalizeX(U_Static.gNewRimLgtPreDir.x, U_Static.gNewRimLgtPreDir.y, U_Static.gNewRimLgtPreDir.z);
var7 = Mul(var5, var6);
var8 = Fma(var3, var4, var7);
var9 = Fma(var0, var2, var8);
var10 = Fma(var9, 0.5, 0.5);
var11 = Clamp(var10, 0.0, 1.0);
var12 = Power(var11, U_Mate.gWrkCol[1].x);
var13 = SkinPointX(vPos.x, vPos.y, vPos.z);
var14 = SkinPointY(vPos.x, vPos.y, vPos.z);
var15 = SkinPointZ(vPos.x, vPos.y, vPos.z);
var16 = NormalizeZ(var13, var14, var15);
var17 = Negate(var2);
var18 = NormalizeY(var13, var14, var15);
var19 = Negate(var18);
var20 = NormalizeX(var13, var14, var15);
var21 = Negate(var20);
var22 = Mul(var5, var21);
var23 = Fma(var3, var19, var22);
var24 = Fma(var16, var17, var23);
var25 = Abs(var24);
var26 = Sub(1.0, var25);
var27 = Clamp(var26, 0.0, 1.0);
var28 = Power(var27, U_Mate.gWrkCol[1].x);
var29 = Mul(var12, var28);
var30 = Mul(var29, U_Static.gNewRimLgtPreCol.z);
var31 = Mul(var30, U_Mate.gWrkCol[1].y);
var32 = Mul(var31, U_Mate.gWrkCol[2].z);
var33 = MulRatio(var32, U_Static.gNewRimLgtPreCol.w, var32);
var34 = NormalizeX(vBitan.x, vBitan.y, vBitan.z);
var35 = NormalizeY(vBitan.x, vBitan.y, vBitan.z);
var36 = NormalizeZ(vBitan.x, vBitan.y, vBitan.z);
var37 = NormalizeX(var34, var35, var36);
var38 = Mix(var37, Texture(s0, vTex0.x, vTex0.y).x, var5);
var39 = NormalizeY(var34, var35, var36);
var40 = Mix(var39, Texture(s0, vTex0.x, vTex0.y).x, var3);
var41 = NormalizeZ(var34, var35, var36);
var42 = Mix(var41, Texture(s0, vTex0.x, vTex0.y).x, var2);
var43 = NormalizeZ(var38, var40, var42);
var44 = Add(var43, 1.0);
var45 = Clamp(var44, 0.0, 1.0);
var46 = Fma(var45, -2.0, 3.0);
var47 = Mul(var45, var45);
var48 = Mul(var46, var47);
var49 = Negate(var43);
var50 = Fma(var43, var49, 1.0);
var51 = Sqrt(var50);
var52 = Mul(U_Mate.gMatSpec.w, 400.0);
var53 = Power(var51, var52);
var54 = Sub(Texture(s0, vTex0.x, vTex0.y).x, 0.5);
var55 = Negate(var54);
var56 = Fma(var5, var55, var37);
var57 = Fma(var3, var55, var39);
var58 = Mix(var41, Texture(s0, vTex0.x, vTex0.y).x, var17);
var59 = NormalizeZ(var56, var57, var58);
var60 = Add(var59, 1.0);
var61 = Clamp(var60, 0.0, 1.0);
var62 = Fma(var61, -2.0, 3.0);
var63 = Mul(var61, var61);
var64 = Mul(var62, var63);
var65 = Negate(var59);
var66 = Fma(var59, var65, 1.0);
var67 = Sqrt(var66);
var68 = Power(var67, var52);
var69 = Mul(var64, var68);
var70 = Fma(var48, var53, var69);
var71 = Mul(var70, 0.25);
var72 = Clamp(var71, 0.0, 1.0);
var73 = Mul(var72, U_Static.gLgtPreSpe[0].z);
var74 = Mul(var5, U_Static.gLgtPreDir[0].x);
var75 = Fma(var3, U_Static.gLgtPreDir[0].y, var74);
var76 = Fma(var2, U_Static.gLgtPreDir[0].z, var75);
var77 = Fma(var76, 0.6, 0.4);
var78 = Clamp(var77, 0.0, 1.0);
var79 = Mul(var73, var78);
var80 = MatMulPointProjX(var13, var14, var15);
var81 = MatMulPointProjW(var13, var14, var15);
var82 = Div(var80, var81);
var83 = Fma(var82, 0.5, 0.5);
var84 = MatMulPointProjY(var13, var14, var15);
var85 = Div(var84, var81);
var86 = Fma(var85, -0.5, 0.5);
var87 = Fma(Texture(texShadow, var83, var86).x, 0.75, 0.25);
var88 = Mul(var79, var87);
var89 = Fma(var5, 0.5, 0.5);
var90 = Fma(var3, 0.5, 0.5);
var91 = Sub(1.0, var90);
var92 = Mul(Texture(gIBL, var89, var91).z, U_Mate.gMatAmb.z);
var93 = Fma(var92, -0.5, Texture(texLgt, var83, var86).z);
var94 = Min(var93, 10.0);
var95 = Max(0.0, var94);
var96 = Clamp(var76, 0.0, 1.0);
var97 = Mul(Texture(texShadow, var83, var86).x, var96);
var98 = Fma(var76, 0.5, 0.5);
var99 = MulRatio(var97, var98, U_Static.gLgtPreCol[0].w);
var100 = Mul(var5, U_Static.gLgtPreDir[1].x);
var101 = Fma(var3, U_Static.gLgtPreDir[1].y, var100);
var102 = Fma(var2, U_Static.gLgtPreDir[1].z, var101);
var103 = Clamp(var102, 0.0, 1.0);
var104 = Mul(Texture(texShadow, var83, var86).x, var103);
var105 = MulRatio(var104, var87, U_Static.gLgtPreCol[0].w);
var106 = Mul(var105, U_Static.gLgtPreCol[1].z);
var107 = Fma(var99, U_Static.gLgtPreCol[0].z, var106);
var108 = Add(var107, var92);
var109 = Fma(var95, 2.0, var108);
var110 = Mix(U_Mate.gWrkCol[0].z, Texture(s0, vTex0.x, vTex0.y).z, U_Mate.gWrkFl4.x);
var111 = Mul(var110, vColor.z);
var112 = Max(0.0, var111);
var113 = Power(var112, U_Static.gCDep.w);
var114 = Mul(var109, var113);
var115 = Fma(var88, U_Mate.gMatSpec.z, var114);
var116 = Fma(var33, U_Static.gNewRimLgtPreDir.w, var115);
var117 = Mul(var20, U_FOG.gFogPa[1].x);
var118 = Fma(var18, U_FOG.gFogPa[1].y, var117);
var119 = Fma(var16, U_FOG.gFogPa[1].z, var118);
var120 = Clamp(var119, 0.0, 1.0);
var121 = Power(var120, U_FOG.gFogPa[4].w);
var122 = Mul(var20, U_FOG.gFogPa[0].x);
var123 = Fma(var18, U_FOG.gFogPa[0].y, var122);
var124 = Fma(var16, U_FOG.gFogPa[0].z, var123);
var125 = Abs(var124);
var126 = Sub(1.0, var125);
var127 = Clamp(var126, 0.0, 1.0);
var128 = Power(var127, U_FOG.gFogPa[3].w);
var129 = Sub(var128, 0.8);
var130 = Mul(var129, 5.0);
var131 = Clamp(var130, 0.0, 1.0);
var132 = MulRatio(var128, vp_c1.data[0].x, var131);
var133 = Fma(var132, U_FOG.gFogPa[3].z, U_FOG.gFogPa[2].z);
var134 = Fma(var121, U_FOG.gFogPa[4].z, var133);
var135 = Negate(U_FOG.gFogPa[5].x);
var136 = Sub(var135, var15);
var137 = Mul(var136, U_FOG.gFogPa[5].y);
var138 = Clamp(var137, 0.0, 1.0);
var139 = Power(var138, U_FOG.gFogPa[5].z);
var140 = Mul(var139, U_FOG.gFogPa[5].w);
var141 = Mul(var140, U_Mate.gWrkFl4.y);
var142 = Mix(var116, var134, var141);
o0.z = var142;

var0 = Mul(Texture(s0, vTex0.x, vTex0.y).w, vColor.w);
var1 = Mul(var0, U_Mate.gAlInf.z);
var2 = Sub(2.0, U_Mate.gAlInf.y);
var3 = Mul(var1, var2);
var4 = Clamp(var3, 0.0, 1.0);
o0.w = var4;
