---
source: xc3_shader/src/database.rs
---
var0 = Mul(Texture(s2, vTex0.x, vTex0.y).y, 0.5);
var1 = NormalMapX(Texture(s1, vTex0.x, vTex0.y).x, Texture(s1, vTex0.x, vTex0.y).y);
var2 = Fma(var1, 0.5, 0.5);
var3 = Clamp(var2, 0.0, 1.0);
var4 = NormalMapY(Texture(s1, vTex0.x, vTex0.y).x, Texture(s1, vTex0.x, vTex0.y).y);
var5 = Fma(var4, 0.5, 0.5);
var6 = Sub(1.0, var5);
var7 = Clamp(var6, 0.0, 1.0);
var8 = Mul(Texture(gIBL, var3, var7).x, U_Mate.gMatAmb.x);
var9 = Mul(var0, var8);
o0.x = var9;

var0 = Mul(Texture(s2, vTex0.x, vTex0.y).y, 0.5);
var1 = NormalMapX(Texture(s1, vTex0.x, vTex0.y).x, Texture(s1, vTex0.x, vTex0.y).y);
var2 = Fma(var1, 0.5, 0.5);
var3 = Clamp(var2, 0.0, 1.0);
var4 = NormalMapY(Texture(s1, vTex0.x, vTex0.y).x, Texture(s1, vTex0.x, vTex0.y).y);
var5 = Fma(var4, 0.5, 0.5);
var6 = Sub(1.0, var5);
var7 = Clamp(var6, 0.0, 1.0);
var8 = Mul(Texture(gIBL, var3, var7).y, U_Mate.gMatAmb.y);
var9 = Mul(var0, var8);
o0.y = var9;

var0 = Mul(Texture(s2, vTex0.x, vTex0.y).y, 0.5);
var1 = NormalMapX(Texture(s1, vTex0.x, vTex0.y).x, Texture(s1, vTex0.x, vTex0.y).y);
var2 = Fma(var1, 0.5, 0.5);
var3 = Clamp(var2, 0.0, 1.0);
var4 = NormalMapY(Texture(s1, vTex0.x, vTex0.y).x, Texture(s1, vTex0.x, vTex0.y).y);
var5 = Fma(var4, 0.5, 0.5);
var6 = Sub(1.0, var5);
var7 = Clamp(var6, 0.0, 1.0);
var8 = Mul(Texture(gIBL, var3, var7).z, U_Mate.gMatAmb.z);
var9 = Mul(var0, var8);
o0.z = var9;

var0 = NormalMapX(Texture(s1, vTex0.x, vTex0.y).x, Texture(s1, vTex0.x, vTex0.y).y);
var1 = Fma(var0, 0.5, 0.5);
var2 = Clamp(var1, 0.0, 1.0);
var3 = NormalMapY(Texture(s1, vTex0.x, vTex0.y).x, Texture(s1, vTex0.x, vTex0.y).y);
var4 = Fma(var3, 0.5, 0.5);
var5 = Sub(1.0, var4);
var6 = Clamp(var5, 0.0, 1.0);
var7 = Mul(Texture(gIBL, var2, var6).w, 0.5);
var8 = Mul(var7, U_Mate.gMatAmb.w);
o0.w = var8;

var0 = Overlay(Texture(s0, vTex0.x, vTex0.y).x, U_CHR.gAvaSkin.x);
var1 = Mul(var0, vColor.x);
o1.x = var1;

var0 = Overlay(Texture(s0, vTex0.x, vTex0.y).y, U_CHR.gAvaSkin.y);
var1 = Mul(var0, vColor.y);
o1.y = var1;

var0 = Overlay(Texture(s0, vTex0.x, vTex0.y).z, U_CHR.gAvaSkin.z);
var1 = Mul(var0, vColor.z);
o1.z = var1;

o1.w = 0.0;

o2.x = Texture(s1, vTex0.x, vTex0.y).x;

o2.y = Texture(s1, vTex0.x, vTex0.y).y;

var0 = Mul(Texture(s2, vTex0.x, vTex0.y).z, U_CHR.gAvaSkin.w);
o3.x = var0;

var0 = Mul(Texture(s2, vTex0.x, vTex0.y).z, U_CHR.gAvaSkin.w);
o3.y = var0;

var0 = Mul(Texture(s2, vTex0.x, vTex0.y).z, U_CHR.gAvaSkin.w);
o3.z = var0;

o3.w = U_Mate.gWrkFl4.x;

var0 = SkinPointX(vPos.x, vPos.y, vPos.z);
var1 = SkinPointY(vPos.x, vPos.y, vPos.z);
var2 = SkinPointZ(vPos.x, vPos.y, vPos.z);
var3 = MatMulPointProjZ(var0, var1, var2);
var4 = Sub(var3, U_Static.gCDep.y);
var5 = Mul(var4, U_Static.gCDep.z);
var6 = Min(var5, 8191.9995);
var7 = Mul(var6, 8.0);
var8 = Floor(var7);
var9 = Sub(var7, var8);
var10 = Negate(var9);
var11 = Fma(0.0, var10, var9);
var12 = Mul(var11, 1.0039216);
o4.x = var12;

var0 = SkinPointX(vPos.x, vPos.y, vPos.z);
var1 = SkinPointY(vPos.x, vPos.y, vPos.z);
var2 = SkinPointZ(vPos.x, vPos.y, vPos.z);
var3 = MatMulPointProjZ(var0, var1, var2);
var4 = Sub(var3, U_Static.gCDep.y);
var5 = Mul(var4, U_Static.gCDep.z);
var6 = Min(var5, 8191.9995);
var7 = Mul(var6, 0.03125);
var8 = Floor(var7);
var9 = Sub(var7, var8);
var10 = Mul(var6, 8.0);
var11 = Mix(var9, var10, -0.00390625);
var12 = Mul(var11, 1.0039216);
o4.y = var12;

var0 = SkinPointX(vPos.x, vPos.y, vPos.z);
var1 = SkinPointY(vPos.x, vPos.y, vPos.z);
var2 = SkinPointZ(vPos.x, vPos.y, vPos.z);
var3 = MatMulPointProjZ(var0, var1, var2);
var4 = Sub(var3, U_Static.gCDep.y);
var5 = Mul(var4, U_Static.gCDep.z);
var6 = Min(var5, 8191.9995);
var7 = Mul(var6, 0.00012207031);
var8 = Floor(var7);
var9 = Sub(var7, var8);
var10 = Mul(var6, 0.03125);
var11 = Mix(var9, var10, -0.00390625);
var12 = Mul(var11, 1.0039216);
o4.z = var12;

o4.w = Texture(s2, vTex0.x, vTex0.y).x;

o6.x = 1.0;

o6.y = Texture(s3, vTex0.x, vTex0.y).x;

o6.z = Texture(s3, vTex0.x, vTex0.y).y;

o6.w = 0.0;

o2.z = Texture(s2, vTex0.x, vTex0.y).y;

var0 = Mul(Texture(s2, vTex0.x, vTex0.y).yyy, [0.5, 0.5, 0.5]);
var0 = NormalMapX(Texture(s1, vTex0.x, vTex0.y).x, Texture(s1, vTex0.x, vTex0.y).y);
var1 = Fma(var0, 0.5, 0.5);
var2 = Clamp(var1, 0.0, 1.0);
var3 = NormalMapY(Texture(s1, vTex0.x, vTex0.y).x, Texture(s1, vTex0.x, vTex0.y).y);
var4 = Fma(var3, 0.5, 0.5);
var5 = Sub(1.0, var4);
var6 = Clamp(var5, 0.0, 1.0);
var1 = Mul(Texture(gIBL, var2, var6).xyz, U_Mate.gMatAmb.xyz);
var2 = Mul(var0, var1);
o0.xyz = var2;

var0 = Overlay(Texture(s0, vTex0.x, vTex0.y).xyz, U_CHR.gAvaSkin.xyz);
var1 = Mul(var0, vColor.xyz);
o1.xyz = var1;

var0 = Mul(Texture(s2, vTex0.x, vTex0.y).zzz, U_CHR.gAvaSkin.www);
o3.xyz = var0;
