---
source: xc3_shader/src/database.rs
---
var0 = NormalizeZ(U_Static.gNewRimLgtPreDir.x, U_Static.gNewRimLgtPreDir.y, U_Static.gNewRimLgtPreDir.z);
var1 = NormalMapZ(Texture(s1, vTex0.x, vTex0.y).x, Texture(s1, vTex0.x, vTex0.y).y);
var2 = Abs(var1);
var3 = NormalMapY(Texture(s1, vTex0.x, vTex0.y).x, Texture(s1, vTex0.x, vTex0.y).y);
var4 = NormalizeY(U_Static.gNewRimLgtPreDir.x, U_Static.gNewRimLgtPreDir.y, U_Static.gNewRimLgtPreDir.z);
var5 = NormalMapX(Texture(s1, vTex0.x, vTex0.y).x, Texture(s1, vTex0.x, vTex0.y).y);
var6 = NormalizeX(U_Static.gNewRimLgtPreDir.x, U_Static.gNewRimLgtPreDir.y, U_Static.gNewRimLgtPreDir.z);
var7 = Mul(var5, var6);
var8 = Fma(var3, var4, var7);
var9 = Fma(var0, var2, var8);
var10 = Fma(var9, 0.5, 0.5);
var11 = Clamp(var10, 0.0, 1.0);
var12 = Power(var11, U_Mate.gWrkCol[1].x);
var13 = NormalizeZ(vPos.x, vPos.y, vPos.z);
var14 = Negate(var2);
var15 = NormalizeY(vPos.x, vPos.y, vPos.z);
var16 = Negate(var15);
var17 = NormalizeX(vPos.x, vPos.y, vPos.z);
var18 = Negate(var17);
var19 = Mul(var5, var18);
var20 = Fma(var3, var16, var19);
var21 = Fma(var13, var14, var20);
var22 = Abs(var21);
var23 = Sub(1.0, var22);
var24 = Clamp(var23, 0.0, 1.0);
var25 = Power(var24, U_Mate.gWrkCol[1].x);
var26 = Mul(var12, var25);
var27 = Mul(var26, U_Static.gNewRimLgtPreCol.x);
var28 = Mul(var27, U_Mate.gWrkCol[1].y);
var29 = Mul(var28, U_Mate.gWrkCol[2].x);
var30 = MulRatio(var29, U_Static.gNewRimLgtPreCol.w, var29);
var31 = NormalizeX(vBitan.x, vBitan.y, vBitan.z);
var32 = NormalizeY(vBitan.x, vBitan.y, vBitan.z);
var33 = NormalizeZ(vBitan.x, vBitan.y, vBitan.z);
var34 = NormalizeX(var31, var32, var33);
var35 = Mix(var34, Texture(s0, vTex0.x, vTex0.y).x, var5);
var36 = NormalizeY(var31, var32, var33);
var37 = Mix(var36, Texture(s0, vTex0.x, vTex0.y).x, var3);
var38 = NormalizeZ(var31, var32, var33);
var39 = Mix(var38, Texture(s0, vTex0.x, vTex0.y).x, var2);
var40 = NormalizeZ(var35, var37, var39);
var41 = Add(var40, 1.0);
var42 = Clamp(var41, 0.0, 1.0);
var43 = Fma(var42, -2.0, 3.0);
var44 = Mul(var42, var42);
var45 = Mul(var43, var44);
var46 = Negate(var40);
var47 = Fma(var40, var46, 1.0);
var48 = Sqrt(var47);
var49 = Mul(U_Mate.gMatSpec.w, 400.0);
var50 = Power(var48, var49);
var51 = Sub(Texture(s0, vTex0.x, vTex0.y).x, 0.5);
var52 = Negate(var51);
var53 = Fma(var5, var52, var34);
var54 = Fma(var3, var52, var36);
var55 = Mix(var38, Texture(s0, vTex0.x, vTex0.y).x, var14);
var56 = NormalizeZ(var53, var54, var55);
var57 = Add(var56, 1.0);
var58 = Clamp(var57, 0.0, 1.0);
var59 = Fma(var58, -2.0, 3.0);
var60 = Mul(var58, var58);
var61 = Mul(var59, var60);
var62 = Negate(var56);
var63 = Fma(var56, var62, 1.0);
var64 = Sqrt(var63);
var65 = Power(var64, var49);
var66 = Mul(var61, var65);
var67 = Fma(var45, var50, var66);
var68 = Mul(var67, 0.25);
var69 = Clamp(var68, 0.0, 1.0);
var70 = Mul(var69, U_Static.gLgtPreSpe[0].x);
var71 = Mul(var5, U_Static.gLgtPreDir[0].x);
var72 = Fma(var3, U_Static.gLgtPreDir[0].y, var71);
var73 = Fma(var2, U_Static.gLgtPreDir[0].z, var72);
var74 = Fma(var73, 0.6, 0.4);
var75 = Clamp(var74, 0.0, 1.0);
var76 = Mul(var70, var75);
var77 = Div(vPos.x, vPos.w);
var78 = Fma(var77, 0.5, 0.5);
var79 = Div(vPos.y, vPos.w);
var80 = Fma(var79, -0.5, 0.5);
var81 = Fma(Texture(texShadow, var78, var80).x, 0.75, 0.25);
var82 = Mul(var76, var81);
var83 = Fma(var5, 0.5, 0.5);
var84 = Fma(var3, 0.5, 0.5);
var85 = Sub(1.0, var84);
var86 = Mul(Texture(gIBL, var83, var85).x, U_Mate.gMatAmb.x);
var87 = Fma(var86, -0.5, Texture(texLgt, var78, var80).x);
var88 = Min(var87, 10.0);
var89 = Max(0.0, var88);
var90 = Clamp(var73, 0.0, 1.0);
var91 = Mul(Texture(texShadow, var78, var80).x, var90);
var92 = Fma(var73, 0.5, 0.5);
var93 = MulRatio(var91, var92, U_Static.gLgtPreCol[0].w);
var94 = Mul(var5, U_Static.gLgtPreDir[1].x);
var95 = Fma(var3, U_Static.gLgtPreDir[1].y, var94);
var96 = Fma(var2, U_Static.gLgtPreDir[1].z, var95);
var97 = Clamp(var96, 0.0, 1.0);
var98 = Mul(Texture(texShadow, var78, var80).x, var97);
var99 = MulRatio(var98, var81, U_Static.gLgtPreCol[0].w);
var100 = Mul(var99, U_Static.gLgtPreCol[1].x);
var101 = Fma(var93, U_Static.gLgtPreCol[0].x, var100);
var102 = Add(var101, var86);
var103 = Fma(var89, 2.0, var102);
var104 = Mix(U_Mate.gWrkCol[0].x, Texture(s0, vTex0.x, vTex0.y).x, U_Mate.gWrkFl4.x);
var105 = Mul(var104, vColor.x);
var106 = Max(0.0, var105);
var107 = Power(var106, U_Static.gCDep.w);
var108 = Mul(var103, var107);
var109 = Fma(var82, U_Mate.gMatSpec.x, var108);
var110 = Fma(var30, U_Static.gNewRimLgtPreDir.w, var109);
var111 = UintBitsToFloat(U_Bone.data);
var112 = Mul(var111, vPos.x);
var113 = Fma(var111, vPos.y, var112);
var114 = Fma(var111, vPos.z, var113);
var115 = Fma(var111, vPos.w, var114);
var116 = NormalizeZ(var115, var115, var115);
var117 = NormalizeY(var115, var115, var115);
var118 = NormalizeX(var115, var115, var115);
var119 = Mul(var118, U_FOG.gFogPa[1].x);
var120 = Fma(var117, U_FOG.gFogPa[1].y, var119);
var121 = Fma(var116, U_FOG.gFogPa[1].z, var120);
var122 = Clamp(var121, 0.0, 1.0);
var123 = Power(var122, U_FOG.gFogPa[4].w);
var124 = Mul(var118, U_FOG.gFogPa[0].x);
var125 = Fma(var117, U_FOG.gFogPa[0].y, var124);
var126 = Fma(var116, U_FOG.gFogPa[0].z, var125);
var127 = Abs(var126);
var128 = Sub(1.0, var127);
var129 = Clamp(var128, 0.0, 1.0);
var130 = Power(var129, U_FOG.gFogPa[3].w);
var131 = Sub(var130, 0.8);
var132 = Mul(var131, 5.0);
var133 = Clamp(var132, 0.0, 1.0);
var134 = MulRatio(var130, vp_c1.data[0].x, var133);
var135 = Fma(var134, U_FOG.gFogPa[3].x, U_FOG.gFogPa[2].x);
var136 = Fma(var123, U_FOG.gFogPa[4].x, var135);
var137 = Negate(U_FOG.gFogPa[5].x);
var138 = Sub(var137, var115);
var139 = Mul(var138, U_FOG.gFogPa[5].y);
var140 = Clamp(var139, 0.0, 1.0);
var141 = Power(var140, U_FOG.gFogPa[5].z);
var142 = Mul(var141, U_FOG.gFogPa[5].w);
var143 = Mul(var142, U_Mate.gWrkFl4.y);
var144 = Mix(var110, var136, var143);
o0.x = var144;

var0 = NormalizeZ(U_Static.gNewRimLgtPreDir.x, U_Static.gNewRimLgtPreDir.y, U_Static.gNewRimLgtPreDir.z);
var1 = NormalMapZ(Texture(s1, vTex0.x, vTex0.y).x, Texture(s1, vTex0.x, vTex0.y).y);
var2 = Abs(var1);
var3 = NormalMapY(Texture(s1, vTex0.x, vTex0.y).x, Texture(s1, vTex0.x, vTex0.y).y);
var4 = NormalizeY(U_Static.gNewRimLgtPreDir.x, U_Static.gNewRimLgtPreDir.y, U_Static.gNewRimLgtPreDir.z);
var5 = NormalMapX(Texture(s1, vTex0.x, vTex0.y).x, Texture(s1, vTex0.x, vTex0.y).y);
var6 = NormalizeX(U_Static.gNewRimLgtPreDir.x, U_Static.gNewRimLgtPreDir.y, U_Static.gNewRimLgtPreDir.z);
var7 = Mul(var5, var6);
var8 = Fma(var3, var4, var7);
var9 = Fma(var0, var2, var8);
var10 = Fma(var9, 0.5, 0.5);
var11 = Clamp(var10, 0.0, 1.0);
var12 = Power(var11, U_Mate.gWrkCol[1].x);
var13 = NormalizeZ(vPos.x, vPos.y, vPos.z);
var14 = Negate(var2);
var15 = NormalizeY(vPos.x, vPos.y, vPos.z);
var16 = Negate(var15);
var17 = NormalizeX(vPos.x, vPos.y, vPos.z);
var18 = Negate(var17);
var19 = Mul(var5, var18);
var20 = Fma(var3, var16, var19);
var21 = Fma(var13, var14, var20);
var22 = Abs(var21);
var23 = Sub(1.0, var22);
var24 = Clamp(var23, 0.0, 1.0);
var25 = Power(var24, U_Mate.gWrkCol[1].x);
var26 = Mul(var12, var25);
var27 = Mul(var26, U_Static.gNewRimLgtPreCol.y);
var28 = Mul(var27, U_Mate.gWrkCol[1].y);
var29 = Mul(var28, U_Mate.gWrkCol[2].y);
var30 = MulRatio(var29, U_Static.gNewRimLgtPreCol.w, var29);
var31 = NormalizeX(vBitan.x, vBitan.y, vBitan.z);
var32 = NormalizeY(vBitan.x, vBitan.y, vBitan.z);
var33 = NormalizeZ(vBitan.x, vBitan.y, vBitan.z);
var34 = NormalizeX(var31, var32, var33);
var35 = Mix(var34, Texture(s0, vTex0.x, vTex0.y).x, var5);
var36 = NormalizeY(var31, var32, var33);
var37 = Mix(var36, Texture(s0, vTex0.x, vTex0.y).x, var3);
var38 = NormalizeZ(var31, var32, var33);
var39 = Mix(var38, Texture(s0, vTex0.x, vTex0.y).x, var2);
var40 = NormalizeZ(var35, var37, var39);
var41 = Add(var40, 1.0);
var42 = Clamp(var41, 0.0, 1.0);
var43 = Fma(var42, -2.0, 3.0);
var44 = Mul(var42, var42);
var45 = Mul(var43, var44);
var46 = Negate(var40);
var47 = Fma(var40, var46, 1.0);
var48 = Sqrt(var47);
var49 = Mul(U_Mate.gMatSpec.w, 400.0);
var50 = Power(var48, var49);
var51 = Sub(Texture(s0, vTex0.x, vTex0.y).x, 0.5);
var52 = Negate(var51);
var53 = Fma(var5, var52, var34);
var54 = Fma(var3, var52, var36);
var55 = Mix(var38, Texture(s0, vTex0.x, vTex0.y).x, var14);
var56 = NormalizeZ(var53, var54, var55);
var57 = Add(var56, 1.0);
var58 = Clamp(var57, 0.0, 1.0);
var59 = Fma(var58, -2.0, 3.0);
var60 = Mul(var58, var58);
var61 = Mul(var59, var60);
var62 = Negate(var56);
var63 = Fma(var56, var62, 1.0);
var64 = Sqrt(var63);
var65 = Power(var64, var49);
var66 = Mul(var61, var65);
var67 = Fma(var45, var50, var66);
var68 = Mul(var67, 0.25);
var69 = Clamp(var68, 0.0, 1.0);
var70 = Mul(var69, U_Static.gLgtPreSpe[0].y);
var71 = Mul(var5, U_Static.gLgtPreDir[0].x);
var72 = Fma(var3, U_Static.gLgtPreDir[0].y, var71);
var73 = Fma(var2, U_Static.gLgtPreDir[0].z, var72);
var74 = Fma(var73, 0.6, 0.4);
var75 = Clamp(var74, 0.0, 1.0);
var76 = Mul(var70, var75);
var77 = Div(vPos.x, vPos.w);
var78 = Fma(var77, 0.5, 0.5);
var79 = Div(vPos.y, vPos.w);
var80 = Fma(var79, -0.5, 0.5);
var81 = Fma(Texture(texShadow, var78, var80).x, 0.75, 0.25);
var82 = Mul(var76, var81);
var83 = Fma(var5, 0.5, 0.5);
var84 = Fma(var3, 0.5, 0.5);
var85 = Sub(1.0, var84);
var86 = Mul(Texture(gIBL, var83, var85).y, U_Mate.gMatAmb.y);
var87 = Fma(var86, -0.5, Texture(texLgt, var78, var80).y);
var88 = Min(var87, 10.0);
var89 = Max(0.0, var88);
var90 = Clamp(var73, 0.0, 1.0);
var91 = Mul(Texture(texShadow, var78, var80).x, var90);
var92 = Fma(var73, 0.5, 0.5);
var93 = MulRatio(var91, var92, U_Static.gLgtPreCol[0].w);
var94 = Mul(var5, U_Static.gLgtPreDir[1].x);
var95 = Fma(var3, U_Static.gLgtPreDir[1].y, var94);
var96 = Fma(var2, U_Static.gLgtPreDir[1].z, var95);
var97 = Clamp(var96, 0.0, 1.0);
var98 = Mul(Texture(texShadow, var78, var80).x, var97);
var99 = MulRatio(var98, var81, U_Static.gLgtPreCol[0].w);
var100 = Mul(var99, U_Static.gLgtPreCol[1].y);
var101 = Fma(var93, U_Static.gLgtPreCol[0].y, var100);
var102 = Add(var101, var86);
var103 = Fma(var89, 2.0, var102);
var104 = Mix(U_Mate.gWrkCol[0].y, Texture(s0, vTex0.x, vTex0.y).y, U_Mate.gWrkFl4.x);
var105 = Mul(var104, vColor.y);
var106 = Max(0.0, var105);
var107 = Power(var106, U_Static.gCDep.w);
var108 = Mul(var103, var107);
var109 = Fma(var82, U_Mate.gMatSpec.y, var108);
var110 = Fma(var30, U_Static.gNewRimLgtPreDir.w, var109);
var111 = UintBitsToFloat(U_Bone.data);
var112 = Mul(var111, vPos.x);
var113 = Fma(var111, vPos.y, var112);
var114 = Fma(var111, vPos.z, var113);
var115 = Fma(var111, vPos.w, var114);
var116 = NormalizeZ(var115, var115, var115);
var117 = NormalizeY(var115, var115, var115);
var118 = NormalizeX(var115, var115, var115);
var119 = Mul(var118, U_FOG.gFogPa[1].x);
var120 = Fma(var117, U_FOG.gFogPa[1].y, var119);
var121 = Fma(var116, U_FOG.gFogPa[1].z, var120);
var122 = Clamp(var121, 0.0, 1.0);
var123 = Power(var122, U_FOG.gFogPa[4].w);
var124 = Mul(var118, U_FOG.gFogPa[0].x);
var125 = Fma(var117, U_FOG.gFogPa[0].y, var124);
var126 = Fma(var116, U_FOG.gFogPa[0].z, var125);
var127 = Abs(var126);
var128 = Sub(1.0, var127);
var129 = Clamp(var128, 0.0, 1.0);
var130 = Power(var129, U_FOG.gFogPa[3].w);
var131 = Sub(var130, 0.8);
var132 = Mul(var131, 5.0);
var133 = Clamp(var132, 0.0, 1.0);
var134 = MulRatio(var130, vp_c1.data[0].x, var133);
var135 = Fma(var134, U_FOG.gFogPa[3].y, U_FOG.gFogPa[2].y);
var136 = Fma(var123, U_FOG.gFogPa[4].y, var135);
var137 = Negate(U_FOG.gFogPa[5].x);
var138 = Sub(var137, var115);
var139 = Mul(var138, U_FOG.gFogPa[5].y);
var140 = Clamp(var139, 0.0, 1.0);
var141 = Power(var140, U_FOG.gFogPa[5].z);
var142 = Mul(var141, U_FOG.gFogPa[5].w);
var143 = Mul(var142, U_Mate.gWrkFl4.y);
var144 = Mix(var110, var136, var143);
o0.y = var144;

var0 = NormalizeZ(U_Static.gNewRimLgtPreDir.x, U_Static.gNewRimLgtPreDir.y, U_Static.gNewRimLgtPreDir.z);
var1 = NormalMapZ(Texture(s1, vTex0.x, vTex0.y).x, Texture(s1, vTex0.x, vTex0.y).y);
var2 = Abs(var1);
var3 = NormalMapY(Texture(s1, vTex0.x, vTex0.y).x, Texture(s1, vTex0.x, vTex0.y).y);
var4 = NormalizeY(U_Static.gNewRimLgtPreDir.x, U_Static.gNewRimLgtPreDir.y, U_Static.gNewRimLgtPreDir.z);
var5 = NormalMapX(Texture(s1, vTex0.x, vTex0.y).x, Texture(s1, vTex0.x, vTex0.y).y);
var6 = NormalizeX(U_Static.gNewRimLgtPreDir.x, U_Static.gNewRimLgtPreDir.y, U_Static.gNewRimLgtPreDir.z);
var7 = Mul(var5, var6);
var8 = Fma(var3, var4, var7);
var9 = Fma(var0, var2, var8);
var10 = Fma(var9, 0.5, 0.5);
var11 = Clamp(var10, 0.0, 1.0);
var12 = Power(var11, U_Mate.gWrkCol[1].x);
var13 = NormalizeZ(vPos.x, vPos.y, vPos.z);
var14 = Negate(var2);
var15 = NormalizeY(vPos.x, vPos.y, vPos.z);
var16 = Negate(var15);
var17 = NormalizeX(vPos.x, vPos.y, vPos.z);
var18 = Negate(var17);
var19 = Mul(var5, var18);
var20 = Fma(var3, var16, var19);
var21 = Fma(var13, var14, var20);
var22 = Abs(var21);
var23 = Sub(1.0, var22);
var24 = Clamp(var23, 0.0, 1.0);
var25 = Power(var24, U_Mate.gWrkCol[1].x);
var26 = Mul(var12, var25);
var27 = Mul(var26, U_Static.gNewRimLgtPreCol.z);
var28 = Mul(var27, U_Mate.gWrkCol[1].y);
var29 = Mul(var28, U_Mate.gWrkCol[2].z);
var30 = MulRatio(var29, U_Static.gNewRimLgtPreCol.w, var29);
var31 = NormalizeX(vBitan.x, vBitan.y, vBitan.z);
var32 = NormalizeY(vBitan.x, vBitan.y, vBitan.z);
var33 = NormalizeZ(vBitan.x, vBitan.y, vBitan.z);
var34 = NormalizeX(var31, var32, var33);
var35 = Mix(var34, Texture(s0, vTex0.x, vTex0.y).x, var5);
var36 = NormalizeY(var31, var32, var33);
var37 = Mix(var36, Texture(s0, vTex0.x, vTex0.y).x, var3);
var38 = NormalizeZ(var31, var32, var33);
var39 = Mix(var38, Texture(s0, vTex0.x, vTex0.y).x, var2);
var40 = NormalizeZ(var35, var37, var39);
var41 = Add(var40, 1.0);
var42 = Clamp(var41, 0.0, 1.0);
var43 = Fma(var42, -2.0, 3.0);
var44 = Mul(var42, var42);
var45 = Mul(var43, var44);
var46 = Negate(var40);
var47 = Fma(var40, var46, 1.0);
var48 = Sqrt(var47);
var49 = Mul(U_Mate.gMatSpec.w, 400.0);
var50 = Power(var48, var49);
var51 = Sub(Texture(s0, vTex0.x, vTex0.y).x, 0.5);
var52 = Negate(var51);
var53 = Fma(var5, var52, var34);
var54 = Fma(var3, var52, var36);
var55 = Mix(var38, Texture(s0, vTex0.x, vTex0.y).x, var14);
var56 = NormalizeZ(var53, var54, var55);
var57 = Add(var56, 1.0);
var58 = Clamp(var57, 0.0, 1.0);
var59 = Fma(var58, -2.0, 3.0);
var60 = Mul(var58, var58);
var61 = Mul(var59, var60);
var62 = Negate(var56);
var63 = Fma(var56, var62, 1.0);
var64 = Sqrt(var63);
var65 = Power(var64, var49);
var66 = Mul(var61, var65);
var67 = Fma(var45, var50, var66);
var68 = Mul(var67, 0.25);
var69 = Clamp(var68, 0.0, 1.0);
var70 = Mul(var69, U_Static.gLgtPreSpe[0].z);
var71 = Mul(var5, U_Static.gLgtPreDir[0].x);
var72 = Fma(var3, U_Static.gLgtPreDir[0].y, var71);
var73 = Fma(var2, U_Static.gLgtPreDir[0].z, var72);
var74 = Fma(var73, 0.6, 0.4);
var75 = Clamp(var74, 0.0, 1.0);
var76 = Mul(var70, var75);
var77 = Div(vPos.x, vPos.w);
var78 = Fma(var77, 0.5, 0.5);
var79 = Div(vPos.y, vPos.w);
var80 = Fma(var79, -0.5, 0.5);
var81 = Fma(Texture(texShadow, var78, var80).x, 0.75, 0.25);
var82 = Mul(var76, var81);
var83 = Fma(var5, 0.5, 0.5);
var84 = Fma(var3, 0.5, 0.5);
var85 = Sub(1.0, var84);
var86 = Mul(Texture(gIBL, var83, var85).z, U_Mate.gMatAmb.z);
var87 = Fma(var86, -0.5, Texture(texLgt, var78, var80).z);
var88 = Min(var87, 10.0);
var89 = Max(0.0, var88);
var90 = Clamp(var73, 0.0, 1.0);
var91 = Mul(Texture(texShadow, var78, var80).x, var90);
var92 = Fma(var73, 0.5, 0.5);
var93 = MulRatio(var91, var92, U_Static.gLgtPreCol[0].w);
var94 = Mul(var5, U_Static.gLgtPreDir[1].x);
var95 = Fma(var3, U_Static.gLgtPreDir[1].y, var94);
var96 = Fma(var2, U_Static.gLgtPreDir[1].z, var95);
var97 = Clamp(var96, 0.0, 1.0);
var98 = Mul(Texture(texShadow, var78, var80).x, var97);
var99 = MulRatio(var98, var81, U_Static.gLgtPreCol[0].w);
var100 = Mul(var99, U_Static.gLgtPreCol[1].z);
var101 = Fma(var93, U_Static.gLgtPreCol[0].z, var100);
var102 = Add(var101, var86);
var103 = Fma(var89, 2.0, var102);
var104 = Mix(U_Mate.gWrkCol[0].z, Texture(s0, vTex0.x, vTex0.y).z, U_Mate.gWrkFl4.x);
var105 = Mul(var104, vColor.z);
var106 = Max(0.0, var105);
var107 = Power(var106, U_Static.gCDep.w);
var108 = Mul(var103, var107);
var109 = Fma(var82, U_Mate.gMatSpec.z, var108);
var110 = Fma(var30, U_Static.gNewRimLgtPreDir.w, var109);
var111 = UintBitsToFloat(U_Bone.data);
var112 = Mul(var111, vPos.x);
var113 = Fma(var111, vPos.y, var112);
var114 = Fma(var111, vPos.z, var113);
var115 = Fma(var111, vPos.w, var114);
var116 = NormalizeZ(var115, var115, var115);
var117 = NormalizeY(var115, var115, var115);
var118 = NormalizeX(var115, var115, var115);
var119 = Mul(var118, U_FOG.gFogPa[1].x);
var120 = Fma(var117, U_FOG.gFogPa[1].y, var119);
var121 = Fma(var116, U_FOG.gFogPa[1].z, var120);
var122 = Clamp(var121, 0.0, 1.0);
var123 = Power(var122, U_FOG.gFogPa[4].w);
var124 = Mul(var118, U_FOG.gFogPa[0].x);
var125 = Fma(var117, U_FOG.gFogPa[0].y, var124);
var126 = Fma(var116, U_FOG.gFogPa[0].z, var125);
var127 = Abs(var126);
var128 = Sub(1.0, var127);
var129 = Clamp(var128, 0.0, 1.0);
var130 = Power(var129, U_FOG.gFogPa[3].w);
var131 = Sub(var130, 0.8);
var132 = Mul(var131, 5.0);
var133 = Clamp(var132, 0.0, 1.0);
var134 = MulRatio(var130, vp_c1.data[0].x, var133);
var135 = Fma(var134, U_FOG.gFogPa[3].z, U_FOG.gFogPa[2].z);
var136 = Fma(var123, U_FOG.gFogPa[4].z, var135);
var137 = Negate(U_FOG.gFogPa[5].x);
var138 = Sub(var137, var115);
var139 = Mul(var138, U_FOG.gFogPa[5].y);
var140 = Clamp(var139, 0.0, 1.0);
var141 = Power(var140, U_FOG.gFogPa[5].z);
var142 = Mul(var141, U_FOG.gFogPa[5].w);
var143 = Mul(var142, U_Mate.gWrkFl4.y);
var144 = Mix(var110, var136, var143);
o0.z = var144;

var0 = Mul(Texture(s0, vTex0.x, vTex0.y).w, vColor.w);
var1 = Mul(var0, U_Mate.gAlInf.z);
var2 = Sub(2.0, U_Mate.gAlInf.y);
var3 = Mul(var1, var2);
var4 = Clamp(var3, 0.0, 1.0);
o0.w = var4;
