---
source: xc3_shader/src/graph/latte.rs
---
PS0 = 1.0 / R3.w;
PV1.y = R3.y * PS0;
PV1.z = R3.x * PS0;
PV2.z = -PV1.y;
PV2.z = PV2.z / 2.0;
PV2.w = PV1.z;
PV2.w = PV2.w / 2.0;
R10.x = PV2.w + 0.5;
R10.y = PV2.z + 0.5;
R9.x = texture(t4, vec2(R10.x, R10.y)).x;
R9.y = texture(t4, vec2(R10.x, R10.y)).y;
R9.z = texture(t4, vec2(R10.x, R10.y)).z;
temp5 = dot(vec4(R9.x, R9.y, R9.z, -0.0), vec4(0.125, 31.875, 8128.125, -0.0));
PV5.x = temp5;
PV5.y = temp5;
PV5.z = temp5;
PV5.w = temp5;
PV6.w = -R3.z + PV5.x;
PV7.z = max(PV6.w, -PV6.w);
PV8.y = PV7.z * 25.0;
PV9.x = floor(PV8.y);
R0.w = -PV9.x + 1.0;
R0.w = clamp(R0.w, -0.0, 1.0);
R3.x = texture(t3, vec2(R7.x, R7.y)).z;
R9.x = texture(t5, vec2(R10.x, R10.y)).x;
R9.y = texture(t5, vec2(R10.x, R10.y)).y;
R9.z = texture(t5, vec2(R10.x, R10.y)).z;
R10_backup.x = R10.x;
R10_backup.y = R10.y;
R10.x = texture(t6, vec2(R10_backup.x, R10_backup.y)).x;
R10.y = texture(t6, vec2(R10_backup.x, R10_backup.y)).x;
R10.z = texture(t6, vec2(R10_backup.x, R10_backup.y)).x;
R9.w = texture(t1, vec2(R8.x, R8.y)).w;
temp17 = dot(vec4(R5.x, R5.y, R5.z, -0.0), vec4(R5.x, R5.y, R5.z, -0.0));
PV17.x = temp17;
PV17.y = temp17;
PV17.z = temp17;
PV17.w = temp17;
R127.z = max(CB1[29].x, 0.4);
temp18 = dot(vec4(R6.x, R6.y, R6.z, -0.0), vec4(R6.x, R6.y, R6.z, -0.0));
PV18.x = temp18;
PV18.y = temp18;
PV18.z = temp18;
PV18.w = temp18;
PS18 = inversesqrt(PV17.x);
R127.x = R5.x * PS18;
R127.y = R5.y * PS18;
R126.z = R5.z * PS18;
R127.w = max(CB1[29].y, 0.4);
PS19 = inversesqrt(PV18.x);
R127_backup.z = R127.z;
R6.x = R6.x * PS19;
PV20.x = R6.x;
R6.y = R6.y * PS19;
PV20.y = R6.y;
R127.z = R6.z * PS19;
PV20.z = R127.z;
R126.w = max(CB1[29].z, 0.4);
R0.w = min(R127_backup.z, 100.0);
temp21 = dot(vec4(R127.x, R127.y, R126.z, -0.0), vec4(PV20.x, PV20.y, PV20.z, -0.0));
PV21.x = temp21;
PV21.y = temp21;
PV21.z = temp21;
PV21.w = temp21;
R125.z = PV20.x;
R125.z = R125.z * 2.0;
R125.x = R6.y;
R125.x = R125.x * 2.0;
PV22.y = R6.y + 1.0;
PV22.y = PV22.y / 2.0;
R6.z = R6.x + 1.0;
R6.z = R6.z / 2.0;
PV22.w = PV21.x + PV21.x;
R124.z = -R6.y;
R124.z = R124.z * 2.0;
R127_backup.z = R127.z;
R127.x = fma(-PV22.w, R6.x, R127.x);
R127.y = fma(-PV22.w, R6.y, R127.y);
R127.z = fma(-PV22.w, R127_backup.z, R126.z);
R6.w = -PV22.y + 1.0;
R5.z = max(R127_backup.z, -R127_backup.z);
temp24 = dot(vec4(R4.x, R4.y, R4.z, -0.0), vec4(R4.x, R4.y, R4.z, -0.0));
PV24.x = temp24;
PV24.y = temp24;
PV24.z = temp24;
PV24.w = temp24;
R11.z = min(R127.w, 100.0);
temp25 = dot(vec4(CB1[11].x, CB1[11].y, CB1[11].z, -0.0), vec4(R127.x, R127.y, R127.z, -0.0));
R126.x = temp25;
PV25.y = temp25;
PV25.z = temp25;
PV25.w = temp25;
R127.w = inversesqrt(PV24.x);
PS25 = R127.w;
temp26 = dot(vec4(CB1[12].x, CB1[12].y, CB1[12].z, -0.0), vec4(R127.x, R127.y, R127.z, -0.0));
PV26.x = temp26;
R125.y = temp26;
PV26.z = temp26;
PV26.w = temp26;
R126.y = R4.x * PS25;
temp27 = dot(vec4(CB1[13].x, CB1[13].y, CB1[13].z, -0.0), vec4(R127.x, R127.y, R127.z, -0.0));
PV27.x = temp27;
PV27.y = temp27;
R127.z = temp27;
PV27.w = temp27;
R127.x = R4.y * R127.w;
temp28 = dot(vec4(R0.x, R0.y, R0.z, -0.0), vec4(R0.x, R0.y, R0.z, -0.0));
PV28.x = temp28;
PV28.y = temp28;
PV28.z = temp28;
PV28.w = temp28;
R127.y = R126.y * R125.z;
temp29 = dot(vec4(R126.x, R125.y, R127.z, -0.0), vec4(R126.x, R125.y, R127.z, -0.0));
PV29.x = temp29;
PV29.y = temp29;
PV29.z = temp29;
PV29.w = temp29;
PS29 = inversesqrt(PV28.x);
R127_backup.x = R127.x;
R127.x = R0.y * PS29;
PV30.x = R127.x;
R126.y = R0.x * PS29;
PV30.y = R126.y;
R125.z = R127_backup.x * R125.z;
PV30.z = R125.z;
R5.w = min(R126.w, 100.0);
PS30 = inversesqrt(PV29.x);
PV31.x = R126.x * PS30;
PV31.y = R125.y * PS30;
PV31.z = R127.z * PS30;
R123.w = fma(PV30.y, R125.x, R127.y);
PV31.w = R123.w;
R126.w = fma(PV30.x, R125.x, PV30.z);
R4.x = cube(PV31.z, PV31.y);
R4.y = cube(PV31.z, PV31.x);
R4.z = cube(PV31.x, PV31.z);
PV32.z = R4.z;
R4.w = cube(PV31.y, PV31.z);
PS32 = PV31.w * 0.35;
R0.x = fma(R3.x, PS32, R7.z);
R123.y = fma(R126.y, R124.z, R127.y);
R123.y = R123.y * 2.0;
PV33.y = R123.y;
R123.z = fma(R127.x, R124.z, R125.z);
R123.z = R123.z * 2.0;
PV33.z = R123.z;
PV33.w = R126.w * -0.35;
PS33 = 1.0 / abs(PV32.z);
R4.x = fma(R4.x, PS33, 1.5);
R0.y = fma(R3.x, PV33.w, R7.w);
R7.z = fma(CB2[10].w, PV33.y, R8.z);
R7.w = fma(CB2[10].w, PV33.z, R8.w);
R4.y = fma(R4.y, PS33, 1.5);
R0_backup.x = R0.x;
R0_backup.y = R0.y;
R0.x = texture(t1, vec2(R0_backup.x, R0_backup.y)).x;
R0.y = texture(t1, vec2(R0_backup.x, R0_backup.y)).y;
R0.z = texture(t1, vec2(R0_backup.x, R0_backup.y)).z;
R4_backup.y = R4.y;
R4_backup.x = R4.x;
R4.x = texture(t2, vec2(R4_backup.y, R4_backup.x)).x;
R4.y = texture(t2, vec2(R4_backup.y, R4_backup.x)).y;
R4.z = texture(t2, vec2(R4_backup.y, R4_backup.x)).z;
R3.x = texture(t0, vec2(R6.z, R6.w)).x;
R3.y = texture(t0, vec2(R6.z, R6.w)).y;
R3.z = texture(t0, vec2(R6.z, R6.w)).z;
R3.w = texture(t0, vec2(R6.z, R6.w)).w;
R7_backup.z = R7.z;
R7_backup.w = R7.w;
R7.x = texture(t3, vec2(R7_backup.z, R7_backup.w)).y;
R7.y = texture(t3, vec2(R7_backup.z, R7_backup.w)).y;
R7.z = texture(t3, vec2(R7_backup.z, R7_backup.w)).y;
PV39.x = -R0.y + R4.y;
PV39.y = -R0.x + R4.x;
PV39.z = -R0.z + R4.z;
R126.w = CB2[9].x * R3.x;
PV39.w = R126.w;
R127.y = CB2[9].y * R3.y;
R123.x = fma(PV39.x, CB2[8].x, R0.y);
PV40.x = R123.x;
R123.y = fma(PV39.y, CB2[8].x, R0.x);
PV40.y = R123.y;
R125.z = CB2[9].z * R3.z;
PV40.z = R125.z;
R123.w = fma(PV39.z, CB2[8].x, R0.z);
PV40.w = R123.w;
R124.y = PV39.w + -0.0;
R127.x = R1.y * PV40.x;
R126.y = R1.x * PV40.y;
R124.z = R127.y + -0.0;
R125.w = R1.z * PV40.w;
R127.w = PV40.z + -0.0;
temp42 = dot(vec4(R6.x, R6.y, R5.z, -0.0), vec4(CB1[25].x, CB1[25].y, CB1[25].z, -0.0));
temp42 = clamp(temp42, -0.0, 1.0);
PV42.x = temp42;
R125.y = temp42;
PV42.z = temp42;
PV42.w = temp42;
R0.y = fma(-R126.w, 0.5, R9.x);
R127_backup.y = R127.y;
temp43 = dot(vec4(R6.x, R6.y, R5.z, -0.0), vec4(CB1[26].x, CB1[26].y, CB1[26].z, -0.0));
temp43 = clamp(temp43, -0.0, 1.0);
PV43.x = temp43;
R127.y = temp43;
PV43.z = temp43;
PV43.w = temp43;
R126.x = fma(-R127_backup.y, 0.5, R9.y);
R125_backup.y = R125.y;
R125_backup.z = R125.z;
R125.x = R125_backup.y * CB1[27].x;
R125.y = R125_backup.y * CB1[27].y;
R125.z = R125_backup.y * CB1[27].z;
R126.w = fma(-R125_backup.z, 0.5, R9.z);
R126.y = log2(R126.y);
R124_backup.z = R124.z;
R127_backup.x = R127.x;
R127_backup.y = R127.y;
R127.x = fma(R127_backup.y, CB1[28].x, R124.y);
R127.y = max(R0.y, -0.0);
R124.z = fma(R127_backup.y, CB1[28].z, R127.w);
R127.w = fma(R127_backup.y, CB1[28].y, R124_backup.z);
PS45 = log2(R127_backup.x);
R126_backup.x = R126.x;
R126_backup.y = R126.y;
R126.x = max(R126.w, -0.0);
R126.y = max(R126_backup.x, -0.0);
R127.z = CB1[23].w * R126_backup.y;
R126.w = CB1[23].w * PS45;
PS46 = log2(R125.w);
R125_backup.z = R125.z;
R127_backup.x = R127.x;
R127.x = fma(R10.y, R125.y, R127.w);
R125.y = fma(R10.x, R125.x, R127_backup.x);
R125.z = CB1[23].w * PS46;
R127.w = fma(R10.z, R125_backup.z, R124.z);
PS47 = CB2[9].w * R3.w;
R126_backup.x = R126.x;
R126.x = PS47 + -0.0;
PV48.y = min(R126_backup.x, 10.0);
PV48.y = PV48.y * 2.0;
PV48.z = min(R126.y, 10.0);
PV48.z = PV48.z * 2.0;
PV48.w = min(R127.y, 10.0);
PV48.w = PV48.w * 2.0;
PS48 = exp2(R127.z);
R127_backup.x = R127.x;
R127.x = R125.y + PV48.w;
R125.y = PS48;
R127.z = R127.w + PV48.y;
R127.w = R127_backup.x + PV48.z;
PS49 = exp2(R126.w);
R125_backup.z = R125.z;
R126_backup.x = R126.x;
R126.x = fma(R7.x, R0.w, R126_backup.x);
R127.y = fma(R7.y, R11.z, R126_backup.x);
R125.z = fma(R7.z, R5.w, R126_backup.x);
PV50.w = PS49;
PS50 = exp2(R125_backup.z);
PV51.x = R127.w * PV50.w;
PV51.y = R127.x * R125.y;
PV51.z = PS50;
PV51.w = CB2[11].z;
R124.z = R1.w * R9.w;
R126_backup.x = R126.x;
R126.x = fma(CB2[10].y, R127.y, PV51.x);
PV52.x = R126.x;
R127.y = fma(CB2[10].x, R126_backup.x, PV51.y);
PV52.y = R127.y;
PV52.z = PV51.w + -0.0;
PV52.w = R127.z * PV51.z;
PV53.x = R2.x + -PV52.y;
PV53.y = R2.y + -PV52.x;
PV53.z = PV52.z * R124.z;
R127.w = fma(CB2[10].z, R125.z, PV52.w);
PV53.w = R127.w;
PV54.x = R2.z + -PV53.w;
R1.y = fma(PV53.y, R2.w, R126.x);
R1.w = PV53.z;
R1.x = fma(PV53.x, R2.w, R127.y);
R1.z = fma(PV54.x, R2.w, R127.w);
PIX0.x = R1.x;
PIX0.y = R1.y;
PIX0.z = R1.z;
PIX0.w = R1.w;
